Component: ARM Compiler 5.06 update 7 (build 960) Tool: armlink [4d3601]

==============================================================================

Section Cross References

    startup_stm32f103xe.o(STACK) refers (Special) to heapauxi.o(.text) for __use_two_region_memory
    startup_stm32f103xe.o(HEAP) refers (Special) to heapauxi.o(.text) for __use_two_region_memory
    startup_stm32f103xe.o(RESET) refers (Special) to heapauxi.o(.text) for __use_two_region_memory
    startup_stm32f103xe.o(RESET) refers to startup_stm32f103xe.o(STACK) for __initial_sp
    startup_stm32f103xe.o(RESET) refers to startup_stm32f103xe.o(.text) for Reset_Handler
    startup_stm32f103xe.o(RESET) refers to stm32f1xx_it.o(i.NMI_Handler) for NMI_Handler
    startup_stm32f103xe.o(RESET) refers to stm32f1xx_it.o(i.HardFault_Handler) for HardFault_Handler
    startup_stm32f103xe.o(RESET) refers to stm32f1xx_it.o(i.MemManage_Handler) for MemManage_Handler
    startup_stm32f103xe.o(RESET) refers to stm32f1xx_it.o(i.BusFault_Handler) for BusFault_Handler
    startup_stm32f103xe.o(RESET) refers to stm32f1xx_it.o(i.UsageFault_Handler) for UsageFault_Handler
    startup_stm32f103xe.o(RESET) refers to port.o(.emb_text) for SVC_Handler
    startup_stm32f103xe.o(RESET) refers to stm32f1xx_it.o(i.DebugMon_Handler) for DebugMon_Handler
    startup_stm32f103xe.o(RESET) refers to delay.o(i.SysTick_Handler) for SysTick_Handler
    startup_stm32f103xe.o(RESET) refers to dma.o(i.DMA1_Channel4_IRQHandler) for DMA1_Channel4_IRQHandler
    startup_stm32f103xe.o(RESET) refers to usart.o(i.USART1_IRQHandler) for USART1_IRQHandler
    startup_stm32f103xe.o(RESET) refers to btim.o(i.TIM6_IRQHandler) for TIM6_IRQHandler
    startup_stm32f103xe.o(.text) refers (Special) to heapauxi.o(.text) for __use_two_region_memory
    startup_stm32f103xe.o(.text) refers to system_stm32f1xx.o(i.SystemInit) for SystemInit
    startup_stm32f103xe.o(.text) refers to __main.o(!!!main) for __main
    startup_stm32f103xe.o(.text) refers to startup_stm32f103xe.o(HEAP) for Heap_Mem
    startup_stm32f103xe.o(.text) refers to startup_stm32f103xe.o(STACK) for Stack_Mem
    main.o(i.main) refers to stm32f1xx_hal.o(i.HAL_Init) for HAL_Init
    main.o(i.main) refers to sys.o(i.sys_stm32_clock_init) for sys_stm32_clock_init
    main.o(i.main) refers to delay.o(i.delay_init) for delay_init
    main.o(i.main) refers to usart.o(i.usart_init) for usart_init
    main.o(i.main) refers to dma.o(i.dma_init) for dma_init
    main.o(i.main) refers to led.o(i.led_init) for led_init
    main.o(i.main) refers to lcd.o(i.lcd_init) for lcd_init
    main.o(i.main) refers to key.o(i.key_init) for key_init
    main.o(i.main) refers to lsens.o(i.Lsens_init) for Lsens_init
    main.o(i.main) refers to exfuns.o(i.exfuns_init) for exfuns_init
    main.o(i.main) refers to malloc.o(i.my_mem_init) for my_mem_init
    main.o(i.main) refers to freertos_app.o(i.freertos_app) for freertos_app
    system_stm32f1xx.o(i.SystemCoreClockUpdate) refers to system_stm32f1xx.o(.data) for SystemCoreClock
    system_stm32f1xx.o(i.SystemCoreClockUpdate) refers to system_stm32f1xx.o(.constdata) for AHBPrescTable
    freertos_app.o(i.debug_task) refers to debug_app.o(i.debug_run) for debug_run
    freertos_app.o(i.debug_task) refers to tasks.o(i.vTaskDelay) for vTaskDelay
    freertos_app.o(i.freertos_app) refers to tasks.o(i.xTaskCreate) for xTaskCreate
    freertos_app.o(i.freertos_app) refers to tasks.o(i.vTaskStartScheduler) for vTaskStartScheduler
    freertos_app.o(i.freertos_app) refers to freertos_app.o(.data) for StartTask_Handler
    freertos_app.o(i.freertos_app) refers to freertos_app.o(i.start_task) for start_task
    freertos_app.o(i.gui_task) refers to gui_app.o(i.gui_run) for gui_run
    freertos_app.o(i.gui_task) refers to tasks.o(i.vTaskDelay) for vTaskDelay
    freertos_app.o(i.led_task) refers to led_app.o(i.led_run) for led_run
    freertos_app.o(i.led_task) refers to tasks.o(i.vTaskDelay) for vTaskDelay
    freertos_app.o(i.lsens_cmd_task) refers to lsens_app.o(i.lsens_run) for lsens_run
    freertos_app.o(i.lsens_cmd_task) refers to tasks.o(i.vTaskDelay) for vTaskDelay
    freertos_app.o(i.pc_cmd_task) refers to pc_cmd_app.o(i.pc_cmd_run) for pc_cmd_run
    freertos_app.o(i.pc_cmd_task) refers to tasks.o(i.vTaskDelay) for vTaskDelay
    freertos_app.o(i.run_log_task) refers to run_log_app.o(i.run_log_run) for run_log_run
    freertos_app.o(i.run_log_task) refers to tasks.o(i.vTaskDelay) for vTaskDelay
    freertos_app.o(i.start_task) refers to port.o(i.vPortEnterCritical) for vPortEnterCritical
    freertos_app.o(i.start_task) refers to tasks.o(i.xTaskCreate) for xTaskCreate
    freertos_app.o(i.start_task) refers to tasks.o(i.vTaskDelete) for vTaskDelete
    freertos_app.o(i.start_task) refers to port.o(i.vPortExitCritical) for vPortExitCritical
    freertos_app.o(i.start_task) refers to freertos_app.o(.data) for LED_Task_Handler
[...]
    TIM6_IRQHandler                          0x08005abd   Thumb Code    10  btim.o(i.TIM6_IRQHandler)
    USART1_IRQHandler                        0x08005dc5   Thumb Code    10  usart.o(i.USART1_IRQHandler)
    UsageFault_Handler                       0x08005dd5   Thumb Code     4  stm32f1xx_it.o(i.UsageFault_Handler)
    __ARM_fpclassify                         0x08005dd9   Thumb Code    40  fpclassify.o(i.__ARM_fpclassify)
    __kernel_poly                            0x08005e39   Thumb Code   170  poly.o(i.__kernel_poly)
    __mathlib_dbl_divzero                    0x08005ee5   Thumb Code    12  dunder.o(i.__mathlib_dbl_divzero)
    __mathlib_dbl_infnan2                    0x08005ef5   Thumb Code     4  dunder.o(i.__mathlib_dbl_infnan2)
    __mathlib_dbl_invalid                    0x08005ef9   Thumb Code    12  dunder.o(i.__mathlib_dbl_invalid)
    __mathlib_dbl_overflow                   0x08005f05   Thumb Code    14  dunder.o(i.__mathlib_dbl_overflow)
    __mathlib_dbl_underflow                  0x08005f15   Thumb Code    10  dunder.o(i.__mathlib_dbl_underflow)
    _is_digit                                0x08005f25   Thumb Code    14  __printf_wp.o(i._is_digit)
    _sys_exit                                0x08005f33   Thumb Code     4  usart.o(i._sys_exit)
    debug_run                                0x080062e1   Thumb Code   100  debug_app.o(i.debug_run)
    debug_task                               0x0800638d   Thumb Code    16  freertos_app.o(i.debug_task)
    delay_init                               0x0800639d   Thumb Code    74  delay.o(i.delay_init)
    delay_ms                                 0x080063ed   Thumb Code    24  delay.o(i.delay_ms)
    delay_us                                 0x08006405   Thumb Code    68  delay.o(i.delay_us)
    disk_initialize                          0x0800671d   Thumb Code    40  diskio.o(i.disk_initialize)
    disk_ioctl                               0x08006745   Thumb Code   176  diskio.o(i.disk_ioctl)
    disk_read                                0x080067f9   Thumb Code    90  diskio.o(i.disk_read)
    disk_status                              0x08006853   Thumb Code     6  diskio.o(i.disk_status)
    disk_write                               0x08006859   Thumb Code    98  diskio.o(i.disk_write)
    dma_init                                 0x080068bd   Thumb Code   138  dma.o(i.dma_init)
    exfuns_init                              0x08006959   Thumb Code    60  exfuns.o(i.exfuns_init)
    f_close                                  0x08006999   Thumb Code    34  ff.o(i.f_close)
    f_lseek                                  0x080069bb   Thumb Code   388  ff.o(i.f_lseek)
    f_mount                                  0x08006b41   Thumb Code    90  ff.o(i.f_mount)
    f_open                                   0x08006ba1   Thumb Code   494  ff.o(i.f_open)
    f_read                                   0x08006d8f   Thumb Code   420  ff.o(i.f_read)
    f_sync                                   0x08006f33   Thumb Code   162  ff.o(i.f_sync)
    f_write                                  0x08006fd5   Thumb Code   478  ff.o(i.f_write)
    fputc                                    0x080072c9   Thumb Code    24  usart.o(i.fputc)
    freertos_app                             0x080072e5   Thumb Code    28  freertos_app.o(i.freertos_app)
    get_fattime                              0x080073f5   Thumb Code     4  diskio.o(i.get_fattime)
    get_sd_card_state                        0x0800744d   Thumb Code    20  sdio_sdcard.o(i.get_sd_card_state)
    gui_run                                  0x08007465   Thumb Code    72  gui_app.o(i.gui_run)
    gui_task                                 0x080074c1   Thumb Code    16  freertos_app.o(i.gui_task)
    key_init                                 0x080074d1   Thumb Code   172  key.o(i.key_init)
    lcd_clear                                0x08007589   Thumb Code    42  lcd.o(i.lcd_clear)
    lcd_display_dir                          0x080075bd   Thumb Code   242  lcd.o(i.lcd_display_dir)
    lcd_draw_point                           0x080076b5   Thumb Code    26  lcd.o(i.lcd_draw_point)
    lcd_ex_ili9341_reginit                   0x080076d5   Thumb Code   556  lcd.o(i.lcd_ex_ili9341_reginit)
    lcd_ex_nt35310_reginit                   0x08007901   Thumb Code  3826  lcd.o(i.lcd_ex_nt35310_reginit)
    lcd_ex_st7796_reginit                    0x080087f3   Thumb Code   454  lcd.o(i.lcd_ex_st7796_reginit)
    lcd_init                                 0x080089b9   Thumb Code   980  lcd.o(i.lcd_init)
    lcd_scan_dir                             0x08008dd9   Thumb Code   568  lcd.o(i.lcd_scan_dir)
    lcd_set_cursor                           0x08009015   Thumb Code   282  lcd.o(i.lcd_set_cursor)
    lcd_show_char                            0x08009135   Thumb Code   280  lcd.o(i.lcd_show_char)
    lcd_show_string                          0x08009261   Thumb Code   106  lcd.o(i.lcd_show_string)
    lcd_wr_data                              0x080092cd   Thumb Code    18  lcd.o(i.lcd_wr_data)
    lcd_wr_regno                             0x080092e5   Thumb Code    18  lcd.o(i.lcd_wr_regno)
    lcd_write_ram_prepare                    0x080092fd   Thumb Code    10  lcd.o(i.lcd_write_ram_prepare)
    lcd_write_reg                            0x08009311   Thumb Code    10  lcd.o(i.lcd_write_reg)
    led_get_status                           0x0800936d   Thumb Code    18  led_app.o(i.led_get_status)
    led_init                                 0x08009385   Thumb Code   124  led.o(i.led_init)
    led_off                                  0x0800940d   Thumb Code    42  led.o(i.led_off)
    led_on                                   0x08009441   Thumb Code    42  led.o(i.led_on)
    led_run                                  0x08009475   Thumb Code    36  led_app.o(i.led_run)
    led_task                                 0x0800949d   Thumb Code    16  freertos_app.o(i.led_task)
    lsens_cmd_task                           0x080094ad   Thumb Code    16  freertos_app.o(i.lsens_cmd_task)
    lsens_off                                0x080094bd   Thumb Code     8  lsens_app.o(i.lsens_off)
    lsens_run                                0x080094c9   Thumb Code    50  lsens_app.o(i.lsens_run)
    main                                     0x08009501   Thumb Code    68  main.o(i.main)
    my_mem_init                              0x08009821   Thumb Code    38  malloc.o(i.my_mem_init)
    my_mem_perused                           0x080098f9   Thumb Code    56  malloc.o(i.my_mem_perused)
    my_mem_set                               0x08009939   Thumb Code    20  malloc.o(i.my_mem_set)
    my_printf                                0x0800994d   Thumb Code    66  usart.o(i.my_printf)
    mymalloc                                 0x0800999d   Thumb Code    34  malloc.o(i.mymalloc)
    pc_cmd_return                            0x080099c5   Thumb Code     2  pc_cmd_app.o(i.pc_cmd_return)
    pc_cmd_run                               0x080099c7   Thumb Code    66  pc_cmd_app.o(i.pc_cmd_run)
    pc_cmd_task                              0x08009a09   Thumb Code    16  freertos_app.o(i.pc_cmd_task)
    pow                                      0x08009a19   Thumb Code  2512  pow.o(i.pow)
    pvPortMalloc                             0x0800b065   Thumb Code   306  heap_4.o(i.pvPortMalloc)
    pxPortInitialiseStack                    0x0800b1f9   Thumb Code    30  port.o(i.pxPortInitialiseStack)
    return_usart_receive_callback            0x0800b2b9   Thumb Code    14  usart.o(i.return_usart_receive_callback)
    run_log_run                              0x0800b2cd   Thumb Code    62  run_log_app.o(i.run_log_run)
    run_log_task                             0x0800b311   Thumb Code    16  freertos_app.o(i.run_log_task)
    scan_sd_card                             0x0800b321   Thumb Code    50  run_log_app.o(i.scan_sd_card)
    sd_init                                  0x0800b39d   Thumb Code    48  sdio_sdcard.o(i.sd_init)
    sd_read_disk                             0x0800b3d5   Thumb Code    78  sdio_sdcard.o(i.sd_read_disk)
    sd_write_disk                            0x0800b429   Thumb Code    82  sdio_sdcard.o(i.sd_write_disk)
    sqrt                                     0x0800b481   Thumb Code    76  sqrt.o(i.sqrt)
    start_task                               0x0800b515   Thumb Code   144  freertos_app.o(i.start_task)
    sys_stm32_clock_init                     0x0800b703   Thumb Code    86  sys.o(i.sys_stm32_clock_init)
    usart_check_sum                          0x0800b759   Thumb Code    28  usart.o(i.usart_check_sum)
    usart_init                               0x0800b775   Thumb Code    44  usart.o(i.usart_init)
    usart_receive_complete                   0x0800b7ad   Thumb Code   126  usart.o(i.usart_receive_complete)
    uxListRemove                             0x0800b839   Thumb Code    40  list.o(i.uxListRemove)
    vListInitialise                          0x0800b861   Thumb Code    26  list.o(i.vListInitialise)
    vListInitialiseItem                      0x0800b87b   Thumb Code     6  list.o(i.vListInitialiseItem)
    vListInsert                              0x0800b881   Thumb Code    52  list.o(i.vListInsert)
    vListInsertEnd                           0x0800b8b5   Thumb Code    24  list.o(i.vListInsertEnd)
    vPortEnterCritical                       0x0800b8cd   Thumb Code    68  port.o(i.vPortEnterCritical)
    vPortExitCritical                        0x0800b961   Thumb Code    48  port.o(i.vPortExitCritical)
    vPortFree                                0x0800b9dd   Thumb Code   130  heap_4.o(i.vPortFree)
    vPortSetupTimerInterrupt                 0x0800bab5   Thumb Code    38  port.o(i.vPortSetupTimerInterrupt)
    vQueueAddToRegistry                      0x0800bae1   Thumb Code    84  queue.o(i.vQueueAddToRegistry)
    vQueueWaitForMessageRestricted           0x0800bb6d   Thumb Code    74  queue.o(i.vQueueWaitForMessageRestricted)
    vTaskDelay                               0x0800bbb9   Thumb Code    72  tasks.o(i.vTaskDelay)
    vTaskDelete                              0x0800bc3d   Thumb Code   200  tasks.o(i.vTaskDelete)
    vTaskInternalSetTimeOutState             0x0800bd61   Thumb Code    14  tasks.o(i.vTaskInternalSetTimeOutState)
    vTaskMissedYield                         0x0800bd79   Thumb Code     8  tasks.o(i.vTaskMissedYield)
    vTaskPlaceOnEventList                    0x0800bd85   Thumb Code    42  tasks.o(i.vTaskPlaceOnEventList)
    vTaskPlaceOnEventListRestricted          0x0800bde9   Thumb Code    84  tasks.o(i.vTaskPlaceOnEventListRestricted)
    vTaskStartScheduler                      0x0800be75   Thumb Code   112  tasks.o(i.vTaskStartScheduler)
    vTaskSuspendAll                          0x0800bf39   Thumb Code    12  tasks.o(i.vTaskSuspendAll)
    vTaskSwitchContext                       0x0800bf49   Thumb Code   110  tasks.o(i.vTaskSwitchContext)
    xPortStartScheduler                      0x0800c03d   Thumb Code   240  port.o(i.xPortStartScheduler)
    xPortSysTickHandler                      0x0800c189   Thumb Code    46  port.o(i.xPortSysTickHandler)
    xQueueGenericCreate                      0x0800c1bd   Thumb Code    92  queue.o(i.xQueueGenericCreate)
    xQueueGenericReset                       0x0800c24d   Thumb Code   194  queue.o(i.xQueueGenericReset)
    xQueueReceive                            0x0800c349   Thumb Code   326  queue.o(i.xQueueReceive)
    xTaskCheckForTimeOut                     0x0800c4c9   Thumb Code   140  tasks.o(i.xTaskCheckForTimeOut)
    xTaskCreate                              0x0800c595   Thumb Code    96  tasks.o(i.xTaskCreate)
    xTaskGetSchedulerState                   0x0800c5f5   Thumb Code    24  tasks.o(i.xTaskGetSchedulerState)
    xTaskGetTickCount                        0x0800c615   Thumb Code     6  tasks.o(i.xTaskGetTickCount)
    xTaskIncrementTick                       0x0800c621   Thumb Code   390  tasks.o(i.xTaskIncrementTick)
    xTaskPriorityDisinherit                  0x0800c809   Thumb Code   206  tasks.o(i.xTaskPriorityDisinherit)
    xTaskRemoveFromEventList                 0x0800c919   Thumb Code   254  tasks.o(i.xTaskRemoveFromEventList)
    xTaskResumeAll                           0x0800ca65   Thumb Code   328  tasks.o(i.xTaskResumeAll)
    xTimerCreateTimerTask                    0x0800cc05   Thumb Code    56  timers.o(i.xTimerCreateTimerTask)
    _get_lc_numeric                          0x0800cc85   Thumb Code    44  lc_numeric_c.o(locale$$code)
    _get_lc_ctype                            0x0800ccb1   Thumb Code    44  lc_ctype_c.o(locale$$code)
    __aeabi_dadd                             0x0800ccdd   Thumb Code     0  daddsub_clz.o(x$fpl$dadd)
    _dadd                                    0x0800ccdd   Thumb Code   332  daddsub_clz.o(x$fpl$dadd)
    __fpl_dcheck_NaN1                        0x0800ce2d   Thumb Code    10  dcheck1.o(x$fpl$dcheck1)
    __fpl_dcmp_Inf                           0x0800ce3d   Thumb Code    24  dcmpi.o(x$fpl$dcmpinf)
    __aeabi_ddiv                             0x0800ce55   Thumb Code     0  ddiv.o(x$fpl$ddiv)
    _ddiv                                    0x0800ce55   Thumb Code   552  ddiv.o(x$fpl$ddiv)
    __aeabi_i2d                              0x0800d105   Thumb Code     0  dflt_clz.o(x$fpl$dflt)
    _dflt                                    0x0800d105   Thumb Code    46  dflt_clz.o(x$fpl$dflt)
    __aeabi_ui2d                             0x0800d133   Thumb Code     0  dflt_clz.o(x$fpl$dfltu)
    _dfltu                                   0x0800d133   Thumb Code    38  dflt_clz.o(x$fpl$dfltu)
    __aeabi_cdcmple                          0x0800d159   Thumb Code     0  dleqf.o(x$fpl$dleqf)
    _dcmple                                  0x0800d159   Thumb Code   120  dleqf.o(x$fpl$dleqf)
    __fpl_dcmple_InfNaN                      0x0800d1bb   Thumb Code     0  dleqf.o(x$fpl$dleqf)
    __aeabi_dmul                             0x0800d1d1   Thumb Code     0  dmul.o(x$fpl$dmul)
    _dmul                                    0x0800d1d1   Thumb Code   332  dmul.o(x$fpl$dmul)
    __fpl_dnaninf                            0x0800d325   Thumb Code   156  dnaninf.o(x$fpl$dnaninf)
    __fpl_dretinf                            0x0800d3c1   Thumb Code    12  dretinf.o(x$fpl$dretinf)
    __aeabi_cdrcmple                         0x0800d3cd   Thumb Code     0  drleqf.o(x$fpl$drleqf)
    _drcmple                                 0x0800d3cd   Thumb Code   108  drleqf.o(x$fpl$drleqf)
    __aeabi_drsub                            0x0800d439   Thumb Code     0  daddsub_clz.o(x$fpl$drsb)
    _drsb                                    0x0800d439   Thumb Code    22  daddsub_clz.o(x$fpl$drsb)
    _dsqrt                                   0x0800d451   Thumb Code   456  dsqrt_noumaal.o(x$fpl$dsqrt)
    __aeabi_dsub                             0x0800d61d   Thumb Code     0  daddsub_clz.o(x$fpl$dsub)
    _dsub                                    0x0800d61d   Thumb Code   464  daddsub_clz.o(x$fpl$dsub)
    __aeabi_f2d                              0x0800d7f1   Thumb Code     0  f2d.o(x$fpl$f2d)
    _f2d                                     0x0800d7f1   Thumb Code    86  f2d.o(x$fpl$f2d)
    __aeabi_fadd                             0x0800d849   Thumb Code     0  faddsub_clz.o(x$fpl$fadd)
    _fadd                                    0x0800d849   Thumb Code   196  faddsub_clz.o(x$fpl$fadd)
    __aeabi_fdiv                             0x0800d90d   Thumb Code     0  fdiv.o(x$fpl$fdiv)
    _fdiv                                    0x0800d90d   Thumb Code   384  fdiv.o(x$fpl$fdiv)
    __aeabi_ui2f                             0x0800da91   Thumb Code     0  fflt_clz.o(x$fpl$ffltu)
    _ffltu                                   0x0800da91   Thumb Code    38  fflt_clz.o(x$fpl$ffltu)
    __fpl_fnaninf                            0x0800dab7   Thumb Code   140  fnaninf.o(x$fpl$fnaninf)
    __fpl_fretinf                            0x0800db43   Thumb Code    10  fretinf.o(x$fpl$fretinf)
    __aeabi_fsub                             0x0800db4d   Thumb Code     0  faddsub_clz.o(x$fpl$fsub)
    _fsub                                    0x0800db4d   Thumb Code   234  faddsub_clz.o(x$fpl$fsub)
    _printf_fp_dec                           0x0800dc37   Thumb Code     4  printf1.o(x$fpl$printf1)
    _printf_fp_hex                           0x0800dc3b   Thumb Code     4  printf2.o(x$fpl$printf2)
    __fpl_return_NaN                         0x0800dc3f   Thumb Code   100  retnan.o(x$fpl$retnan)
    __ARM_scalbn                             0x0800dca3   Thumb Code    92  scalbn.o(x$fpl$scalbn)
    __fpl_cmpreturn                          0x0800dcff   Thumb Code    48  trapv.o(x$fpl$trapveneer)
    AHBPrescTable                            0x0800dd2e   Data          16  system_stm32f1xx.o(.constdata)
    __I$use$fp                               0x0800dd2e   Number         0  usenofp.o(x$fpl$usenofp)
    APBPrescTable                            0x0800dd3e   Data           8  system_stm32f1xx.o(.constdata)
    asc2_1206                                0x0800dd46   Data        1140  lcd.o(.constdata)
    asc2_1608                                0x0800e1ba   Data        1520  lcd.o(.constdata)
    asc2_2412                                0x0800e7aa   Data        3420  lcd.o(.constdata)
    memtblsize                               0x0800f508   Data           4  malloc.o(.constdata)
    memblksize                               0x0800f50c   Data           4  malloc.o(.constdata)
    memsize                                  0x0800f510   Data           4  malloc.o(.constdata)
    __mathlib_zero                           0x0800f5e8   Data           8  qnan.o(.constdata)
    Region$$Table$$Base                      0x0800f750   Number         0  anon$$obj.o(Region$$Table)
    Region$$Table$$Limit                     0x0800f770   Number         0  anon$$obj.o(Region$$Table)
    __ctype                                  0x0800f799   Data           0  lc_ctype_c.o(locale$$data)
    SystemCoreClock                          0x20000000   Data           4  system_stm32f1xx.o(.data)
    StartTask_Handler                        0x20000004   Data           4  freertos_app.o(.data)
    LED_Task_Handler                         0x20000008   Data           4  freertos_app.o(.data)
    Run_Log_Task_Handler                     0x2000000c   Data           4  freertos_app.o(.data)
    LSENS_Cmd_Task_Handler                   0x20000010   Data           4  freertos_app.o(.data)
    Pc_Cmd_Task_Handler                      0x20000014   Data           4  freertos_app.o(.data)
    Gui_Task_Handler                         0x20000018   Data           4  freertos_app.o(.data)
    Debug_Task_Handler                       0x2000001c   Data           4  freertos_app.o(.data)
    __stdout                                 0x20000024   Data           4  usart.o(.data)
    g_usart_rx_sta                           0x20000028   Data           2  usart.o(.data)
    g_rx_buffer                              0x2000002a   Data           1  usart.o(.data)
    uart_tx_busy                             0x2000002b   Data           1  usart.o(.data)
    uwTick                                   0x2000002c   Data           4  stm32f1xx_hal.o(.data)
    uwTickPrio                               0x20000030   Data           4  stm32f1xx_hal.o(.data)
    uwTickFreq                               0x20000034   Data           1  stm32f1xx_hal.o(.data)
    g_point_color                            0x20000038   Data           4  lcd.o(.data)
    g_back_color                             0x2000003c   Data           4  lcd.o(.data)
    mallco_dev                               0x20000040   Data          20  malloc.o(.data)
    fs                                       0x2000005c   Data           4  exfuns.o(.data)
    pxCurrentTCB                             0x20000060   Data           4  tasks.o(.data)
    uxTopUsedPriority                        0x20000098   Data           4  tasks.o(.data)
    mem_usage                                0x200000e6   Data           2  debug_app.o(.data)
    g_usart_rx_buf                           0x200000f8   Data         100  usart.o(.bss)
    g_uart1_handle                           0x2000015c   Data          64  usart.o(.bss)
    data_get                                 0x2000019c   Data          98  usart.o(.bss)
    g_sram_handle                            0x20000600   Data          72  lcd.o(.bss)
    lcddev                                   0x20000648   Data          14  lcd.o(.bss)
    g_timx_handle                            0x20000658   Data          72  btim.o(.bss)
    g_dma_handle                             0x200006a0   Data          68  dma.o(.bss)
    g_adc3_handle                            0x200006e4   Data          48  lsens.o(.bss)
    g_sdcard_handler                         0x20000714   Data         132  sdio_sdcard.o(.bss)
    g_sd_card_info_handle                    0x20000798   Data          32  sdio_sdcard.o(.bss)
    xQueueRegistry                           0x20006dc0   Data          64  queue.o(.bss)
    __libspace_start                         0x2000c120   Data          96  libspace.o(.bss)
    __temporary_stack_top$libspace           0x2000c180   Data           0  libspace.o(.bss)



==============================================================================

Memory Map of the image

  Image Entry point : 0x08000131

  Load Region LR_IROM1 (Base: 0x08000000, Size: 0x0000f994, Max: 0x00080000, ABSOLUTE)

    Execution Region ER_IROM1 (Exec base: 0x08000000, Load base: 0x08000000, Size: 0x0000f89c, Max: 0x00080000, ABSOLUTE)

    Exec Addr    Load Addr    Size         Type   Attr      Idx    E Section Name        Object

    0x08000000   0x08000000   0x00000130   Data   RO            3    RESET               startup_stm32f103xe.o
    0x08000130   0x08000130   0x00000008   Code   RO         6960  * !!!main             c_w.l(__main.o)
    0x08000138   0x08000138   0x00000034   Code   RO         7350    !!!scatter          c_w.l(__scatter.o)
    0x0800016c   0x0800016c   0x0000001a   Code   RO         7352    !!handler_copy      c_w.l(__scatter_copy.o)
    0x08000186   0x08000186   0x00000002   PAD
    0x08000188   0x08000188   0x0000001c   Code   RO         7354    !!handler_zi        c_w.l(__scatter_zi.o)
    0x080001a4   0x080001a4   0x00000000   Code   RO         6933    .ARM.Collect$$_printf_percent$$00000000  c_w.l(_printf_percent.o)
    0x080001a4   0x080001a4   0x00000006   Code   RO         7051    .ARM.Collect$$_printf_percent$$00000001  c_w.l(_printf_n.o)
    0x080001aa   0x080001aa   0x00000006   Code   RO         7052    .ARM.Collect$$_printf_percent$$00000002  c_w.l(_printf_p.o)
    0x080001b0   0x080001b0   0x00000006   Code   RO         7056    .ARM.Collect$$_printf_percent$$00000003  c_w.l(_printf_f.o)
    0x080001b6   0x080001b6   0x00000006   Code   RO         7057    .ARM.Collect$$_printf_percent$$00000004  c_w.l(_printf_e.o)
    0x080001bc   0x080001bc   0x00000006   Code   RO         7058    .ARM.Collect$$_printf_percent$$00000005  c_w.l(_printf_g.o)
    0x080001c2   0x080001c2   0x00000006   Code   RO         7059    .ARM.Collect$$_printf_percent$$00000006  c_w.l(_printf_a.o)
    0x080001c8   0x080001c8   0x0000000a   Code   RO         7064    .ARM.Collect$$_printf_percent$$00000007  c_w.l(_printf_ll.o)
    0x080001d2   0x080001d2   0x00000006   Code   RO         7054    .ARM.Collect$$_printf_percent$$00000008  c_w.l(_printf_i.o)
    0x080001d8   0x080001d8   0x00000006   Code   RO         7055    .ARM.Collect$$_printf_percent$$00000009  c_w.l(_printf_d.o)
    0x080001de   0x080001de   0x00000006   Code   RO         6932    .ARM.Collect$$_printf_percent$$0000000A  c_w.l(_printf_u.o)
    0x080001e4   0x080001e4   0x00000006   Code   RO         7053    .ARM.Collect$$_printf_percent$$0000000B  c_w.l(_printf_o.o)
    0x080001ea   0x080001ea   0x00000006   Code   RO         6931    .ARM.Collect$$_printf_percent$$0000000C  c_w.l(_printf_x.o)
    0x080001f0   0x080001f0   0x00000006   Code   RO         7061    .ARM.Collect$$_printf_percent$$0000000D  c_w.l(_printf_lli.o)
    0x080001f6   0x080001f6   0x00000006   Code   RO         7062    .ARM.Collect$$_printf_percent$$0000000E  c_w.l(_printf_lld.o)
    0x080001fc   0x080001fc   0x00000006   Code   RO         7063    .ARM.Collect$$_printf_percent$$0000000F  c_w.l(_printf_llu.o)
    0x08000202   0x08000202   0x00000006   Code   RO         7068    .ARM.Collect$$_printf_percent$$00000010  c_w.l(_printf_llo.o)
    0x08000208   0x08000208   0x00000006   Code   RO         7069    .ARM.Collect$$_printf_percent$$00000011  c_w.l(_printf_llx.o)
    0x0800020e   0x0800020e   0x0000000a   Code   RO         7065    .ARM.Collect$$_printf_percent$$00000012  c_w.l(_printf_l.o)
    0x08000218   0x08000218   0x00000006   Code   RO         6930    .ARM.Collect$$_printf_percent$$00000013  c_w.l(_printf_c.o)
    0x0800021e   0x0800021e   0x00000006   Code   RO         7050    .ARM.Collect$$_printf_percent$$00000014  c_w.l(_printf_s.o)
    0x08000224   0x08000224   0x00000006   Code   RO         7066    .ARM.Collect$$_printf_percent$$00000015  c_w.l(_printf_lc.o)
    0x0800022a   0x0800022a   0x00000006   Code   RO         7067    .ARM.Collect$$_printf_percent$$00000016  c_w.l(_printf_ls.o)
    0x08000230   0x08000230   0x00000004   Code   RO         7060    .ARM.Collect$$_printf_percent$$00000017  c_w.l(_printf_percent_end.o)
    0x08000234   0x08000234   0x00000002   Code   RO         7216    .ARM.Collect$$libinit$$00000000  c_w.l(libinit.o)
    0x08000236   0x08000236   0x00000000   Code   RO         7235    .ARM.Collect$$libinit$$00000002  c_w.l(libinit2.o)
    0x08000236   0x08000236   0x00000000   Code   RO         7237    .ARM.Collect$$libinit$$00000004  c_w.l(libinit2.o)
    0x08000236   0x08000236   0x00000000   Code   RO         7240    .ARM.Collect$$libinit$$0000000A  c_w.l(libinit2.o)
    0x08000236   0x08000236   0x00000000   Code   RO         7242    .ARM.Collect$$libinit$$0000000C  c_w.l(libinit2.o)
    0x08000236   0x08000236   0x00000000   Code   RO         7244    .ARM.Collect$$libinit$$0000000E  c_w.l(libinit2.o)
    0x08000236   0x08000236   0x00000006   Code   RO         7245    .ARM.Collect$$libinit$$0000000F  c_w.l(libinit2.o)
    0x0800023c   0x0800023c   0x00000000   Code   RO         7247    .ARM.Collect$$libinit$$00000011  c_w.l(libinit2.o)
    0x0800023c   0x0800023c   0x0000000c   Code   RO         7248    .ARM.Collect$$libinit$$00000012  c_w.l(libinit2.o)
    0x08000248   0x08000248   0x00000000   Code   RO         7249    .ARM.Collect$$libinit$$00000013  c_w.l(libinit2.o)
    0x08000248   0x08000248   0x00000000   Code   RO         7251    .ARM.Collect$$libinit$$00000015  c_w.l(libinit2.o)
    0x08000248   0x08000248   0x0000000a   Code   RO         7252    .ARM.Collect$$libinit$$00000016  c_w.l(libinit2.o)
    0x08000252   0x08000252   0x00000000   Code   RO         7253    .ARM.Collect$$libinit$$00000017  c_w.l(libinit2.o)
    0x08000252   0x08000252   0x00000000   Code   RO         7255    .ARM.Collect$$libinit$$00000019  c_w.l(libinit2.o)
    0x08000252   0x08000252   0x00000000   Code   RO         7257    .ARM.Collect$$libinit$$0000001B  c_w.l(libinit2.o)
    0x08000252   0x08000252   0x00000000   Code   RO         7259    .ARM.Collect$$libinit$$0000001D  c_w.l(libinit2.o)
    0x08000252   0x08000252   0x00000000   Code   RO         7261    .ARM.Collect$$libinit$$0000001F  c_w.l(libinit2.o)
    0x08000252   0x08000252   0x00000000   Code   RO         7263    .ARM.Collect$$libinit$$00000021  c_w.l(libinit2.o)
    0x08000252   0x08000252   0x00000000   Code   RO         7265    .ARM.Collect$$libinit$$00000023  c_w.l(libinit2.o)
    0x08000252   0x08000252   0x00000000   Code   RO         7267    .ARM.Collect$$libinit$$00000025  c_w.l(libinit2.o)
    0x08000252   0x08000252   0x00000000   Code   RO         7271    .ARM.Collect$$libinit$$0000002C  c_w.l(libinit2.o)
    0x08000252   0x08000252   0x00000000   Code   RO         7273    .ARM.Collect$$libinit$$0000002E  c_w.l(libinit2.o)
    0x08000252   0x08000252   0x00000000   Code   RO         7275    .ARM.Collect$$libinit$$00000030  c_w.l(libinit2.o)
    0x08000252   0x08000252   0x00000000   Code   RO         7277    .ARM.Collect$$libinit$$00000032  c_w.l(libinit2.o)
    0x08000252   0x08000252   0x00000002   Code   RO         7278    .ARM.Collect$$libinit$$00000033  c_w.l(libinit2.o)
    0x08000254   0x08000254   0x00000002   Code   RO         7306    .ARM.Collect$$libshutdown$$00000000  c_w.l(libshutdown.o)
    0x08000256   0x08000256   0x00000000   Code   RO         7331    .ARM.Collect$$libshutdown$$00000002  c_w.l(libshutdown2.o)
    0x08000256   0x08000256   0x00000000   Code   RO         7333    .ARM.Collect$$libshutdown$$00000004  c_w.l(libshutdown2.o)
    0x08000256   0x08000256   0x00000000   Code   RO         7335    .ARM.Collect$$libshutdown$$00000006  c_w.l(libshutdown2.o)
    0x08000256   0x08000256   0x00000000   Code   RO         7338    .ARM.Collect$$libshutdown$$00000009  c_w.l(libshutdown2.o)
    0x08000256   0x08000256   0x00000000   Code   RO         7341    .ARM.Collect$$libshutdown$$0000000C  c_w.l(libshutdown2.o)
    0x08000256   0x08000256   0x00000000   Code   RO         7343    .ARM.Collect$$libshutdown$$0000000E  c_w.l(libshutdown2.o)
    0x08000256   0x08000256   0x00000000   Code   RO         7346    .ARM.Collect$$libshutdown$$00000011  c_w.l(libshutdown2.o)
    0x08000256   0x08000256   0x00000002   Code   RO         7347    .ARM.Collect$$libshutdown$$00000012  c_w.l(libshutdown2.o)
    0x08000258   0x08000258   0x00000000   Code   RO         7014    .ARM.Collect$$rtentry$$00000000  c_w.l(__rtentry.o)
    0x08000258   0x08000258   0x00000000   Code   RO         7119    .ARM.Collect$$rtentry$$00000002  c_w.l(__rtentry2.o)
    0x08000258   0x08000258   0x00000006   Code   RO         7131    .ARM.Collect$$rtentry$$00000004  c_w.l(__rtentry4.o)
    0x0800025e   0x0800025e   0x00000000   Code   RO         7121    .ARM.Collect$$rtentry$$00000009  c_w.l(__rtentry2.o)
    0x0800025e   0x0800025e   0x00000004   Code   RO         7122    .ARM.Collect$$rtentry$$0000000A  c_w.l(__rtentry2.o)
    0x08000262   0x08000262   0x00000000   Code   RO         7124    .ARM.Collect$$rtentry$$0000000C  c_w.l(__rtentry2.o)
    0x08000262   0x08000262   0x00000008   Code   RO         7125    .ARM.Collect$$rtentry$$0000000D  c_w.l(__rtentry2.o)
    0x0800026a   0x0800026a   0x00000002   Code   RO         7223    .ARM.Collect$$rtexit$$00000000  c_w.l(rtexit.o)
    0x0800026c   0x0800026c   0x00000000   Code   RO         7282    .ARM.Collect$$rtexit$$00000002  c_w.l(rtexit2.o)
    0x0800026c   0x0800026c   0x00000004   Code   RO         7283    .ARM.Collect$$rtexit$$00000003  c_w.l(rtexit2.o)
    0x08000270   0x08000270   0x00000006   Code   RO         7284    .ARM.Collect$$rtexit$$00000004  c_w.l(rtexit2.o)
    0x08000276   0x08000276   0x00000002   PAD
    0x08000278   0x08000278   0x00000096   Code   RO         6554    .emb_text           port.o
    0x0800030e   0x0800030e   0x00000002   PAD
    0x08000310   0x08000310   0x00000040   Code   RO            4    .text               startup_stm32f103xe.o
    0x08000350   0x08000350   0x00000002   Code   RO         6867    .text               c_w.l(use_no_semi_2.o)
    0x08000352   0x08000352   0x000000ee   Code   RO         6869    .text               c_w.l(lludivv7m.o)
    0x08000440   0x08000440   0x00000048   Code   RO         6871    .text               c_w.l(llsdiv.o)
    0x08000488   0x08000488   0x00000034   Code   RO         6873    .text               c_w.l(vsnprintf.o)
    0x080004bc   0x080004bc   0x00000018   Code   RO         6875    .text               c_w.l(__2printf.o)
    0x080004d4   0x080004d4   0x0000002c   Code   RO         6877    .text               c_w.l(__2sprintf.o)
    0x08000500   0x08000500   0x00000052   Code   RO         6885    .text               c_w.l(_printf_str.o)
    0x08000552   0x08000552   0x00000002   PAD
    0x08000554   0x08000554   0x00000078   Code   RO         6887    .text               c_w.l(_printf_dec.o)
    0x080005cc   0x080005cc   0x00000094   Code   RO         6907    .text               c_w.l(_printf_hex_int_ll_ptr.o)
    0x08000660   0x08000660   0x00000188   Code   RO         6927    .text               c_w.l(__printf_flags_ss_wp.o)
    0x080007e8   0x080007e8   0x00000014   Code   RO         6934    .text               c_w.l(strchr.o)
    0x080007fc   0x080007fc   0x00000058   Code   RO         6936    .text               c_w.l(memcmp.o)
    0x08000854   0x08000854   0x0000003e   Code   RO         6940    .text               c_w.l(strlen.o)
    0x08000892   0x08000892   0x0000008a   Code   RO         6944    .text               c_w.l(rt_memcpy_v6.o)
    0x0800091c   0x0800091c   0x00000064   Code   RO         6946    .text               c_w.l(rt_memcpy_w.o)
    0x08000980   0x08000980   0x00000010   Code   RO         6950    .text               c_w.l(aeabi_memset.o)
    0x08000990   0x08000990   0x00000044   Code   RO         6952    .text               c_w.l(rt_memclr.o)
    0x080009d4   0x080009d4   0x0000004e   Code   RO         6954    .text               c_w.l(rt_memclr_w.o)
    0x08000a22   0x08000a22   0x00000002   PAD
    0x08000a24   0x08000a24   0x00000080   Code   RO         6956    .text               c_w.l(strcmpv7m.o)
    0x08000aa4   0x08000aa4   0x00000006   Code   RO         6958    .text               c_w.l(heapauxi.o)
    0x08000aaa   0x08000aaa   0x00000002   Code   RO         7012    .text               c_w.l(use_no_semi.o)
    0x08000aac   0x08000aac   0x00000016   Code   RO         7019    .text               c_w.l(_rserrno.o)
    0x08000ac2   0x08000ac2   0x0000004e   Code   RO         7021    .text               c_w.l(_printf_pad.o)
    0x08000b10   0x08000b10   0x00000024   Code   RO         7023    .text               c_w.l(_printf_truncate.o)
    0x08000b34   0x08000b34   0x000000b2   Code   RO         7025    .text               c_w.l(_printf_intcommon.o)
    0x08000be6   0x08000be6   0x00000028   Code   RO         7027    .text               c_w.l(_printf_charcount.o)
    0x08000c0e   0x08000c0e   0x00000002   PAD
    0x08000c10   0x08000c10   0x00000030   Code   RO         7029    .text               c_w.l(_printf_char_common.o)
    0x08000c40   0x08000c40   0x0000000a   Code   RO         7031    .text               c_w.l(_sputc.o)
    0x08000c4a   0x08000c4a   0x00000010   Code   RO         7033    .text               c_w.l(_snputc.o)
    0x08000c5a   0x08000c5a   0x0000002c   Code   RO         7035    .text               c_w.l(_printf_char.o)
    0x08000c86   0x08000c86   0x00000002   PAD
    0x08000c88   0x08000c88   0x00000024   Code   RO         7037    .text               c_w.l(_printf_char_file.o)
    0x08000cac   0x08000cac   0x000000bc   Code   RO         7039    .text               c_w.l(_printf_wctomb.o)
    0x08000d68   0x08000d68   0x0000007c   Code   RO         7042    .text               c_w.l(_printf_longlong_dec.o)
    0x08000de4   0x08000de4   0x00000070   Code   RO         7048    .text               c_w.l(_printf_oct_int_ll.o)
    0x08000e54   0x08000e54   0x00000008   Code   RO         7138    .text               c_w.l(rt_errno_addr_intlibspace.o)
    0x08000e5c   0x08000e5c   0x0000008a   Code   RO         7140    .text               c_w.l(lludiv10.o)
    0x08000ee6   0x08000ee6   0x0000041e   Code   RO         7142    .text               c_w.l(_printf_fp_dec.o)
    0x08001304   0x08001304   0x000002fc   Code   RO         7144    .text               c_w.l(_printf_fp_hex.o)
    0x08001600   0x08001600   0x0000002c   Code   RO         7149    .text               c_w.l(_printf_wchar.o)
    0x0800162c   0x0800162c   0x00000008   Code   RO         7151    .text               c_w.l(ferror.o)
    0x08001634   0x08001634   0x00000040   Code   RO         7155    .text               c_w.l(_wcrtomb.o)
    0x08001674   0x08001674   0x00000008   Code   RO         7163    .text               c_w.l(libspace.o)
    0x0800167c   0x0800167c   0x0000004a   Code   RO         7166    .text               c_w.l(sys_stackheap_outer.o)
    0x080016c6   0x080016c6   0x00000002   PAD
    0x080016c8   0x080016c8   0x00000010   Code   RO         7168    .text               c_w.l(rt_ctype_table.o)
    0x080016d8   0x080016d8   0x00000008   Code   RO         7173    .text               c_w.l(rt_locale_intlibspace.o)
    0x080016e0   0x080016e0   0x00000080   Code   RO         7175    .text               c_w.l(_printf_fp_infnan.o)
    0x08001760   0x08001760   0x000000e4   Code   RO         7177    .text               c_w.l(bigflt0.o)
    0x08001844   0x08001844   0x00000012   Code   RO         7205    .text               c_w.l(exit.o)
    0x08001856   0x08001856   0x0000003e   Code   RO         7180    CL$$btod_d2e        c_w.l(btod.o)
    0x08001894   0x08001894   0x00000046   Code   RO         7182    CL$$btod_d2e_denorm_low  c_w.l(btod.o)
    0x080018da   0x080018da   0x00000060   Code   RO         7181    CL$$btod_d2e_norm_op1  c_w.l(btod.o)
    0x0800193a   0x0800193a   0x00000338   Code   RO         7190    CL$$btod_div_common  c_w.l(btod.o)
    0x08001c72   0x08001c72   0x000000dc   Code   RO         7187    CL$$btod_e2e        c_w.l(btod.o)
    0x08001d4e   0x08001d4e   0x0000002a   Code   RO         7184    CL$$btod_ediv       c_w.l(btod.o)
    0x08001d78   0x08001d78   0x0000002a   Code   RO         7183    CL$$btod_emul       c_w.l(btod.o)
    0x08001da2   0x08001da2   0x00000244   Code   RO         7189    CL$$btod_mult_common  c_w.l(btod.o)
    0x08001fe6   0x08001fe6   0x00000052   Code   RO         1154    i.ADC_ConversionStop_Disable  stm32f1xx_hal_adc.o
    0x08002038   0x08002038   0x00000084   Code   RO         1158    i.ADC_Enable        stm32f1xx_hal_adc.o
    0x080020bc   0x080020bc   0x00000004   Code   RO          322    i.BusFault_Handler  stm32f1xx_it.o
    0x080020c0   0x080020c0   0x00000010   Code   RO         4610    i.DMA1_Channel4_IRQHandler  dma.o
    0x080020d0   0x080020d0   0x0000002c   Code   RO         1430    i.DMA_SetConfig     stm32f1xx_hal_dma.o
    0x080020fc   0x080020fc   0x00000002   Code   RO          323    i.DebugMon_Handler  stm32f1xx_it.o
    0x080020fe   0x080020fe   0x00000002   PAD
    0x08002100   0x08002100   0x00000044   Code   RO         2635    i.FSMC_NORSRAM_Extended_Timing_Init  stm32f1xx_ll_fsmc.o
    0x08002144   0x08002144   0x00000078   Code   RO         2636    i.FSMC_NORSRAM_Init  stm32f1xx_ll_fsmc.o
    0x080021bc   0x080021bc   0x00000042   Code   RO         2637    i.FSMC_NORSRAM_Timing_Init  stm32f1xx_ll_fsmc.o
    0x080021fe   0x080021fe   0x00000002   PAD
    0x08002200   0x08002200   0x000001d0   Code   RO         6791    i.FatFS_SD_Test     run_log_app.o
    0x080023d0   0x080023d0   0x00000104   Code   RO         1334    i.HAL_ADCEx_Calibration_Start  stm32f1xx_hal_adc_ex.o
    0x080024d4   0x080024d4   0x00000160   Code   RO         1160    i.HAL_ADC_ConfigChannel  stm32f1xx_hal_adc.o
    0x08002634   0x08002634   0x00000008   Code   RO         1167    i.HAL_ADC_GetValue  stm32f1xx_hal_adc.o
    0x0800263c   0x0800263c   0x00000160   Code   RO         1169    i.HAL_ADC_Init      stm32f1xx_hal_adc.o
    0x0800279c   0x0800279c   0x00000002   Code   RO         1172    i.HAL_ADC_MspInit   stm32f1xx_hal_adc.o
    0x0800279e   0x0800279e   0x00000002   PAD
    0x080027a0   0x080027a0   0x00000170   Code   RO         1173    i.HAL_ADC_PollForConversion  stm32f1xx_hal_adc.o
    0x08002910   0x08002910   0x00000130   Code   RO         1175    i.HAL_ADC_Start     stm32f1xx_hal_adc.o
    0x08002a40   0x08002a40   0x00000040   Code   RO         1178    i.HAL_ADC_Stop      stm32f1xx_hal_adc.o
    0x08002a80   0x08002a80   0x000001a8   Code   RO         1432    i.HAL_DMA_Abort_IT  stm32f1xx_hal_dma.o
    0x08002c28   0x08002c28   0x00000398   Code   RO         1436    i.HAL_DMA_IRQHandler  stm32f1xx_hal_dma.o
    0x08002fc0   0x08002fc0   0x0000008c   Code   RO         1437    i.HAL_DMA_Init      stm32f1xx_hal_dma.o
    0x0800304c   0x0800304c   0x0000009c   Code   RO         1441    i.HAL_DMA_Start_IT  stm32f1xx_hal_dma.o
    0x080030e8   0x080030e8   0x00000028   Code   RO          865    i.HAL_Delay         stm32f1xx_hal.o
    0x08003110   0x08003110   0x00000340   Code   RO         1528    i.HAL_GPIO_Init     stm32f1xx_hal_gpio.o
    0x08003450   0x08003450   0x0000000c   Code   RO         1532    i.HAL_GPIO_WritePin  stm32f1xx_hal_gpio.o
    0x0800345c   0x0800345c   0x0000000c   Code   RO          869    i.HAL_GetTick       stm32f1xx_hal.o
    0x08003468   0x08003468   0x00000018   Code   RO          875    i.HAL_IncTick       stm32f1xx_hal.o
    0x08003480   0x08003480   0x00000028   Code   RO          876    i.HAL_Init          stm32f1xx_hal.o
    0x080034a8   0x080034a8   0x0000004c   Code   RO          877    i.HAL_InitTick      stm32f1xx_hal.o
    0x080034f4   0x080034f4   0x00000002   Code   RO          879    i.HAL_MspInit       stm32f1xx_hal.o
    0x080034f6   0x080034f6   0x00000020   Code   RO         1034    i.HAL_NVIC_EnableIRQ  stm32f1xx_hal_cortex.o
    0x08003516   0x08003516   0x0000007c   Code   RO         1040    i.HAL_NVIC_SetPriority  stm32f1xx_hal_cortex.o
    0x08003592   0x08003592   0x00000002   PAD
    0x08003594   0x08003594   0x00000028   Code   RO         1041    i.HAL_NVIC_SetPriorityGrouping  stm32f1xx_hal_cortex.o
    0x080035bc   0x080035bc   0x00000134   Code   RO         1860    i.HAL_RCCEx_GetPeriphCLKFreq  stm32f1xx_hal_rcc_ex.o
    0x080036f0   0x080036f0   0x00000130   Code   RO         1861    i.HAL_RCCEx_PeriphCLKConfig  stm32f1xx_hal_rcc_ex.o
    0x08003820   0x08003820   0x0000018c   Code   RO         1753    i.HAL_RCC_ClockConfig  stm32f1xx_hal_rcc.o
    0x080039ac   0x080039ac   0x0000000c   Code   RO         1758    i.HAL_RCC_GetHCLKFreq  stm32f1xx_hal_rcc.o
    0x080039b8   0x080039b8   0x00000020   Code   RO         1760    i.HAL_RCC_GetPCLK1Freq  stm32f1xx_hal_rcc.o
    0x080039d8   0x080039d8   0x00000020   Code   RO         1761    i.HAL_RCC_GetPCLK2Freq  stm32f1xx_hal_rcc.o
    0x080039f8   0x080039f8   0x00000094   Code   RO         1762    i.HAL_RCC_GetSysClockFreq  stm32f1xx_hal_rcc.o
    0x08003a8c   0x08003a8c   0x00000464   Code   RO         1765    i.HAL_RCC_OscConfig  stm32f1xx_hal_rcc.o
    0x08003ef0   0x08003ef0   0x000001c8   Code   RO         3745    i.HAL_SD_GetCardCSD  stm32f1xx_hal_sd.o
    0x080040b8   0x080040b8   0x00000024   Code   RO         3747    i.HAL_SD_GetCardState  stm32f1xx_hal_sd.o
    0x080040dc   0x080040dc   0x0000003c   Code   RO         3752    i.HAL_SD_Init       stm32f1xx_hal_sd.o
    0x08004118   0x08004118   0x00000084   Code   RO         3753    i.HAL_SD_InitCard   stm32f1xx_hal_sd.o
    0x0800419c   0x0800419c   0x00000144   Code   RO         4689    i.HAL_SD_MspInit    sdio_sdcard.o
    0x080042e0   0x080042e0   0x000002c0   Code   RO         3756    i.HAL_SD_ReadBlocks  stm32f1xx_hal_sd.o
    0x080045a0   0x080045a0   0x00000254   Code   RO         3761    i.HAL_SD_WriteBlocks  stm32f1xx_hal_sd.o
    0x080047f4   0x080047f4   0x00000066   Code   RO         2496    i.HAL_SRAM_Init     stm32f1xx_hal_sram.o
    0x0800485a   0x0800485a   0x00000002   PAD
    0x0800485c   0x0800485c   0x00000090   Code   RO         4304    i.HAL_SRAM_MspInit  lcd.o
    0x080048ec   0x080048ec   0x00000028   Code   RO         1043    i.HAL_SYSTICK_CLKSourceConfig  stm32f1xx_hal_cortex.o
    0x08004914   0x08004914   0x00000034   Code   RO         1045    i.HAL_SYSTICK_Config  stm32f1xx_hal_cortex.o
    0x08004948   0x08004948   0x00000002   Code   RO         3470    i.HAL_TIMEx_BreakCallback  stm32f1xx_hal_tim_ex.o
    0x0800494a   0x0800494a   0x00000002   Code   RO         3471    i.HAL_TIMEx_CommutCallback  stm32f1xx_hal_tim_ex.o
    0x0800494c   0x0800494c   0x00000002   Code   RO         2789    i.HAL_TIM_IC_CaptureCallback  stm32f1xx_hal_tim.o
    0x0800494e   0x0800494e   0x00000196   Code   RO         2803    i.HAL_TIM_IRQHandler  stm32f1xx_hal_tim.o
    0x08004ae4   0x08004ae4   0x00000002   Code   RO         2806    i.HAL_TIM_OC_DelayElapsedCallback  stm32f1xx_hal_tim.o
    0x08004ae6   0x08004ae6   0x00000002   Code   RO         2833    i.HAL_TIM_PWM_PulseFinishedCallback  stm32f1xx_hal_tim.o
    0x08004ae8   0x08004ae8   0x00000002   Code   RO         4568    i.HAL_TIM_PeriodElapsedCallback  btim.o
    0x08004aea   0x08004aea   0x00000002   Code   RO         2846    i.HAL_TIM_TriggerCallback  stm32f1xx_hal_tim.o
    0x08004aec   0x08004aec   0x00000002   Code   RO         1916    i.HAL_UART_ErrorCallback  stm32f1xx_hal_uart.o
    0x08004aee   0x08004aee   0x00000002   PAD
    0x08004af0   0x08004af0   0x00000154   Code   RO         1919    i.HAL_UART_IRQHandler  stm32f1xx_hal_uart.o
    0x08004c44   0x08004c44   0x00000072   Code   RO         1920    i.HAL_UART_Init     stm32f1xx_hal_uart.o
    0x08004cb6   0x08004cb6   0x00000002   PAD
    0x08004cb8   0x08004cb8   0x000000b4   Code   RO          754    i.HAL_UART_MspInit  usart.o
    0x08004d6c   0x08004d6c   0x00000070   Code   RO         1925    i.HAL_UART_Receive_IT  stm32f1xx_hal_uart.o
    0x08004ddc   0x08004ddc   0x0000002c   Code   RO          755    i.HAL_UART_RxCpltCallback  usart.o
    0x08004e08   0x08004e08   0x0000009c   Code   RO         1929    i.HAL_UART_Transmit_DMA  stm32f1xx_hal_uart.o
    0x08004ea4   0x08004ea4   0x00000018   Code   RO          756    i.HAL_UART_TxCpltCallback  usart.o
    0x08004ebc   0x08004ebc   0x00000002   Code   RO         1932    i.HAL_UART_TxHalfCpltCallback  stm32f1xx_hal_uart.o
    0x08004ebe   0x08004ebe   0x00000004   Code   RO          324    i.HardFault_Handler  stm32f1xx_it.o
    0x08004ec2   0x08004ec2   0x00000002   PAD
    0x08004ec4   0x08004ec4   0x00000094   Code   RO         4644    i.Lsens_get_lux     lsens.o
    0x08004f58   0x08004f58   0x0000004c   Code   RO         4645    i.Lsens_get_result  lsens.o
    0x08004fa4   0x08004fa4   0x000000c8   Code   RO         4647    i.Lsens_init        lsens.o
    0x0800506c   0x0800506c   0x00000004   Code   RO          325    i.MemManage_Handler  stm32f1xx_it.o
    0x08005070   0x08005070   0x00000002   Code   RO          326    i.NMI_Handler       stm32f1xx_it.o
    0x08005072   0x08005072   0x00000002   PAD
    0x08005074   0x08005074   0x00000028   Code   RO         1766    i.RCC_Delay         stm32f1xx_hal_rcc.o
    0x0800509c   0x0800509c   0x0000002c   Code   RO         3992    i.SDIO_ConfigData   stm32f1xx_ll_sdmmc.o
    0x080050c8   0x080050c8   0x00000008   Code   RO         3993    i.SDIO_GetCommandResponse  stm32f1xx_ll_sdmmc.o
    0x080050d0   0x080050d0   0x0000000a   Code   RO         3996    i.SDIO_GetPowerState  stm32f1xx_ll_sdmmc.o
    0x080050da   0x080050da   0x0000000c   Code   RO         3997    i.SDIO_GetResponse  stm32f1xx_ll_sdmmc.o
    0x080050e6   0x080050e6   0x00000034   Code   RO         3998    i.SDIO_Init         stm32f1xx_ll_sdmmc.o
    0x0800511a   0x0800511a   0x00000012   Code   RO         4000    i.SDIO_PowerState_ON  stm32f1xx_ll_sdmmc.o
    0x0800512c   0x0800512c   0x00000008   Code   RO         4001    i.SDIO_ReadFIFO     stm32f1xx_ll_sdmmc.o
    0x08005134   0x08005134   0x00000028   Code   RO         4002    i.SDIO_SendCommand  stm32f1xx_ll_sdmmc.o
    0x0800515c   0x0800515c   0x0000000c   Code   RO         4004    i.SDIO_WriteFIFO    stm32f1xx_ll_sdmmc.o
    0x08005168   0x08005168   0x00000038   Code   RO         4005    i.SDMMC_CmdAppCommand  stm32f1xx_ll_sdmmc.o
    0x080051a0   0x080051a0   0x0000003c   Code   RO         4006    i.SDMMC_CmdAppOperCommand  stm32f1xx_ll_sdmmc.o
    0x080051dc   0x080051dc   0x00000038   Code   RO         4007    i.SDMMC_CmdBlockLength  stm32f1xx_ll_sdmmc.o
    0x08005214   0x08005214   0x0000002c   Code   RO         4012    i.SDMMC_CmdGoIdleState  stm32f1xx_ll_sdmmc.o
    0x08005240   0x08005240   0x00000034   Code   RO         4014    i.SDMMC_CmdOperCond  stm32f1xx_ll_sdmmc.o
    0x08005274   0x08005274   0x00000038   Code   RO         4015    i.SDMMC_CmdReadMultiBlock  stm32f1xx_ll_sdmmc.o
    0x080052ac   0x080052ac   0x00000038   Code   RO         4016    i.SDMMC_CmdReadSingleBlock  stm32f1xx_ll_sdmmc.o
    0x080052e4   0x080052e4   0x0000003a   Code   RO         4019    i.SDMMC_CmdSelDesel  stm32f1xx_ll_sdmmc.o
    0x0800531e   0x0800531e   0x00000032   Code   RO         4020    i.SDMMC_CmdSendCID  stm32f1xx_ll_sdmmc.o
    0x08005350   0x08005350   0x00000032   Code   RO         4021    i.SDMMC_CmdSendCSD  stm32f1xx_ll_sdmmc.o
    0x08005382   0x08005382   0x00000038   Code   RO         4023    i.SDMMC_CmdSendStatus  stm32f1xx_ll_sdmmc.o
    0x080053ba   0x080053ba   0x00000038   Code   RO         4024    i.SDMMC_CmdSetRelAdd  stm32f1xx_ll_sdmmc.o
    0x080053f2   0x080053f2   0x00000002   PAD
    0x080053f4   0x080053f4   0x0000003c   Code   RO         4026    i.SDMMC_CmdStopTransfer  stm32f1xx_ll_sdmmc.o
    0x08005430   0x08005430   0x00000038   Code   RO         4028    i.SDMMC_CmdWriteMultiBlock  stm32f1xx_ll_sdmmc.o
    0x08005468   0x08005468   0x00000038   Code   RO         4029    i.SDMMC_CmdWriteSingleBlock  stm32f1xx_ll_sdmmc.o
    0x080054a0   0x080054a0   0x00000040   Code   RO         4030    i.SDMMC_GetCmdError  stm32f1xx_ll_sdmmc.o
    0x080054e0   0x080054e0   0x000001ac   Code   RO         4031    i.SDMMC_GetCmdResp1  stm32f1xx_ll_sdmmc.o
    0x0800568c   0x0800568c   0x00000064   Code   RO         4032    i.SDMMC_GetCmdResp2  stm32f1xx_ll_sdmmc.o
    0x080056f0   0x080056f0   0x00000058   Code   RO         4033    i.SDMMC_GetCmdResp3  stm32f1xx_ll_sdmmc.o
    0x08005748   0x08005748   0x000000b8   Code   RO         4034    i.SDMMC_GetCmdResp6  stm32f1xx_ll_sdmmc.o
    0x08005800   0x08005800   0x0000006c   Code   RO         4035    i.SDMMC_GetCmdResp7  stm32f1xx_ll_sdmmc.o
    0x0800586c   0x0800586c   0x00000102   Code   RO         3770    i.SD_InitCard       stm32f1xx_hal_sd.o
    0x0800596e   0x0800596e   0x00000002   PAD
    0x08005970   0x08005970   0x000000cc   Code   RO         3772    i.SD_PowerON        stm32f1xx_hal_sd.o
    0x08005a3c   0x08005a3c   0x00000030   Code   RO         3775    i.SD_SendStatus     stm32f1xx_hal_sd.o
    0x08005a6c   0x08005a6c   0x00000038   Code   RO         4690    i.Sdio_Init         sdio_sdcard.o
    0x08005aa4   0x08005aa4   0x00000014   Code   RO          631    i.SysTick_Handler   delay.o
    0x08005ab8   0x08005ab8   0x00000002   Code   RO          286    i.SystemInit        system_stm32f1xx.o
    0x08005aba   0x08005aba   0x00000002   PAD
    0x08005abc   0x08005abc   0x00000010   Code   RO         4569    i.TIM6_IRQHandler   btim.o
    0x08005acc   0x08005acc   0x00000014   Code   RO         1933    i.UART_DMAAbortOnError  stm32f1xx_hal_uart.o
    0x08005ae0   0x08005ae0   0x00000050   Code   RO         1934    i.UART_DMAError     stm32f1xx_hal_uart.o
    0x08005b30   0x08005b30   0x00000036   Code   RO         1939    i.UART_DMATransmitCplt  stm32f1xx_hal_uart.o
    0x08005b66   0x08005b66   0x0000000e   Code   RO         1941    i.UART_DMATxHalfCplt  stm32f1xx_hal_uart.o
    0x08005b74   0x08005b74   0x00000020   Code   RO         1943    i.UART_EndRxTransfer  stm32f1xx_hal_uart.o
    0x08005b94   0x08005b94   0x00000020   Code   RO         1944    i.UART_EndTransmit_IT  stm32f1xx_hal_uart.o
    0x08005bb4   0x08005bb4   0x00000014   Code   RO         1945    i.UART_EndTxTransfer  stm32f1xx_hal_uart.o
    0x08005bc8   0x08005bc8   0x000000a0   Code   RO         1946    i.UART_Receive_IT   stm32f1xx_hal_uart.o
    0x08005c68   0x08005c68   0x000000fc   Code   RO         1947    i.UART_SetConfig    stm32f1xx_hal_uart.o
    0x08005d64   0x08005d64   0x00000060   Code   RO         1948    i.UART_Transmit_IT  stm32f1xx_hal_uart.o
    0x08005dc4   0x08005dc4   0x00000010   Code   RO          757    i.USART1_IRQHandler  usart.o
    0x08005dd4   0x08005dd4   0x00000004   Code   RO          327    i.UsageFault_Handler  stm32f1xx_it.o
    0x08005dd8   0x08005dd8   0x00000028   Code   RO         7105    i.__ARM_fpclassify  m_ws.l(fpclassify.o)
    0x08005e00   0x08005e00   0x00000010   Code   RO         1047    i.__NVIC_GetPriorityGrouping  stm32f1xx_hal_cortex.o
    0x08005e10   0x08005e10   0x00000028   Code   RO         1048    i.__NVIC_SetPriority  stm32f1xx_hal_cortex.o
    0x08005e38   0x08005e38   0x000000aa   Code   RO         7107    i.__kernel_poly     m_ws.l(poly.o)
    0x08005ee2   0x08005ee2   0x00000002   PAD
    0x08005ee4   0x08005ee4   0x00000010   Code   RO         7091    i.__mathlib_dbl_divzero  m_ws.l(dunder.o)
    0x08005ef4   0x08005ef4   0x00000004   Code   RO         7093    i.__mathlib_dbl_infnan2  m_ws.l(dunder.o)
    0x08005ef8   0x08005ef8   0x0000000c   Code   RO         7094    i.__mathlib_dbl_invalid  m_ws.l(dunder.o)
    0x08005f04   0x08005f04   0x0000000e   Code   RO         7095    i.__mathlib_dbl_overflow  m_ws.l(dunder.o)
    0x08005f12   0x08005f12   0x00000002   PAD
    0x08005f14   0x08005f14   0x00000010   Code   RO         7097    i.__mathlib_dbl_underflow  m_ws.l(dunder.o)
    0x08005f24   0x08005f24   0x0000000e   Code   RO         6920    i._is_digit         c_w.l(__printf_wp.o)
    0x08005f32   0x08005f32   0x00000004   Code   RO          759    i._sys_exit         usart.o
    0x08005f36   0x08005f36   0x00000002   PAD
    0x08005f38   0x08005f38   0x000000e0   Code   RO         4904    i.check_fs          ff.o
    0x08006018   0x08006018   0x0000001a   Code   RO         4905    i.clst2sect         ff.o
    0x08006032   0x08006032   0x00000124   Code   RO         4906    i.create_chain      ff.o
    0x08006156   0x08006156   0x00000002   PAD
    0x08006158   0x08006158   0x0000010c   Code   RO         4907    i.create_name       ff.o
    0x08006264   0x08006264   0x00000034   Code   RO         4908    i.dbc_1st           ff.o
    0x08006298   0x08006298   0x00000048   Code   RO         4909    i.dbc_2nd           ff.o
    0x080062e0   0x080062e0   0x000000ac   Code   RO         6706    i.debug_run         debug_app.o
    0x0800638c   0x0800638c   0x00000010   Code   RO          507    i.debug_task        freertos_app.o
    0x0800639c   0x0800639c   0x00000050   Code   RO          632    i.delay_init        delay.o
    0x080063ec   0x080063ec   0x00000018   Code   RO          633    i.delay_ms          delay.o
    0x08006404   0x08006404   0x00000048   Code   RO          634    i.delay_us          delay.o
    0x0800644c   0x0800644c   0x00000060   Code   RO         4910    i.dir_alloc         ff.o
    0x080064ac   0x080064ac   0x0000005e   Code   RO         4911    i.dir_clear         ff.o
    0x0800650a   0x0800650a   0x0000006c   Code   RO         4912    i.dir_find          ff.o
    0x08006576   0x08006576   0x000000ca   Code   RO         4913    i.dir_next          ff.o
    0x08006640   0x08006640   0x00000042   Code   RO         4915    i.dir_register      ff.o
    0x08006682   0x08006682   0x0000009a   Code   RO         4917    i.dir_sdi           ff.o
    0x0800671c   0x0800671c   0x00000028   Code   RO         4844    i.disk_initialize   diskio.o
    0x08006744   0x08006744   0x000000b4   Code   RO         4845    i.disk_ioctl        diskio.o
    0x080067f8   0x080067f8   0x0000005a   Code   RO         4846    i.disk_read         diskio.o
    0x08006852   0x08006852   0x00000006   Code   RO         4847    i.disk_status       diskio.o
    0x08006858   0x08006858   0x00000062   Code   RO         4848    i.disk_write        diskio.o
    0x080068ba   0x080068ba   0x00000002   PAD
    0x080068bc   0x080068bc   0x0000009c   Code   RO         4611    i.dma_init          dma.o
    0x08006958   0x08006958   0x00000040   Code   RO         5194    i.exfuns_init       exfuns.o
    0x08006998   0x08006998   0x00000022   Code   RO         4918    i.f_close           ff.o
    0x080069ba   0x080069ba   0x00000184   Code   RO         4921    i.f_lseek           ff.o
    0x08006b3e   0x08006b3e   0x00000002   PAD
    0x08006b40   0x08006b40   0x00000060   Code   RO         4923    i.f_mount           ff.o
    0x08006ba0   0x08006ba0   0x000001ee   Code   RO         4924    i.f_open            ff.o
    0x08006d8e   0x08006d8e   0x000001a4   Code   RO         4926    i.f_read            ff.o
    0x08006f32   0x08006f32   0x000000a2   Code   RO         4930    i.f_sync            ff.o
    0x08006fd4   0x08006fd4   0x000001de   Code   RO         4933    i.f_write           ff.o
    0x080071b2   0x080071b2   0x00000078   Code   RO         4934    i.find_volume       ff.o
    0x0800722a   0x0800722a   0x0000009e   Code   RO         4935    i.follow_path       ff.o
    0x080072c8   0x080072c8   0x0000001c   Code   RO          760    i.fputc             usart.o
    0x080072e4   0x080072e4   0x00000030   Code   RO          508    i.freertos_app      freertos_app.o
    0x08007314   0x08007314   0x000000e0   Code   RO         4936    i.get_fat           ff.o
    0x080073f4   0x080073f4   0x00000004   Code   RO         4849    i.get_fattime       diskio.o
    0x080073f8   0x080073f8   0x00000052   Code   RO         4938    i.get_ldnumber      ff.o
    0x0800744a   0x0800744a   0x00000002   PAD
    0x0800744c   0x0800744c   0x00000018   Code   RO         4692    i.get_sd_card_state  sdio_sdcard.o
    0x08007464   0x08007464   0x0000005c   Code   RO         6841    i.gui_run           gui_app.o
    0x080074c0   0x080074c0   0x00000010   Code   RO          509    i.gui_task          freertos_app.o
    0x080074d0   0x080074d0   0x000000b8   Code   RO         4537    i.key_init          key.o
    0x08007588   0x08007588   0x00000034   Code   RO         4305    i.lcd_clear         lcd.o
    0x080075bc   0x080075bc   0x000000f8   Code   RO         4307    i.lcd_display_dir   lcd.o
    0x080076b4   0x080076b4   0x00000020   Code   RO         4313    i.lcd_draw_point    lcd.o
    0x080076d4   0x080076d4   0x0000022c   Code   RO         4315    i.lcd_ex_ili9341_reginit  lcd.o
    0x08007900   0x08007900   0x00000ef2   Code   RO         4316    i.lcd_ex_nt35310_reginit  lcd.o
    0x080087f2   0x080087f2   0x000001c6   Code   RO         4318    i.lcd_ex_st7796_reginit  lcd.o
    0x080089b8   0x080089b8   0x000003fc   Code   RO         4321    i.lcd_init          lcd.o
    0x08008db4   0x08008db4   0x0000000c   Code   RO         4322    i.lcd_opt_delay     lcd.o
    0x08008dc0   0x08008dc0   0x00000018   Code   RO         4324    i.lcd_rd_data       lcd.o
    0x08008dd8   0x08008dd8   0x0000023c   Code   RO         4326    i.lcd_scan_dir      lcd.o
    0x08009014   0x08009014   0x00000120   Code   RO         4327    i.lcd_set_cursor    lcd.o
    0x08009134   0x08009134   0x0000012c   Code   RO         4329    i.lcd_show_char     lcd.o
    0x08009260   0x08009260   0x0000006a   Code   RO         4331    i.lcd_show_string   lcd.o
    0x080092ca   0x080092ca   0x00000002   PAD
    0x080092cc   0x080092cc   0x00000018   Code   RO         4334    i.lcd_wr_data       lcd.o
    0x080092e4   0x080092e4   0x00000018   Code   RO         4335    i.lcd_wr_regno      lcd.o
    0x080092fc   0x080092fc   0x00000014   Code   RO         4336    i.lcd_write_ram_prepare  lcd.o
    0x08009310   0x08009310   0x00000010   Code   RO         4337    i.lcd_write_reg     lcd.o
    0x08009320   0x08009320   0x0000000c   Code   RO         4939    i.ld_16             ff.o
    0x0800932c   0x0800932c   0x00000018   Code   RO         4940    i.ld_32             ff.o
    0x08009344   0x08009344   0x00000026   Code   RO         4941    i.ld_clust          ff.o
    0x0800936a   0x0800936a   0x00000002   PAD
    0x0800936c   0x0800936c   0x00000018   Code   RO         6643    i.led_get_status    led_app.o
    0x08009384   0x08009384   0x00000088   Code   RO         4268    i.led_init          led.o
    0x0800940c   0x0800940c   0x00000034   Code   RO         4269    i.led_off           led.o
    0x08009440   0x08009440   0x00000034   Code   RO         4270    i.led_on            led.o
    0x08009474   0x08009474   0x00000028   Code   RO         6644    i.led_run           led_app.o
    0x0800949c   0x0800949c   0x00000010   Code   RO          510    i.led_task          freertos_app.o
    0x080094ac   0x080094ac   0x00000010   Code   RO          511    i.lsens_cmd_task    freertos_app.o
    0x080094bc   0x080094bc   0x0000000c   Code   RO         6743    i.lsens_off         lsens_app.o
    0x080094c8   0x080094c8   0x00000038   Code   RO         6745    i.lsens_run         lsens_app.o
    0x08009500   0x08009500   0x00000048   Code   RO           13    i.main              main.o
    0x08009548   0x08009548   0x000002a4   Code   RO         4942    i.mount_volume      ff.o
    0x080097ec   0x080097ec   0x00000034   Code   RO         4943    i.move_window       ff.o
    0x08009820   0x08009820   0x00000030   Code   RO         4768    i.my_mem_init       malloc.o
    0x08009850   0x08009850   0x000000a8   Code   RO         4769    i.my_mem_malloc     malloc.o
    0x080098f8   0x080098f8   0x00000040   Code   RO         4770    i.my_mem_perused    malloc.o
    0x08009938   0x08009938   0x00000014   Code   RO         4771    i.my_mem_set        malloc.o
    0x0800994c   0x0800994c   0x00000050   Code   RO          761    i.my_printf         usart.o
    0x0800999c   0x0800999c   0x00000028   Code   RO         4773    i.mymalloc          malloc.o
    0x080099c4   0x080099c4   0x00000002   Code   RO         6675    i.pc_cmd_return     pc_cmd_app.o
    0x080099c6   0x080099c6   0x00000042   Code   RO         6676    i.pc_cmd_run        pc_cmd_app.o
    0x08009a08   0x08009a08   0x00000010   Code   RO          512    i.pc_cmd_task       freertos_app.o
    0x08009a18   0x08009a18   0x000009d8   Code   RO         7003    i.pow               m_ws.l(pow.o)
    0x0800a3f0   0x0800a3f0   0x000000cc   Code   RO         5885    i.prvAddCurrentTaskToDelayedList  tasks.o
    0x0800a4bc   0x0800a4bc   0x000000ec   Code   RO         5886    i.prvAddNewTaskToReadyList  tasks.o
    0x0800a5a8   0x0800a5a8   0x00000064   Code   RO         6310    i.prvCheckForValidListAndQueue  timers.o
    0x0800a60c   0x0800a60c   0x00000048   Code   RO         5887    i.prvCheckTasksWaitingTermination  tasks.o
    0x0800a654   0x0800a654   0x0000002a   Code   RO         5458    i.prvCopyDataFromQueue  queue.o
    0x0800a67e   0x0800a67e   0x0000007e   Code   RO         5459    i.prvCopyDataToQueue  queue.o
    0x0800a6fc   0x0800a6fc   0x00000012   Code   RO         5888    i.prvDeleteTCB      tasks.o
    0x0800a70e   0x0800a70e   0x00000002   PAD
    0x0800a710   0x0800a710   0x00000028   Code   RO         6311    i.prvGetNextExpireTime  timers.o
    0x0800a738   0x0800a738   0x0000007c   Code   RO         6487    i.prvHeapInit       heap_4.o
    0x0800a7b4   0x0800a7b4   0x00000028   Code   RO         5889    i.prvIdleTask       tasks.o
    0x0800a7dc   0x0800a7dc   0x0000002e   Code   RO         5462    i.prvInitialiseNewQueue  queue.o
    0x0800a80a   0x0800a80a   0x00000002   PAD
    0x0800a80c   0x0800a80c   0x00000104   Code   RO         5890    i.prvInitialiseNewTask  tasks.o
    0x0800a910   0x0800a910   0x00000068   Code   RO         5891    i.prvInitialiseTaskLists  tasks.o
    0x0800a978   0x0800a978   0x00000068   Code   RO         6488    i.prvInsertBlockIntoFreeList  heap_4.o
    0x0800a9e0   0x0800a9e0   0x00000058   Code   RO         6313    i.prvInsertTimerInActiveList  timers.o
    0x0800aa38   0x0800aa38   0x0000001a   Code   RO         5463    i.prvIsQueueEmpty   queue.o
    0x0800aa52   0x0800aa52   0x00000002   PAD
    0x0800aa54   0x0800aa54   0x000000c4   Code   RO         5465    i.prvNotifyQueueSetContainer  queue.o
    0x0800ab18   0x0800ab18   0x00000044   Code   RO         6314    i.prvProcessExpiredTimer  timers.o
    0x0800ab5c   0x0800ab5c   0x0000016c   Code   RO         6315    i.prvProcessReceivedCommands  timers.o
    0x0800acc8   0x0800acc8   0x00000074   Code   RO         6316    i.prvProcessTimerOrBlockTask  timers.o
    0x0800ad3c   0x0800ad3c   0x00000028   Code   RO         6317    i.prvReloadTimer    timers.o
    0x0800ad64   0x0800ad64   0x00000030   Code   RO         5893    i.prvResetNextTaskUnblockTime  tasks.o
    0x0800ad94   0x0800ad94   0x0000002c   Code   RO         6318    i.prvSampleTimeNow  timers.o
    0x0800adc0   0x0800adc0   0x00000044   Code   RO         6319    i.prvSwitchTimerLists  timers.o
    0x0800ae04   0x0800ae04   0x0000007c   Code   RO         6555    i.prvTaskExitError  port.o
    0x0800ae80   0x0800ae80   0x0000001a   Code   RO         6320    i.prvTimerTask      timers.o
    0x0800ae9a   0x0800ae9a   0x00000090   Code   RO         5466    i.prvUnlockQueue    queue.o
    0x0800af2a   0x0800af2a   0x00000138   Code   RO         4944    i.put_fat           ff.o
    0x0800b062   0x0800b062   0x00000002   PAD
    0x0800b064   0x0800b064   0x00000194   Code   RO         6489    i.pvPortMalloc      heap_4.o
    0x0800b1f8   0x0800b1f8   0x00000024   Code   RO         6556    i.pxPortInitialiseStack  port.o
    0x0800b21c   0x0800b21c   0x0000009a   Code   RO         4945    i.remove_chain      ff.o
    0x0800b2b6   0x0800b2b6   0x00000002   PAD
    0x0800b2b8   0x0800b2b8   0x00000014   Code   RO          762    i.return_usart_receive_callback  usart.o
    0x0800b2cc   0x0800b2cc   0x00000044   Code   RO         6792    i.run_log_run       run_log_app.o
    0x0800b310   0x0800b310   0x00000010   Code   RO          513    i.run_log_task      freertos_app.o
    0x0800b320   0x0800b320   0x0000007c   Code   RO         6794    i.scan_sd_card      run_log_app.o
    0x0800b39c   0x0800b39c   0x00000038   Code   RO         4693    i.sd_init           sdio_sdcard.o
    0x0800b3d4   0x0800b3d4   0x00000054   Code   RO         4694    i.sd_read_disk      sdio_sdcard.o
    0x0800b428   0x0800b428   0x00000058   Code   RO         4695    i.sd_write_disk     sdio_sdcard.o
    0x0800b480   0x0800b480   0x0000004c   Code   RO         7111    i.sqrt              m_ws.l(sqrt.o)
    0x0800b4cc   0x0800b4cc   0x0000000c   Code   RO         4946    i.st_16             ff.o
    0x0800b4d8   0x0800b4d8   0x00000018   Code   RO         4947    i.st_32             ff.o
    0x0800b4f0   0x0800b4f0   0x00000024   Code   RO         4948    i.st_clust          ff.o
    0x0800b514   0x0800b514   0x00000114   Code   RO          514    i.start_task        freertos_app.o
    0x0800b628   0x0800b628   0x00000090   Code   RO         4949    i.sync_fs           ff.o
    0x0800b6b8   0x0800b6b8   0x0000004a   Code   RO         4950    i.sync_window       ff.o
    0x0800b702   0x0800b702   0x00000056   Code   RO          687    i.sys_stm32_clock_init  sys.o
    0x0800b758   0x0800b758   0x0000001c   Code   RO          763    i.usart_check_sum   usart.o
    0x0800b774   0x0800b774   0x00000038   Code   RO          764    i.usart_init        usart.o
    0x0800b7ac   0x0800b7ac   0x0000008c   Code   RO          765    i.usart_receive_complete  usart.o
    0x0800b838   0x0800b838   0x00000028   Code   RO         5409    i.uxListRemove      list.o
    0x0800b860   0x0800b860   0x0000001a   Code   RO         5410    i.vListInitialise   list.o
    0x0800b87a   0x0800b87a   0x00000006   Code   RO         5411    i.vListInitialiseItem  list.o
    0x0800b880   0x0800b880   0x00000034   Code   RO         5412    i.vListInsert       list.o
    0x0800b8b4   0x0800b8b4   0x00000018   Code   RO         5413    i.vListInsertEnd    list.o
    0x0800b8cc   0x0800b8cc   0x00000094   Code   RO         6558    i.vPortEnterCritical  port.o
    0x0800b960   0x0800b960   0x0000007c   Code   RO         6559    i.vPortExitCritical  port.o
    0x0800b9dc   0x0800b9dc   0x000000d8   Code   RO         6490    i.vPortFree         heap_4.o
    0x0800bab4   0x0800bab4   0x0000002c   Code   RO         6560    i.vPortSetupTimerInterrupt  port.o
    0x0800bae0   0x0800bae0   0x0000008c   Code   RO         5472    i.vQueueAddToRegistry  queue.o
    0x0800bb6c   0x0800bb6c   0x0000004a   Code   RO         5476    i.vQueueWaitForMessageRestricted  queue.o
    0x0800bbb6   0x0800bbb6   0x00000002   PAD
    0x0800bbb8   0x0800bbb8   0x00000084   Code   RO         5908    i.vTaskDelay        tasks.o
    0x0800bc3c   0x0800bc3c   0x00000124   Code   RO         5909    i.vTaskDelete       tasks.o
    0x0800bd60   0x0800bd60   0x00000018   Code   RO         5913    i.vTaskInternalSetTimeOutState  tasks.o
    0x0800bd78   0x0800bd78   0x0000000c   Code   RO         5915    i.vTaskMissedYield  tasks.o
    0x0800bd84   0x0800bd84   0x00000064   Code   RO         5916    i.vTaskPlaceOnEventList  tasks.o
    0x0800bde8   0x0800bde8   0x0000008c   Code   RO         5917    i.vTaskPlaceOnEventListRestricted  tasks.o
    0x0800be74   0x0800be74   0x000000c4   Code   RO         5925    i.vTaskStartScheduler  tasks.o
    0x0800bf38   0x0800bf38   0x00000010   Code   RO         5927    i.vTaskSuspendAll   tasks.o
    0x0800bf48   0x0800bf48   0x000000b8   Code   RO         5928    i.vTaskSwitchContext  tasks.o
    0x0800c000   0x0800c000   0x0000003c   Code   RO         4951    i.validate          ff.o
    0x0800c03c   0x0800c03c   0x0000014c   Code   RO         6562    i.xPortStartScheduler  port.o
    0x0800c188   0x0800c188   0x00000034   Code   RO         6563    i.xPortSysTickHandler  port.o
    0x0800c1bc   0x0800c1bc   0x00000090   Code   RO         5481    i.xQueueGenericCreate  queue.o
    0x0800c24c   0x0800c24c   0x000000fc   Code   RO         5482    i.xQueueGenericReset  queue.o
    0x0800c348   0x0800c348   0x00000180   Code   RO         5491    i.xQueueReceive     queue.o
    0x0800c4c8   0x0800c4c8   0x000000cc   Code   RO         5931    i.xTaskCheckForTimeOut  tasks.o
    0x0800c594   0x0800c594   0x00000060   Code   RO         5932    i.xTaskCreate       tasks.o
    0x0800c5f4   0x0800c5f4   0x00000020   Code   RO         5941    i.xTaskGetSchedulerState  tasks.o
    0x0800c614   0x0800c614   0x0000000c   Code   RO         5942    i.xTaskGetTickCount  tasks.o
    0x0800c620   0x0800c620   0x000001e8   Code   RO         5944    i.xTaskIncrementTick  tasks.o
    0x0800c808   0x0800c808   0x00000110   Code   RO         5945    i.xTaskPriorityDisinherit  tasks.o
    0x0800c918   0x0800c918   0x0000014c   Code   RO         5947    i.xTaskRemoveFromEventList  tasks.o
    0x0800ca64   0x0800ca64   0x000001a0   Code   RO         5948    i.xTaskResumeAll    tasks.o
    0x0800cc04   0x0800cc04   0x00000080   Code   RO         6328    i.xTimerCreateTimerTask  timers.o
    0x0800cc84   0x0800cc84   0x0000002c   Code   RO         7203    locale$$code        c_w.l(lc_numeric_c.o)
    0x0800ccb0   0x0800ccb0   0x0000002c   Code   RO         7228    locale$$code        c_w.l(lc_ctype_c.o)
    0x0800ccdc   0x0800ccdc   0x00000150   Code   RO         6962    x$fpl$dadd          fz_ws.l(daddsub_clz.o)
    0x0800ce2c   0x0800ce2c   0x00000010   Code   RO         7157    x$fpl$dcheck1       fz_ws.l(dcheck1.o)
    0x0800ce3c   0x0800ce3c   0x00000018   Code   RO         7217    x$fpl$dcmpinf       fz_ws.l(dcmpi.o)
    0x0800ce54   0x0800ce54   0x000002b0   Code   RO         6969    x$fpl$ddiv          fz_ws.l(ddiv.o)
    0x0800d104   0x0800d104   0x0000002e   Code   RO         6977    x$fpl$dflt          fz_ws.l(dflt_clz.o)
    0x0800d132   0x0800d132   0x00000026   Code   RO         6976    x$fpl$dfltu         fz_ws.l(dflt_clz.o)
    0x0800d158   0x0800d158   0x00000078   Code   RO         7159    x$fpl$dleqf         fz_ws.l(dleqf.o)
    0x0800d1d0   0x0800d1d0   0x00000154   Code   RO         6982    x$fpl$dmul          fz_ws.l(dmul.o)
    0x0800d324   0x0800d324   0x0000009c   Code   RO         7070    x$fpl$dnaninf       fz_ws.l(dnaninf.o)
    0x0800d3c0   0x0800d3c0   0x0000000c   Code   RO         7072    x$fpl$dretinf       fz_ws.l(dretinf.o)
    0x0800d3cc   0x0800d3cc   0x0000006c   Code   RO         7074    x$fpl$drleqf        fz_ws.l(drleqf.o)
    0x0800d438   0x0800d438   0x00000016   Code   RO         6963    x$fpl$drsb          fz_ws.l(daddsub_clz.o)
    0x0800d44e   0x0800d44e   0x00000002   PAD
    0x0800d450   0x0800d450   0x000001cc   Code   RO         7161    x$fpl$dsqrt         fz_ws.l(dsqrt_noumaal.o)
    0x0800d61c   0x0800d61c   0x000001d4   Code   RO         6964    x$fpl$dsub          fz_ws.l(daddsub_clz.o)
    0x0800d7f0   0x0800d7f0   0x00000056   Code   RO         6984    x$fpl$f2d           fz_ws.l(f2d.o)
    0x0800d846   0x0800d846   0x00000002   PAD
    0x0800d848   0x0800d848   0x000000c4   Code   RO         6986    x$fpl$fadd          fz_ws.l(faddsub_clz.o)
    0x0800d90c   0x0800d90c   0x00000184   Code   RO         6993    x$fpl$fdiv          fz_ws.l(fdiv.o)
    0x0800da90   0x0800da90   0x00000026   Code   RO         6996    x$fpl$ffltu         fz_ws.l(fflt_clz.o)
    0x0800dab6   0x0800dab6   0x0000008c   Code   RO         7076    x$fpl$fnaninf       fz_ws.l(fnaninf.o)
    0x0800db42   0x0800db42   0x0000000a   Code   RO         7078    x$fpl$fretinf       fz_ws.l(fretinf.o)
    0x0800db4c   0x0800db4c   0x000000ea   Code   RO         6988    x$fpl$fsub          fz_ws.l(faddsub_clz.o)
    0x0800dc36   0x0800dc36   0x00000004   Code   RO         7080    x$fpl$printf1       fz_ws.l(printf1.o)
    0x0800dc3a   0x0800dc3a   0x00000004   Code   RO         7082    x$fpl$printf2       fz_ws.l(printf2.o)
    0x0800dc3e   0x0800dc3e   0x00000064   Code   RO         7221    x$fpl$retnan        fz_ws.l(retnan.o)
    0x0800dca2   0x0800dca2   0x0000005c   Code   RO         7088    x$fpl$scalbn        fz_ws.l(scalbn.o)
    0x0800dcfe   0x0800dcfe   0x00000030   Code   RO         7279    x$fpl$trapveneer    fz_ws.l(trapv.o)
    0x0800dd2e   0x0800dd2e   0x00000000   Code   RO         7090    x$fpl$usenofp       fz_ws.l(usenofp.o)
    0x0800dd2e   0x0800dd2e   0x00000018   Data   RO          287    .constdata          system_stm32f1xx.o
    0x0800dd46   0x0800dd46   0x000017c0   Data   RO         4339    .constdata          lcd.o
    0x0800f506   0x0800f506   0x00000002   PAD
    0x0800f508   0x0800f508   0x0000000c   Data   RO         4776    .constdata          malloc.o
    0x0800f514   0x0800f514   0x0000000a   Data   RO         4952    .constdata          ff.o
    0x0800f51e   0x0800f51e   0x00000028   Data   RO         6908    .constdata          c_w.l(_printf_hex_int_ll_ptr.o)
    0x0800f546   0x0800f546   0x00000011   Data   RO         6928    .constdata          c_w.l(__printf_flags_ss_wp.o)
    0x0800f557   0x0800f557   0x00000001   PAD
    0x0800f558   0x0800f558   0x00000088   Data   RO         7004    .constdata          m_ws.l(pow.o)
    0x0800f5e0   0x0800f5e0   0x00000008   Data   RO         7040    .constdata          c_w.l(_printf_wctomb.o)
    0x0800f5e8   0x0800f5e8   0x00000008   Data   RO         7109    .constdata          m_ws.l(qnan.o)
    0x0800f5f0   0x0800f5f0   0x00000026   Data   RO         7145    .constdata          c_w.l(_printf_fp_hex.o)
    0x0800f616   0x0800f616   0x00000002   PAD
    0x0800f618   0x0800f618   0x00000094   Data   RO         7178    .constdata          c_w.l(bigflt0.o)
    0x0800f6ac   0x0800f6ac   0x000000a1   Data   RO         4697    .conststring        sdio_sdcard.o
    0x0800f74d   0x0800f74d   0x00000003   PAD
    0x0800f750   0x0800f750   0x00000020   Data   RO         7348    Region$$Table       anon$$obj.o
    0x0800f770   0x0800f770   0x0000001c   Data   RO         7202    locale$$data        c_w.l(lc_numeric_c.o)
    0x0800f78c   0x0800f78c   0x00000110   Data   RO         7227    locale$$data        c_w.l(lc_ctype_c.o)


    Execution Region RW_IRAM1 (Exec base: 0x20000000, Load base: 0x0800f89c, Size: 0x0000c780, Max: 0x00010000, ABSOLUTE)

    Exec Addr    Load Addr    Size         Type   Attr      Idx    E Section Name        Object

    0x20000000   0x0800f89c   0x00000004   Data   RW          288    .data               system_stm32f1xx.o
    0x20000004   0x0800f8a0   0x0000001c   Data   RW          515    .data               freertos_app.o
    0x20000020   0x0800f8bc   0x00000002   Data   RW          635    .data               delay.o
    0x20000022   0x0800f8be   0x00000002   PAD
    0x20000024   0x0800f8c0   0x00000008   Data   RW          767    .data               usart.o
    0x2000002c   0x0800f8c8   0x00000009   Data   RW          883    .data               stm32f1xx_hal.o
    0x20000035   0x0800f8d1   0x00000003   PAD
    0x20000038   0x0800f8d4   0x00000008   Data   RW         4340    .data               lcd.o
    0x20000040   0x0800f8dc   0x00000014   Data   RW         4777    .data               malloc.o
    0x20000054   0x0800f8f0   0x00000006   Data   RW         4953    .data               ff.o
    0x2000005a   0x0800f8f6   0x00000002   PAD
    0x2000005c   0x0800f8f8   0x00000004   Data   RW         5197    .data               exfuns.o
    0x20000060   0x0800f8fc   0x00000040   Data   RW         5951    .data               tasks.o
    0x200000a0   0x0800f93c   0x00000014   Data   RW         6337    .data               timers.o
    0x200000b4   0x0800f950   0x00000020   Data   RW         6496    .data               heap_4.o
    0x200000d4   0x0800f970   0x0000000c   Data   RW         6564    .data               port.o
    0x200000e0   0x0800f97c   0x00000001   Data   RW         6645    .data               led_app.o
    0x200000e1   0x0800f97d   0x00000003   PAD
    0x200000e4   0x0800f980   0x0000000c   Data   RW         6707    .data               debug_app.o
    0x200000f0   0x0800f98c   0x00000008   Data   RW         6795    .data               run_log_app.o
    0x200000f8        -       0x00000506   Zero   RW          766    .bss                usart.o
    0x200005fe   0x0800f994   0x00000002   PAD
    0x20000600        -       0x00000056   Zero   RW         4338    .bss                lcd.o
    0x20000656   0x0800f994   0x00000002   PAD
    0x20000658        -       0x00000048   Zero   RW         4571    .bss                btim.o
    0x200006a0        -       0x00000044   Zero   RW         4612    .bss                dma.o
    0x200006e4        -       0x00000030   Zero   RW         4648    .bss                lsens.o
    0x20000714        -       0x000000a4   Zero   RW         4696    .bss                sdio_sdcard.o
    0x200007b8   0x0800f994   0x00000008   PAD
    0x200007c0        -       0x00006600   Zero   RW         4775    .bss                malloc.o
    0x20006dc0        -       0x00000040   Zero   RW         5498    .bss                queue.o
    0x20006e00        -       0x000002e4   Zero   RW         5950    .bss                tasks.o
    0x200070e4        -       0x00000028   Zero   RW         6336    .bss                timers.o
    0x2000710c        -       0x00005000   Zero   RW         6495    .bss                heap_4.o
    0x2000c10c   0x0800f994   0x00000004   PAD
    0x2000c110        -       0x00000010   Zero   RW         6746    .bss                lsens_app.o
    0x2000c120        -       0x00000060   Zero   RW         7164    .bss                c_w.l(libspace.o)
    0x2000c180        -       0x00000200   Zero   RW            2    HEAP                startup_stm32f103xe.o
    0x2000c380        -       0x00000400   Zero   RW            1    STACK               startup_stm32f103xe.o


==============================================================================

Image component sizes


      Code (inc. data)   RO Data    RW Data    ZI Data      Debug   Object Name

        18          6          0          0         72       1570   btim.o
       172         72          0         12          0       1348   debug_app.o
       196         10          0          2          0       2469   delay.o
       418          4          0          0          0       7988   diskio.o
       172         24          0          0         68       1770   dma.o
         0          0          0          0          0      12192   event_groups.o
        64          4          0          4          0       1561   exfuns.o
      5928         84         10          6          0      44423   ff.o
       420        152          0         28          0      22974   freertos_app.o
        92         20          0          0          0        546   gui_app.o
       848        218          0         32      20480       4159   heap_4.o
       184         12          0          0          0       1011   key.o
      7718        154       6080          8         86      18734   lcd.o
       240         32          0          0          0       1962   led.o
        64         10          0          1          0       1603   led_app.o
       148          0          0          0          0       3326   list.o
       424         46          0          0         48       2648   lsens.o
        68         10          0          0         16       1188   lsens_app.o
        72          4          0          0          0     547491   main.o
       340         36         12         20      26112       4730   malloc.o
        68          0          0          0          0       1589   pc_cmd_app.o
      1010        354          0         12          0       9796   port.o
      1574        278          0          0         64      12711   queue.o
       656        380          0          8          0       2813   run_log_app.o
       632         46        161          0        164       4903   sdio_sdcard.o
        64         26        304          0       1536        940   startup_stm32f103xe.o
       194         36          0          9          0       7071   stm32f1xx_hal.o
      1664         64          0          0          0       7673   stm32f1xx_hal_adc.o
       260          4          0          0          0       1478   stm32f1xx_hal_adc_ex.o
       344         22          0          0          0      30105   stm32f1xx_hal_cortex.o
      1684         28          0          0          0       4702   stm32f1xx_hal_dma.o
       844         40          0          0          0       2728   stm32f1xx_hal_gpio.o
      1784        110          0          0          0       6112   stm32f1xx_hal_rcc.o
       612         46          0          0          0       2461   stm32f1xx_hal_rcc_ex.o
      2494         26          0          0          0       9203   stm32f1xx_hal_sd.o
       102          0          0          0          0       1224   stm32f1xx_hal_sram.o
       414          0          0          0          0       3562   stm32f1xx_hal_tim.o
         4          0          0          0          0       1553   stm32f1xx_hal_tim_ex.o
      1486         24          0          0          0      11019   stm32f1xx_hal_uart.o
        20          0          0          0          0       2629   stm32f1xx_it.o
       254         10          0          0          0       3871   stm32f1xx_ll_fsmc.o
      1998         46          0          0          0      22220   stm32f1xx_ll_sdmmc.o
        86          0          0          0          0        723   sys.o
         2          0         24          4          0       1363   system_stm32f1xx.o
      3930       1024          0         64        740      33442   tasks.o
      1082        214          0         20         40      13444   timers.o
       620         90          0          8       1286       9240   usart.o

    ----------------------------------------------------------------------
     41520       3766       6628        248      50728     892268   Object Totals
         0          0         32          0          0          0   (incl. Generated)
        52          0          5         10         16          0   (incl. Padding)

    ----------------------------------------------------------------------

      Code (inc. data)   RO Data    RW Data    ZI Data      Debug   Library Member Name

        24          4          0          0          0         84   __2printf.o
        44          6          0          0          0         84   __2sprintf.o
         8          0          0          0          0         68   __main.o
       392          4         17          0          0         92   __printf_flags_ss_wp.o
        14          0          0          0          0         68   __printf_wp.o
         0          0          0          0          0          0   __rtentry.o
        12          0          0          0          0          0   __rtentry2.o
         6          0          0          0          0          0   __rtentry4.o
        52          8          0          0          0          0   __scatter.o
        26          0          0          0          0          0   __scatter_copy.o
        28          0          0          0          0          0   __scatter_zi.o
         6          0          0          0          0          0   _printf_a.o
         6          0          0          0          0          0   _printf_c.o
        44          0          0          0          0        108   _printf_char.o
        48          6          0          0          0         96   _printf_char_common.o
        36          4          0          0          0         80   _printf_char_file.o
        40          0          0          0          0         68   _printf_charcount.o
         6          0          0          0          0          0   _printf_d.o
       120         16          0          0          0         92   _printf_dec.o
         6          0          0          0          0          0   _printf_e.o
         6          0          0          0          0          0   _printf_f.o
      1054          0          0          0          0        216   _printf_fp_dec.o
       764          8         38          0          0        100   _printf_fp_hex.o
       128         16          0          0          0         84   _printf_fp_infnan.o
         6          0          0          0          0          0   _printf_g.o
       148          4         40          0          0        160   _printf_hex_int_ll_ptr.o
         6          0          0          0          0          0   _printf_i.o
       178          0          0          0          0         88   _printf_intcommon.o
        10          0          0          0          0          0   _printf_l.o
         6          0          0          0          0          0   _printf_lc.o
        10          0          0          0          0          0   _printf_ll.o
         6          0          0          0          0          0   _printf_lld.o
         6          0          0          0          0          0   _printf_lli.o
         6          0          0          0          0          0   _printf_llo.o
         6          0          0          0          0          0   _printf_llu.o
         6          0          0          0          0          0   _printf_llx.o
       124         16          0          0          0         92   _printf_longlong_dec.o
         6          0          0          0          0          0   _printf_ls.o
         6          0          0          0          0          0   _printf_n.o
         6          0          0          0          0          0   _printf_o.o
       112         10          0          0          0        124   _printf_oct_int_ll.o
         6          0          0          0          0          0   _printf_p.o
        78          0          0          0          0        108   _printf_pad.o
         0          0          0          0          0          0   _printf_percent.o
         4          0          0          0          0          0   _printf_percent_end.o
         6          0          0          0          0          0   _printf_s.o
        82          0          0          0          0         80   _printf_str.o
        36          0          0          0          0         84   _printf_truncate.o
         6          0          0          0          0          0   _printf_u.o
        44          0          0          0          0        108   _printf_wchar.o
       188          6          8          0          0         92   _printf_wctomb.o
         6          0          0          0          0          0   _printf_x.o
        22          0          0          0          0        100   _rserrno.o
        16          0          0          0          0         68   _snputc.o
        10          0          0          0          0         68   _sputc.o
        64          0          0          0          0         92   _wcrtomb.o
        16          0          0          0          0         68   aeabi_memset.o
       228          4        148          0          0         96   bigflt0.o
      1936        128          0          0          0        672   btod.o
        18          0          0          0          0         80   exit.o
         8          0          0          0          0         68   ferror.o
         6          0          0          0          0        152   heapauxi.o
        44         10        272          0          0         76   lc_ctype_c.o
        44         10         28          0          0         76   lc_numeric_c.o
         2          0          0          0          0          0   libinit.o
        30          0          0          0          0          0   libinit2.o
         2          0          0          0          0          0   libshutdown.o
         2          0          0          0          0          0   libshutdown2.o
         8          4          0          0         96         68   libspace.o
        72          0          0          0          0         76   llsdiv.o
       138          0          0          0          0         80   lludiv10.o
       238          0          0          0          0        100   lludivv7m.o
        88          0          0          0          0         76   memcmp.o
        16          4          0          0          0         76   rt_ctype_table.o
         8          4          0          0          0         68   rt_errno_addr_intlibspace.o
         8          4          0          0          0         68   rt_locale_intlibspace.o
        68          0          0          0          0         68   rt_memclr.o
        78          0          0          0          0         80   rt_memclr_w.o
       138          0          0          0          0         68   rt_memcpy_v6.o
       100          0          0          0          0         80   rt_memcpy_w.o
         2          0          0          0          0          0   rtexit.o
        10          0          0          0          0          0   rtexit2.o
        20          0          0          0          0         68   strchr.o
       128          0          0          0          0         68   strcmpv7m.o
        62          0          0          0          0         76   strlen.o
        74          0          0          0          0         80   sys_stackheap_outer.o
         2          0          0          0          0         68   use_no_semi.o
         2          0          0          0          0         68   use_no_semi_2.o
        52          4          0          0          0         80   vsnprintf.o
       826         16          0          0          0        348   daddsub_clz.o
        16          4          0          0          0         68   dcheck1.o
        24          0          0          0          0         68   dcmpi.o
       688        140          0          0          0        208   ddiv.o
        84          0          0          0          0        136   dflt_clz.o
       120          4          0          0          0         92   dleqf.o
       340         12          0          0          0        104   dmul.o
       156          4          0          0          0         92   dnaninf.o
        12          0          0          0          0         68   dretinf.o
       108          0          0          0          0         80   drleqf.o
       460         56          0          0          0        120   dsqrt_noumaal.o
        86          4          0          0          0         84   f2d.o
       430          8          0          0          0        168   faddsub_clz.o
       388         76          0          0          0         96   fdiv.o
        38          0          0          0          0         68   fflt_clz.o
       140          4          0          0          0         84   fnaninf.o
        10          0          0          0          0         68   fretinf.o
         4          0          0          0          0         68   printf1.o
         4          0          0          0          0         68   printf2.o
       100          0          0          0          0         68   retnan.o
        92          0          0          0          0         68   scalbn.o
        48          0          0          0          0         68   trapv.o
         0          0          0          0          0          0   usenofp.o
        62         10          0          0          0        340   dunder.o
        40          0          0          0          0         68   fpclassify.o
       170          0          0          0          0         96   poly.o
      2520        190        136          0          0        324   pow.o
         0          0          8          0          0          0   qnan.o
        76          0          0          0          0         84   sqrt.o

    ----------------------------------------------------------------------
     14798        808        698          0         96       8412   Library Totals
        22          0          3          0          0          0   (incl. Padding)

    ----------------------------------------------------------------------

      Code (inc. data)   RO Data    RW Data    ZI Data      Debug   Library Name

      7734        280        551          0         96       5208   c_w.l
      4174        328          0          0          0       2292   fz_ws.l
      2868        200        144          0          0        912   m_ws.l

    ----------------------------------------------------------------------
     14798        808        698          0         96       8412   Library Totals

    ----------------------------------------------------------------------

==============================================================================


      Code (inc. data)   RO Data    RW Data    ZI Data      Debug   

     56318       4574       7326        248      50824     880864   Grand Totals
     56318       4574       7326        248      50824     880864   ELF Image Totals
     56318       4574       7326        248          0          0   ROM Totals

==============================================================================

    Total RO  Size (Code + RO Data)                63644 (  62.15kB)
    Total RW  Size (RW Data + ZI Data)             51072 (  49.88kB)
    Total ROM Size (Code + RO Data + RW Data)      63892 (  62.39kB)

==============================================================================

