Component: ARM Compiler 5.06 update 7 (build 960) Tool: armlink [4d3601]

==============================================================================

Section Cross References

    startup_stm32f103xe.o(STACK) refers (Special) to heapauxi.o(.text) for __use_two_region_memory
    startup_stm32f103xe.o(HEAP) refers (Special) to heapauxi.o(.text) for __use_two_region_memory
    startup_stm32f103xe.o(RESET) refers (Special) to heapauxi.o(.text) for __use_two_region_memory
    startup_stm32f103xe.o(RESET) refers to startup_stm32f103xe.o(STACK) for __initial_sp
    startup_stm32f103xe.o(RESET) refers to startup_stm32f103xe.o(.text) for Reset_Handler
    startup_stm32f103xe.o(RESET) refers to stm32f1xx_it.o(i.NMI_Handler) for NMI_Handler
    startup_stm32f103xe.o(RESET) refers to stm32f1xx_it.o(i.HardFault_Handler) for HardFault_Handler
    startup_stm32f103xe.o(RESET) refers to stm32f1xx_it.o(i.MemManage_Handler) for MemManage_Handler
    startup_stm32f103xe.o(RESET) refers to stm32f1xx_it.o(i.BusFault_Handler) for BusFault_Handler
    startup_stm32f103xe.o(RESET) refers to stm32f1xx_it.o(i.UsageFault_Handler) for UsageFault_Handler
    startup_stm32f103xe.o(RESET) refers to port.o(.emb_text) for SVC_Handler
    startup_stm32f103xe.o(RESET) refers to stm32f1xx_it.o(i.DebugMon_Handler) for DebugMon_Handler
    startup_stm32f103xe.o(RESET) refers to delay.o(i.SysTick_Handler) for SysTick_Handler
    startup_stm32f103xe.o(RESET) refers to rtc.o(i.RTC_IRQHandler) for RTC_IRQHandler
    startup_stm32f103xe.o(RESET) refers to dma.o(i.DMA1_Channel4_IRQHandler) for DMA1_Channel4_IRQHandler
    startup_stm32f103xe.o(RESET) refers to dma.o(i.DMA1_Channel5_IRQHandler) for DMA1_Channel5_IRQHandler
    startup_stm32f103xe.o(RESET) refers to usart.o(i.USART1_IRQHandler) for USART1_IRQHandler
    startup_stm32f103xe.o(RESET) refers to btim.o(i.TIM6_IRQHandler) for TIM6_IRQHandler
    startup_stm32f103xe.o(.text) refers (Special) to heapauxi.o(.text) for __use_two_region_memory
    startup_stm32f103xe.o(.text) refers to system_stm32f1xx.o(i.SystemInit) for SystemInit
    startup_stm32f103xe.o(.text) refers to __main.o(!!!main) for __main
    startup_stm32f103xe.o(.text) refers to startup_stm32f103xe.o(HEAP) for Heap_Mem
    startup_stm32f103xe.o(.text) refers to startup_stm32f103xe.o(STACK) for Stack_Mem
    main.o(i.main) refers to stm32f1xx_hal.o(i.HAL_Init) for HAL_Init
    main.o(i.main) refers to sys.o(i.sys_stm32_clock_init) for sys_stm32_clock_init
    main.o(i.main) refers to delay.o(i.delay_init) for delay_init
    main.o(i.main) refers to btim.o(i.btim_timx_int_init) for btim_timx_int_init
    main.o(i.main) refers to usart.o(i.usart_init) for usart_init
    main.o(i.main) refers to dma.o(i.dma_init) for dma_init
    main.o(i.main) refers to led.o(i.led_init) for led_init
    main.o(i.main) refers to lcd.o(i.lcd_init) for lcd_init
    main.o(i.main) refers to key.o(i.key_init) for key_init
    main.o(i.main) refers to beep.o(i.beep_init) for beep_init
    main.o(i.main) refers to rtc.o(i.rtc_init) for rtc_init
    main.o(i.main) refers to radar.o(i.radar_init) for radar_init
    main.o(i.main) refers to lsens.o(i.Lsens_init) for Lsens_init
    main.o(i.main) refers to exfuns.o(i.exfuns_init) for exfuns_init
    main.o(i.main) refers to malloc.o(i.my_mem_init) for my_mem_init
    main.o(i.main) refers to freertos_app.o(i.freertos_app) for freertos_app
    system_stm32f1xx.o(i.SystemCoreClockUpdate) refers to system_stm32f1xx.o(.data) for SystemCoreClock
    system_stm32f1xx.o(i.SystemCoreClockUpdate) refers to system_stm32f1xx.o(.constdata) for AHBPrescTable
    freertos_app.o(i.ReadDateCallback) refers to date_read_app.o(i.date_read_run) for date_read_run
    freertos_app.o(i.debug_task) refers to debug_app.o(i.debug_run) for debug_run
    freertos_app.o(i.debug_task) refers to tasks.o(i.vTaskDelay) for vTaskDelay
    freertos_app.o(i.freertos_app) refers to tasks.o(i.xTaskCreate) for xTaskCreate
    freertos_app.o(i.freertos_app) refers to tasks.o(i.vTaskStartScheduler) for vTaskStartScheduler
    freertos_app.o(i.freertos_app) refers to freertos_app.o(.data) for StartTask_Handler
    freertos_app.o(i.freertos_app) refers to freertos_app.o(i.start_task) for start_task
    freertos_app.o(i.gui_task) refers to gui_app.o(i.gui_run) for gui_run
    freertos_app.o(i.gui_task) refers to tasks.o(i.vTaskDelay) for vTaskDelay
    freertos_app.o(i.key_task) refers to key_app.o(i.key_run) for key_run
    freertos_app.o(i.key_task) refers to tasks.o(i.vTaskDelay) for vTaskDelay
    freertos_app.o(i.led_task) refers to led_app.o(i.led_run) for led_run
    freertos_app.o(i.led_task) refers to tasks.o(i.vTaskDelay) for vTaskDelay
    freertos_app.o(i.lsens_cmd_task) refers to lsens_app.o(i.lsens_set_state) for lsens_set_state
    freertos_app.o(i.lsens_cmd_task) refers to queue.o(i.xQueueGenericCreate) for xQueueGenericCreate
    freertos_app.o(i.lsens_cmd_task) refers to usart.o(i.my_printf) for my_printf
[...]
    xTaskGetTickCount                        0x0800db41   Thumb Code     6  tasks.o(i.xTaskGetTickCount)
    xTaskIncrementTick                       0x0800db4d   Thumb Code   390  tasks.o(i.xTaskIncrementTick)
    xTaskPriorityDisinherit                  0x0800dd35   Thumb Code   206  tasks.o(i.xTaskPriorityDisinherit)
    xTaskRemoveFromEventList                 0x0800de45   Thumb Code   254  tasks.o(i.xTaskRemoveFromEventList)
    xTaskResumeAll                           0x0800df91   Thumb Code   328  tasks.o(i.xTaskResumeAll)
    xTimerCreate                             0x0800e131   Thumb Code    54  timers.o(i.xTimerCreate)
    xTimerCreateTimerTask                    0x0800e169   Thumb Code    56  timers.o(i.xTimerCreateTimerTask)
    xTimerGenericCommand                     0x0800e1e9   Thumb Code   118  timers.o(i.xTimerGenericCommand)
    _get_lc_numeric                          0x0800e299   Thumb Code    44  lc_numeric_c.o(locale$$code)
    _get_lc_ctype                            0x0800e2c5   Thumb Code    44  lc_ctype_c.o(locale$$code)
    __aeabi_d2f                              0x0800e2f1   Thumb Code     0  d2f.o(x$fpl$d2f)
    _d2f                                     0x0800e2f1   Thumb Code    98  d2f.o(x$fpl$d2f)
    __aeabi_dadd                             0x0800e355   Thumb Code     0  daddsub_clz.o(x$fpl$dadd)
    _dadd                                    0x0800e355   Thumb Code   332  daddsub_clz.o(x$fpl$dadd)
    __fpl_dcheck_NaN1                        0x0800e4a5   Thumb Code    10  dcheck1.o(x$fpl$dcheck1)
    __fpl_dcmp_Inf                           0x0800e4b5   Thumb Code    24  dcmpi.o(x$fpl$dcmpinf)
    __aeabi_ddiv                             0x0800e4cd   Thumb Code     0  ddiv.o(x$fpl$ddiv)
    _ddiv                                    0x0800e4cd   Thumb Code   552  ddiv.o(x$fpl$ddiv)
    __aeabi_i2d                              0x0800e77d   Thumb Code     0  dflt_clz.o(x$fpl$dflt)
    _dflt                                    0x0800e77d   Thumb Code    46  dflt_clz.o(x$fpl$dflt)
    __aeabi_ui2d                             0x0800e7ab   Thumb Code     0  dflt_clz.o(x$fpl$dfltu)
    _dfltu                                   0x0800e7ab   Thumb Code    38  dflt_clz.o(x$fpl$dfltu)
    __aeabi_cdcmple                          0x0800e7d1   Thumb Code     0  dleqf.o(x$fpl$dleqf)
    _dcmple                                  0x0800e7d1   Thumb Code   120  dleqf.o(x$fpl$dleqf)
    __fpl_dcmple_InfNaN                      0x0800e833   Thumb Code     0  dleqf.o(x$fpl$dleqf)
    __aeabi_dmul                             0x0800e849   Thumb Code     0  dmul.o(x$fpl$dmul)
    _dmul                                    0x0800e849   Thumb Code   332  dmul.o(x$fpl$dmul)
    __fpl_dnaninf                            0x0800e99d   Thumb Code   156  dnaninf.o(x$fpl$dnaninf)
    __fpl_dretinf                            0x0800ea39   Thumb Code    12  dretinf.o(x$fpl$dretinf)
    __aeabi_cdrcmple                         0x0800ea45   Thumb Code     0  drleqf.o(x$fpl$drleqf)
    _drcmple                                 0x0800ea45   Thumb Code   108  drleqf.o(x$fpl$drleqf)
    __aeabi_drsub                            0x0800eab1   Thumb Code     0  daddsub_clz.o(x$fpl$drsb)
    _drsb                                    0x0800eab1   Thumb Code    22  daddsub_clz.o(x$fpl$drsb)
    _dsqrt                                   0x0800eac9   Thumb Code   456  dsqrt_noumaal.o(x$fpl$dsqrt)
    __aeabi_dsub                             0x0800ec95   Thumb Code     0  daddsub_clz.o(x$fpl$dsub)
    _dsub                                    0x0800ec95   Thumb Code   464  daddsub_clz.o(x$fpl$dsub)
    __aeabi_f2d                              0x0800ee69   Thumb Code     0  f2d.o(x$fpl$f2d)
    _f2d                                     0x0800ee69   Thumb Code    86  f2d.o(x$fpl$f2d)
    __aeabi_fadd                             0x0800eec1   Thumb Code     0  faddsub_clz.o(x$fpl$fadd)
    _fadd                                    0x0800eec1   Thumb Code   196  faddsub_clz.o(x$fpl$fadd)
    __fpl_fcmp_Inf                           0x0800ef85   Thumb Code    24  fcmpi.o(x$fpl$fcmpinf)
    __aeabi_fdiv                             0x0800ef9d   Thumb Code     0  fdiv.o(x$fpl$fdiv)
    _fdiv                                    0x0800ef9d   Thumb Code   384  fdiv.o(x$fpl$fdiv)
    __aeabi_cfcmpeq                          0x0800f121   Thumb Code     0  feqf.o(x$fpl$feqf)
    _fcmpeq                                  0x0800f121   Thumb Code   104  feqf.o(x$fpl$feqf)
    __aeabi_ui2f                             0x0800f189   Thumb Code     0  fflt_clz.o(x$fpl$ffltu)
    _ffltu                                   0x0800f189   Thumb Code    38  fflt_clz.o(x$fpl$ffltu)
    __aeabi_cfcmple                          0x0800f1b1   Thumb Code     0  fleqf.o(x$fpl$fleqf)
    _fcmple                                  0x0800f1b1   Thumb Code   104  fleqf.o(x$fpl$fleqf)
    __fpl_fcmple_InfNaN                      0x0800f203   Thumb Code     0  fleqf.o(x$fpl$fleqf)
    __aeabi_fmul                             0x0800f219   Thumb Code     0  fmul.o(x$fpl$fmul)
    _fmul                                    0x0800f219   Thumb Code   258  fmul.o(x$fpl$fmul)
    __fpl_fnaninf                            0x0800f31b   Thumb Code   140  fnaninf.o(x$fpl$fnaninf)
    __fpl_fretinf                            0x0800f3a7   Thumb Code    10  fretinf.o(x$fpl$fretinf)
    __aeabi_fsub                             0x0800f3b1   Thumb Code     0  faddsub_clz.o(x$fpl$fsub)
    _fsub                                    0x0800f3b1   Thumb Code   234  faddsub_clz.o(x$fpl$fsub)
    _printf_fp_dec                           0x0800f49b   Thumb Code     4  printf1.o(x$fpl$printf1)
    _printf_fp_hex                           0x0800f49f   Thumb Code     4  printf2.o(x$fpl$printf2)
    __fpl_return_NaN                         0x0800f4a3   Thumb Code   100  retnan.o(x$fpl$retnan)
    __ARM_scalbn                             0x0800f507   Thumb Code    92  scalbn.o(x$fpl$scalbn)
    __fpl_cmpreturn                          0x0800f563   Thumb Code    48  trapv.o(x$fpl$trapveneer)
    AHBPrescTable                            0x0800f592   Data          16  system_stm32f1xx.o(.constdata)
    __I$use$fp                               0x0800f592   Number         0  usenofp.o(x$fpl$usenofp)
    APBPrescTable                            0x0800f5a2   Data           8  system_stm32f1xx.o(.constdata)
    asc2_1206                                0x0800f5aa   Data        1140  lcd.o(.constdata)
    asc2_1608                                0x0800fa1e   Data        1520  lcd.o(.constdata)
    asc2_2412                                0x0801000e   Data        3420  lcd.o(.constdata)
    memtblsize                               0x08010d6c   Data           4  malloc.o(.constdata)
    memblksize                               0x08010d70   Data           4  malloc.o(.constdata)
    memsize                                  0x08010d74   Data           4  malloc.o(.constdata)
    __mathlib_zero                           0x08010e50   Data           8  qnan.o(.constdata)
    Region$$Table$$Base                      0x08010fb8   Number         0  anon$$obj.o(Region$$Table)
    Region$$Table$$Limit                     0x08010fd8   Number         0  anon$$obj.o(Region$$Table)
    __ctype                                  0x08011001   Data           0  lc_ctype_c.o(locale$$data)
    SystemCoreClock                          0x20000000   Data           4  system_stm32f1xx.o(.data)
    StartTask_Handler                        0x20000004   Data           4  freertos_app.o(.data)
    Gui_Task_Handler                         0x20000008   Data           4  freertos_app.o(.data)
    Debug_Task_Handler                       0x2000000c   Data           4  freertos_app.o(.data)
    LED_Task_Handler                         0x20000010   Data           4  freertos_app.o(.data)
    LSENS_Cmd_Task_Handler                   0x20000014   Data           4  freertos_app.o(.data)
    Pc_Cmd_Task_Handler                      0x20000018   Data           4  freertos_app.o(.data)
    Key_Task_Handler                         0x2000001c   Data           4  freertos_app.o(.data)
    Waring_Sound_Task_Handler                0x20000020   Data           4  freertos_app.o(.data)
    Run_Log_Task_Handler                     0x20000024   Data           4  freertos_app.o(.data)
    Radar_App_Task_Handler                   0x20000028   Data           4  freertos_app.o(.data)
    RtcTimer                                 0x2000002c   Data           4  freertos_app.o(.data)
    Lsens_Data_Queue                         0x20000030   Data           4  freertos_app.o(.data)
    __stdout                                 0x20000038   Data           4  usart.o(.data)
    g_usart_rx_sta                           0x2000003c   Data           2  usart.o(.data)
    g_rx_buffer                              0x2000003e   Data           1  usart.o(.data)
    uart_tx_busy                             0x2000003f   Data           1  usart.o(.data)
    uwTick                                   0x20000040   Data           4  stm32f1xx_hal.o(.data)
    uwTickPrio                               0x20000044   Data           4  stm32f1xx_hal.o(.data)
    uwTickFreq                               0x20000048   Data           1  stm32f1xx_hal.o(.data)
    g_point_color                            0x2000004c   Data           4  lcd.o(.data)
    g_back_color                             0x20000050   Data           4  lcd.o(.data)
    lock                                     0x20000055   Data           1  btim.o(.data)
    mallco_dev                               0x20000058   Data          20  malloc.o(.data)
    fs                                       0x20000074   Data           4  exfuns.o(.data)
    pxCurrentTCB                             0x20000078   Data           4  tasks.o(.data)
    uxTopUsedPriority                        0x200000b0   Data           4  tasks.o(.data)
    mem_usage                                0x200000fe   Data           2  debug_app.o(.data)
    waring_sound_state                       0x20000112   Data           1  waring_sound_app.o(.data)
    enRadarState                             0x20000114   Data           1  radar_app_1.o(.data)
    radar_state                              0x20000115   Data           1  radar_app_1.o(.data)
    radar_timer_count                        0x20000116   Data           2  radar_app_1.o(.data)
    radar_distance                           0x20000118   Data           4  radar_app_1.o(.data)
    g_usart_rx_buf                           0x20000120   Data         100  usart.o(.bss)
    g_uart1_handle                           0x20000184   Data          64  usart.o(.bss)
    data_get                                 0x200001c4   Data          98  usart.o(.bss)
    g_rtc_handle                             0x20000628   Data          20  rtc.o(.bss)
    calendar                                 0x2000063c   Data          10  rtc.o(.bss)
    g_sram_handle                            0x20000648   Data          72  lcd.o(.bss)
    lcddev                                   0x20000690   Data          14  lcd.o(.bss)
    g_timx_handle                            0x200006a0   Data          72  btim.o(.bss)
    g_dma_handle                             0x200006e8   Data          68  dma.o(.bss)
    g_dma_rx_handle                          0x2000072c   Data          68  dma.o(.bss)
    g_adc3_handle                            0x20000770   Data          48  lsens.o(.bss)
    g_sdcard_handler                         0x200007a0   Data         132  sdio_sdcard.o(.bss)
    g_sd_card_info_handle                    0x20000824   Data          32  sdio_sdcard.o(.bss)
    xQueueRegistry                           0x20006e80   Data          64  queue.o(.bss)
    rtc_time                                 0x2000c0a0   Data          10  date_read_app.o(.bss)
    __libspace_start                         0x2000c0ac   Data          96  libspace.o(.bss)
    __temporary_stack_top$libspace           0x2000c10c   Data           0  libspace.o(.bss)



==============================================================================

Memory Map of the image

  Image Entry point : 0x08000131

  Load Region LR_IROM1 (Base: 0x08000000, Size: 0x00011224, Max: 0x00080000, ABSOLUTE)

    Execution Region ER_IROM1 (Exec base: 0x08000000, Load base: 0x08000000, Size: 0x00011104, Max: 0x00080000, ABSOLUTE)

    Exec Addr    Load Addr    Size         Type   Attr      Idx    E Section Name        Object

    0x08000000   0x08000000   0x00000130   Data   RO            3    RESET               startup_stm32f103xe.o
    0x08000130   0x08000130   0x00000008   Code   RO         7590  * !!!main             c_w.l(__main.o)
    0x08000138   0x08000138   0x00000034   Code   RO         8010    !!!scatter          c_w.l(__scatter.o)
    0x0800016c   0x0800016c   0x0000001a   Code   RO         8012    !!handler_copy      c_w.l(__scatter_copy.o)
    0x08000186   0x08000186   0x00000002   PAD
    0x08000188   0x08000188   0x0000001c   Code   RO         8014    !!handler_zi        c_w.l(__scatter_zi.o)
    0x080001a4   0x080001a4   0x00000000   Code   RO         7563    .ARM.Collect$$_printf_percent$$00000000  c_w.l(_printf_percent.o)
    0x080001a4   0x080001a4   0x00000006   Code   RO         7714    .ARM.Collect$$_printf_percent$$00000001  c_w.l(_printf_n.o)
    0x080001aa   0x080001aa   0x00000006   Code   RO         7716    .ARM.Collect$$_printf_percent$$00000002  c_w.l(_printf_p.o)
    0x080001b0   0x080001b0   0x00000006   Code   RO         7562    .ARM.Collect$$_printf_percent$$00000003  c_w.l(_printf_f.o)
    0x080001b6   0x080001b6   0x00000006   Code   RO         7719    .ARM.Collect$$_printf_percent$$00000004  c_w.l(_printf_e.o)
    0x080001bc   0x080001bc   0x00000006   Code   RO         7720    .ARM.Collect$$_printf_percent$$00000005  c_w.l(_printf_g.o)
    0x080001c2   0x080001c2   0x00000006   Code   RO         7721    .ARM.Collect$$_printf_percent$$00000006  c_w.l(_printf_a.o)
    0x080001c8   0x080001c8   0x0000000a   Code   RO         7726    .ARM.Collect$$_printf_percent$$00000007  c_w.l(_printf_ll.o)
    0x080001d2   0x080001d2   0x00000006   Code   RO         7718    .ARM.Collect$$_printf_percent$$00000008  c_w.l(_printf_i.o)
    0x080001d8   0x080001d8   0x00000006   Code   RO         7560    .ARM.Collect$$_printf_percent$$00000009  c_w.l(_printf_d.o)
    0x080001de   0x080001de   0x00000006   Code   RO         7561    .ARM.Collect$$_printf_percent$$0000000A  c_w.l(_printf_u.o)
    0x080001e4   0x080001e4   0x00000006   Code   RO         7717    .ARM.Collect$$_printf_percent$$0000000B  c_w.l(_printf_o.o)
    0x080001ea   0x080001ea   0x00000006   Code   RO         7715    .ARM.Collect$$_printf_percent$$0000000C  c_w.l(_printf_x.o)
    0x080001f0   0x080001f0   0x00000006   Code   RO         7723    .ARM.Collect$$_printf_percent$$0000000D  c_w.l(_printf_lli.o)
    0x080001f6   0x080001f6   0x00000006   Code   RO         7724    .ARM.Collect$$_printf_percent$$0000000E  c_w.l(_printf_lld.o)
    0x080001fc   0x080001fc   0x00000006   Code   RO         7725    .ARM.Collect$$_printf_percent$$0000000F  c_w.l(_printf_llu.o)
    0x08000202   0x08000202   0x00000006   Code   RO         7730    .ARM.Collect$$_printf_percent$$00000010  c_w.l(_printf_llo.o)
    0x08000208   0x08000208   0x00000006   Code   RO         7731    .ARM.Collect$$_printf_percent$$00000011  c_w.l(_printf_llx.o)
    0x0800020e   0x0800020e   0x0000000a   Code   RO         7727    .ARM.Collect$$_printf_percent$$00000012  c_w.l(_printf_l.o)
    0x08000218   0x08000218   0x00000006   Code   RO         7559    .ARM.Collect$$_printf_percent$$00000013  c_w.l(_printf_c.o)
    0x0800021e   0x0800021e   0x00000006   Code   RO         7713    .ARM.Collect$$_printf_percent$$00000014  c_w.l(_printf_s.o)
    0x08000224   0x08000224   0x00000006   Code   RO         7728    .ARM.Collect$$_printf_percent$$00000015  c_w.l(_printf_lc.o)
    0x0800022a   0x0800022a   0x00000006   Code   RO         7729    .ARM.Collect$$_printf_percent$$00000016  c_w.l(_printf_ls.o)
    0x08000230   0x08000230   0x00000004   Code   RO         7722    .ARM.Collect$$_printf_percent$$00000017  c_w.l(_printf_percent_end.o)
    0x08000234   0x08000234   0x00000002   Code   RO         7878    .ARM.Collect$$libinit$$00000000  c_w.l(libinit.o)
    0x08000236   0x08000236   0x00000000   Code   RO         7880    .ARM.Collect$$libinit$$00000002  c_w.l(libinit2.o)
    0x08000236   0x08000236   0x00000000   Code   RO         7882    .ARM.Collect$$libinit$$00000004  c_w.l(libinit2.o)
    0x08000236   0x08000236   0x00000000   Code   RO         7885    .ARM.Collect$$libinit$$0000000A  c_w.l(libinit2.o)
    0x08000236   0x08000236   0x00000000   Code   RO         7887    .ARM.Collect$$libinit$$0000000C  c_w.l(libinit2.o)
    0x08000236   0x08000236   0x00000000   Code   RO         7889    .ARM.Collect$$libinit$$0000000E  c_w.l(libinit2.o)
    0x08000236   0x08000236   0x00000006   Code   RO         7890    .ARM.Collect$$libinit$$0000000F  c_w.l(libinit2.o)
    0x0800023c   0x0800023c   0x00000000   Code   RO         7892    .ARM.Collect$$libinit$$00000011  c_w.l(libinit2.o)
    0x0800023c   0x0800023c   0x0000000c   Code   RO         7893    .ARM.Collect$$libinit$$00000012  c_w.l(libinit2.o)
    0x08000248   0x08000248   0x00000000   Code   RO         7894    .ARM.Collect$$libinit$$00000013  c_w.l(libinit2.o)
    0x08000248   0x08000248   0x00000000   Code   RO         7896    .ARM.Collect$$libinit$$00000015  c_w.l(libinit2.o)
    0x08000248   0x08000248   0x0000000a   Code   RO         7897    .ARM.Collect$$libinit$$00000016  c_w.l(libinit2.o)
    0x08000252   0x08000252   0x00000000   Code   RO         7898    .ARM.Collect$$libinit$$00000017  c_w.l(libinit2.o)
    0x08000252   0x08000252   0x00000000   Code   RO         7900    .ARM.Collect$$libinit$$00000019  c_w.l(libinit2.o)
    0x08000252   0x08000252   0x00000000   Code   RO         7902    .ARM.Collect$$libinit$$0000001B  c_w.l(libinit2.o)
    0x08000252   0x08000252   0x00000000   Code   RO         7904    .ARM.Collect$$libinit$$0000001D  c_w.l(libinit2.o)
    0x08000252   0x08000252   0x00000000   Code   RO         7906    .ARM.Collect$$libinit$$0000001F  c_w.l(libinit2.o)
    0x08000252   0x08000252   0x00000000   Code   RO         7908    .ARM.Collect$$libinit$$00000021  c_w.l(libinit2.o)
    0x08000252   0x08000252   0x00000000   Code   RO         7910    .ARM.Collect$$libinit$$00000023  c_w.l(libinit2.o)
    0x08000252   0x08000252   0x00000000   Code   RO         7912    .ARM.Collect$$libinit$$00000025  c_w.l(libinit2.o)
    0x08000252   0x08000252   0x00000000   Code   RO         7916    .ARM.Collect$$libinit$$0000002C  c_w.l(libinit2.o)
    0x08000252   0x08000252   0x00000000   Code   RO         7918    .ARM.Collect$$libinit$$0000002E  c_w.l(libinit2.o)
    0x08000252   0x08000252   0x00000000   Code   RO         7920    .ARM.Collect$$libinit$$00000030  c_w.l(libinit2.o)
    0x08000252   0x08000252   0x00000000   Code   RO         7922    .ARM.Collect$$libinit$$00000032  c_w.l(libinit2.o)
    0x08000252   0x08000252   0x00000002   Code   RO         7923    .ARM.Collect$$libinit$$00000033  c_w.l(libinit2.o)
    0x08000254   0x08000254   0x00000002   Code   RO         7972    .ARM.Collect$$libshutdown$$00000000  c_w.l(libshutdown.o)
    0x08000256   0x08000256   0x00000000   Code   RO         7991    .ARM.Collect$$libshutdown$$00000002  c_w.l(libshutdown2.o)
    0x08000256   0x08000256   0x00000000   Code   RO         7993    .ARM.Collect$$libshutdown$$00000004  c_w.l(libshutdown2.o)
    0x08000256   0x08000256   0x00000000   Code   RO         7995    .ARM.Collect$$libshutdown$$00000006  c_w.l(libshutdown2.o)
    0x08000256   0x08000256   0x00000000   Code   RO         7998    .ARM.Collect$$libshutdown$$00000009  c_w.l(libshutdown2.o)
    0x08000256   0x08000256   0x00000000   Code   RO         8001    .ARM.Collect$$libshutdown$$0000000C  c_w.l(libshutdown2.o)
    0x08000256   0x08000256   0x00000000   Code   RO         8003    .ARM.Collect$$libshutdown$$0000000E  c_w.l(libshutdown2.o)
    0x08000256   0x08000256   0x00000000   Code   RO         8006    .ARM.Collect$$libshutdown$$00000011  c_w.l(libshutdown2.o)
    0x08000256   0x08000256   0x00000002   Code   RO         8007    .ARM.Collect$$libshutdown$$00000012  c_w.l(libshutdown2.o)
    0x08000258   0x08000258   0x00000000   Code   RO         7654    .ARM.Collect$$rtentry$$00000000  c_w.l(__rtentry.o)
    0x08000258   0x08000258   0x00000000   Code   RO         7781    .ARM.Collect$$rtentry$$00000002  c_w.l(__rtentry2.o)
    0x08000258   0x08000258   0x00000006   Code   RO         7793    .ARM.Collect$$rtentry$$00000004  c_w.l(__rtentry4.o)
    0x0800025e   0x0800025e   0x00000000   Code   RO         7783    .ARM.Collect$$rtentry$$00000009  c_w.l(__rtentry2.o)
    0x0800025e   0x0800025e   0x00000004   Code   RO         7784    .ARM.Collect$$rtentry$$0000000A  c_w.l(__rtentry2.o)
    0x08000262   0x08000262   0x00000000   Code   RO         7786    .ARM.Collect$$rtentry$$0000000C  c_w.l(__rtentry2.o)
    0x08000262   0x08000262   0x00000008   Code   RO         7787    .ARM.Collect$$rtentry$$0000000D  c_w.l(__rtentry2.o)
    0x0800026a   0x0800026a   0x00000002   Code   RO         7928    .ARM.Collect$$rtexit$$00000000  c_w.l(rtexit.o)
    0x0800026c   0x0800026c   0x00000000   Code   RO         7946    .ARM.Collect$$rtexit$$00000002  c_w.l(rtexit2.o)
    0x0800026c   0x0800026c   0x00000004   Code   RO         7947    .ARM.Collect$$rtexit$$00000003  c_w.l(rtexit2.o)
    0x08000270   0x08000270   0x00000006   Code   RO         7948    .ARM.Collect$$rtexit$$00000004  c_w.l(rtexit2.o)
    0x08000276   0x08000276   0x00000002   PAD
    0x08000278   0x08000278   0x00000096   Code   RO         7057    .emb_text           port.o
    0x0800030e   0x0800030e   0x00000002   PAD
    0x08000310   0x08000310   0x00000040   Code   RO            4    .text               startup_stm32f103xe.o
    0x08000350   0x08000350   0x00000002   Code   RO         7517    .text               c_w.l(use_no_semi_2.o)
    0x08000352   0x08000352   0x000000ee   Code   RO         7519    .text               c_w.l(lludivv7m.o)
    0x08000440   0x08000440   0x00000048   Code   RO         7521    .text               c_w.l(llsdiv.o)
    0x08000488   0x08000488   0x00000034   Code   RO         7523    .text               c_w.l(vsnprintf.o)
    0x080004bc   0x080004bc   0x00000018   Code   RO         7525    .text               c_w.l(__2printf.o)
    0x080004d4   0x080004d4   0x0000002c   Code   RO         7527    .text               c_w.l(__2sprintf.o)
    0x08000500   0x08000500   0x00000052   Code   RO         7535    .text               c_w.l(_printf_str.o)
    0x08000552   0x08000552   0x00000002   PAD
    0x08000554   0x08000554   0x00000078   Code   RO         7537    .text               c_w.l(_printf_dec.o)
    0x080005cc   0x080005cc   0x00000188   Code   RO         7556    .text               c_w.l(__printf_flags_ss_wp.o)
    0x08000754   0x08000754   0x00000014   Code   RO         7564    .text               c_w.l(strchr.o)
    0x08000768   0x08000768   0x00000058   Code   RO         7566    .text               c_w.l(memcmp.o)
    0x080007c0   0x080007c0   0x0000003e   Code   RO         7570    .text               c_w.l(strlen.o)
    0x080007fe   0x080007fe   0x0000008a   Code   RO         7574    .text               c_w.l(rt_memcpy_v6.o)
    0x08000888   0x08000888   0x00000064   Code   RO         7576    .text               c_w.l(rt_memcpy_w.o)
    0x080008ec   0x080008ec   0x00000010   Code   RO         7580    .text               c_w.l(aeabi_memset.o)
    0x080008fc   0x080008fc   0x00000044   Code   RO         7582    .text               c_w.l(rt_memclr.o)
    0x08000940   0x08000940   0x0000004e   Code   RO         7584    .text               c_w.l(rt_memclr_w.o)
    0x0800098e   0x0800098e   0x00000002   PAD
    0x08000990   0x08000990   0x00000080   Code   RO         7586    .text               c_w.l(strcmpv7m.o)
    0x08000a10   0x08000a10   0x00000006   Code   RO         7588    .text               c_w.l(heapauxi.o)
    0x08000a16   0x08000a16   0x00000002   Code   RO         7652    .text               c_w.l(use_no_semi.o)
    0x08000a18   0x08000a18   0x00000016   Code   RO         7659    .text               c_w.l(_rserrno.o)
    0x08000a2e   0x08000a2e   0x0000004e   Code   RO         7661    .text               c_w.l(_printf_pad.o)
    0x08000a7c   0x08000a7c   0x00000024   Code   RO         7663    .text               c_w.l(_printf_truncate.o)
    0x08000aa0   0x08000aa0   0x000000b2   Code   RO         7665    .text               c_w.l(_printf_intcommon.o)
    0x08000b52   0x08000b52   0x00000028   Code   RO         7667    .text               c_w.l(_printf_charcount.o)
    0x08000b7a   0x08000b7a   0x0000041e   Code   RO         7669    .text               c_w.l(_printf_fp_dec.o)
    0x08000f98   0x08000f98   0x00000030   Code   RO         7671    .text               c_w.l(_printf_char_common.o)
    0x08000fc8   0x08000fc8   0x0000000a   Code   RO         7673    .text               c_w.l(_sputc.o)
    0x08000fd2   0x08000fd2   0x00000010   Code   RO         7675    .text               c_w.l(_snputc.o)
    0x08000fe2   0x08000fe2   0x0000002c   Code   RO         7677    .text               c_w.l(_printf_char.o)
    0x0800100e   0x0800100e   0x00000002   PAD
    0x08001010   0x08001010   0x00000024   Code   RO         7679    .text               c_w.l(_printf_char_file.o)
    0x08001034   0x08001034   0x000000bc   Code   RO         7681    .text               c_w.l(_printf_wctomb.o)
    0x080010f0   0x080010f0   0x0000007c   Code   RO         7684    .text               c_w.l(_printf_longlong_dec.o)
    0x0800116c   0x0800116c   0x00000070   Code   RO         7690    .text               c_w.l(_printf_oct_int_ll.o)
    0x080011dc   0x080011dc   0x00000094   Code   RO         7710    .text               c_w.l(_printf_hex_int_ll_ptr.o)
    0x08001270   0x08001270   0x00000008   Code   RO         7800    .text               c_w.l(rt_locale_intlibspace.o)
    0x08001278   0x08001278   0x00000008   Code   RO         7805    .text               c_w.l(rt_errno_addr_intlibspace.o)
    0x08001280   0x08001280   0x0000008a   Code   RO         7807    .text               c_w.l(lludiv10.o)
    0x0800130a   0x0800130a   0x00000002   PAD
    0x0800130c   0x0800130c   0x000002fc   Code   RO         7809    .text               c_w.l(_printf_fp_hex.o)
    0x08001608   0x08001608   0x00000080   Code   RO         7812    .text               c_w.l(_printf_fp_infnan.o)
    0x08001688   0x08001688   0x0000002c   Code   RO         7816    .text               c_w.l(_printf_wchar.o)
    0x080016b4   0x080016b4   0x000000e4   Code   RO         7818    .text               c_w.l(bigflt0.o)
    0x08001798   0x08001798   0x00000008   Code   RO         7843    .text               c_w.l(ferror.o)
    0x080017a0   0x080017a0   0x00000040   Code   RO         7847    .text               c_w.l(_wcrtomb.o)
    0x080017e0   0x080017e0   0x00000008   Code   RO         7860    .text               c_w.l(libspace.o)
    0x080017e8   0x080017e8   0x0000004a   Code   RO         7863    .text               c_w.l(sys_stackheap_outer.o)
    0x08001832   0x08001832   0x00000002   PAD
    0x08001834   0x08001834   0x00000010   Code   RO         7865    .text               c_w.l(rt_ctype_table.o)
    0x08001844   0x08001844   0x00000012   Code   RO         7867    .text               c_w.l(exit.o)
    0x08001856   0x08001856   0x0000003e   Code   RO         7821    CL$$btod_d2e        c_w.l(btod.o)
    0x08001894   0x08001894   0x00000046   Code   RO         7823    CL$$btod_d2e_denorm_low  c_w.l(btod.o)
    0x080018da   0x080018da   0x00000060   Code   RO         7822    CL$$btod_d2e_norm_op1  c_w.l(btod.o)
    0x0800193a   0x0800193a   0x00000338   Code   RO         7831    CL$$btod_div_common  c_w.l(btod.o)
    0x08001c72   0x08001c72   0x000000dc   Code   RO         7828    CL$$btod_e2e        c_w.l(btod.o)
    0x08001d4e   0x08001d4e   0x0000002a   Code   RO         7825    CL$$btod_ediv       c_w.l(btod.o)
    0x08001d78   0x08001d78   0x0000002a   Code   RO         7824    CL$$btod_emul       c_w.l(btod.o)
    0x08001da2   0x08001da2   0x00000244   Code   RO         7830    CL$$btod_mult_common  c_w.l(btod.o)
    0x08001fe6   0x08001fe6   0x00000052   Code   RO         1211    i.ADC_ConversionStop_Disable  stm32f1xx_hal_adc.o
    0x08002038   0x08002038   0x00000084   Code   RO         1215    i.ADC_Enable        stm32f1xx_hal_adc.o
    0x080020bc   0x080020bc   0x00000004   Code   RO          328    i.BusFault_Handler  stm32f1xx_it.o
    0x080020c0   0x080020c0   0x00000010   Code   RO         5071    i.DMA1_Channel4_IRQHandler  dma.o
    0x080020d0   0x080020d0   0x00000010   Code   RO         5072    i.DMA1_Channel5_IRQHandler  dma.o
    0x080020e0   0x080020e0   0x0000002c   Code   RO         1487    i.DMA_SetConfig     stm32f1xx_hal_dma.o
    0x0800210c   0x0800210c   0x00000002   Code   RO          329    i.DebugMon_Handler  stm32f1xx_it.o
    0x0800210e   0x0800210e   0x00000002   PAD
    0x08002110   0x08002110   0x00000044   Code   RO         2692    i.FSMC_NORSRAM_Extended_Timing_Init  stm32f1xx_ll_fsmc.o
    0x08002154   0x08002154   0x00000078   Code   RO         2693    i.FSMC_NORSRAM_Init  stm32f1xx_ll_fsmc.o
    0x080021cc   0x080021cc   0x00000042   Code   RO         2694    i.FSMC_NORSRAM_Timing_Init  stm32f1xx_ll_fsmc.o
    0x0800220e   0x0800220e   0x00000002   PAD
    0x08002210   0x08002210   0x000001d0   Code   RO         7282    i.FatFS_SD_Test     run_log_app.o
    0x080023e0   0x080023e0   0x00000104   Code   RO         1391    i.HAL_ADCEx_Calibration_Start  stm32f1xx_hal_adc_ex.o
    0x080024e4   0x080024e4   0x00000160   Code   RO         1217    i.HAL_ADC_ConfigChannel  stm32f1xx_hal_adc.o
    0x08002644   0x08002644   0x00000008   Code   RO         1224    i.HAL_ADC_GetValue  stm32f1xx_hal_adc.o
    0x0800264c   0x0800264c   0x00000160   Code   RO         1226    i.HAL_ADC_Init      stm32f1xx_hal_adc.o
    0x080027ac   0x080027ac   0x00000002   Code   RO         1229    i.HAL_ADC_MspInit   stm32f1xx_hal_adc.o
    0x080027ae   0x080027ae   0x00000002   PAD
    0x080027b0   0x080027b0   0x00000170   Code   RO         1230    i.HAL_ADC_PollForConversion  stm32f1xx_hal_adc.o
    0x08002920   0x08002920   0x00000130   Code   RO         1232    i.HAL_ADC_Start     stm32f1xx_hal_adc.o
    0x08002a50   0x08002a50   0x00000040   Code   RO         1235    i.HAL_ADC_Stop      stm32f1xx_hal_adc.o
    0x08002a90   0x08002a90   0x000001a8   Code   RO         1489    i.HAL_DMA_Abort_IT  stm32f1xx_hal_dma.o
    0x08002c38   0x08002c38   0x00000398   Code   RO         1493    i.HAL_DMA_IRQHandler  stm32f1xx_hal_dma.o
    0x08002fd0   0x08002fd0   0x0000008c   Code   RO         1494    i.HAL_DMA_Init      stm32f1xx_hal_dma.o
    0x0800305c   0x0800305c   0x0000009c   Code   RO         1498    i.HAL_DMA_Start_IT  stm32f1xx_hal_dma.o
    0x080030f8   0x080030f8   0x00000028   Code   RO          922    i.HAL_Delay         stm32f1xx_hal.o
    0x08003120   0x08003120   0x00000340   Code   RO         1585    i.HAL_GPIO_Init     stm32f1xx_hal_gpio.o
    0x08003460   0x08003460   0x00000010   Code   RO         1587    i.HAL_GPIO_ReadPin  stm32f1xx_hal_gpio.o
    0x08003470   0x08003470   0x00000014   Code   RO         1588    i.HAL_GPIO_TogglePin  stm32f1xx_hal_gpio.o
    0x08003484   0x08003484   0x0000000c   Code   RO         1589    i.HAL_GPIO_WritePin  stm32f1xx_hal_gpio.o
    0x08003490   0x08003490   0x0000000c   Code   RO          926    i.HAL_GetTick       stm32f1xx_hal.o
    0x0800349c   0x0800349c   0x00000018   Code   RO          932    i.HAL_IncTick       stm32f1xx_hal.o
    0x080034b4   0x080034b4   0x00000028   Code   RO          933    i.HAL_Init          stm32f1xx_hal.o
    0x080034dc   0x080034dc   0x0000004c   Code   RO          934    i.HAL_InitTick      stm32f1xx_hal.o
    0x08003528   0x08003528   0x00000002   Code   RO          936    i.HAL_MspInit       stm32f1xx_hal.o
    0x0800352a   0x0800352a   0x00000020   Code   RO         1091    i.HAL_NVIC_EnableIRQ  stm32f1xx_hal_cortex.o
    0x0800354a   0x0800354a   0x0000007c   Code   RO         1097    i.HAL_NVIC_SetPriority  stm32f1xx_hal_cortex.o
    0x080035c6   0x080035c6   0x00000002   PAD
    0x080035c8   0x080035c8   0x00000028   Code   RO         1098    i.HAL_NVIC_SetPriorityGrouping  stm32f1xx_hal_cortex.o
    0x080035f0   0x080035f0   0x0000000c   Code   RO         1691    i.HAL_PWR_EnableBkUpAccess  stm32f1xx_hal_pwr.o
    0x080035fc   0x080035fc   0x00000134   Code   RO         1917    i.HAL_RCCEx_GetPeriphCLKFreq  stm32f1xx_hal_rcc_ex.o
    0x08003730   0x08003730   0x00000130   Code   RO         1918    i.HAL_RCCEx_PeriphCLKConfig  stm32f1xx_hal_rcc_ex.o
    0x08003860   0x08003860   0x0000018c   Code   RO         1810    i.HAL_RCC_ClockConfig  stm32f1xx_hal_rcc.o
    0x080039ec   0x080039ec   0x0000000c   Code   RO         1815    i.HAL_RCC_GetHCLKFreq  stm32f1xx_hal_rcc.o
    0x080039f8   0x080039f8   0x00000020   Code   RO         1817    i.HAL_RCC_GetPCLK1Freq  stm32f1xx_hal_rcc.o
    0x08003a18   0x08003a18   0x00000020   Code   RO         1818    i.HAL_RCC_GetPCLK2Freq  stm32f1xx_hal_rcc.o
    0x08003a38   0x08003a38   0x00000094   Code   RO         1819    i.HAL_RCC_GetSysClockFreq  stm32f1xx_hal_rcc.o
    0x08003acc   0x08003acc   0x00000464   Code   RO         1822    i.HAL_RCC_OscConfig  stm32f1xx_hal_rcc.o
    0x08003f30   0x08003f30   0x00000018   Code   RO         4500    i.HAL_RTCEx_BKUPRead  stm32f1xx_hal_rtc_ex.o
    0x08003f48   0x08003f48   0x00000018   Code   RO         4501    i.HAL_RTCEx_BKUPWrite  stm32f1xx_hal_rtc_ex.o
    0x08003f60   0x08003f60   0x000000d0   Code   RO         4333    i.HAL_RTC_Init      stm32f1xx_hal_rtc.o
    0x08004030   0x08004030   0x00000098   Code   RO         4641    i.HAL_RTC_MspInit   rtc.o
    0x080040c8   0x080040c8   0x00000040   Code   RO         4341    i.HAL_RTC_WaitForSynchro  stm32f1xx_hal_rtc.o
    0x08004108   0x08004108   0x000001c8   Code   RO         3802    i.HAL_SD_GetCardCSD  stm32f1xx_hal_sd.o
    0x080042d0   0x080042d0   0x00000024   Code   RO         3804    i.HAL_SD_GetCardState  stm32f1xx_hal_sd.o
    0x080042f4   0x080042f4   0x0000003c   Code   RO         3809    i.HAL_SD_Init       stm32f1xx_hal_sd.o
    0x08004330   0x08004330   0x00000084   Code   RO         3810    i.HAL_SD_InitCard   stm32f1xx_hal_sd.o
    0x080043b4   0x080043b4   0x00000144   Code   RO         5162    i.HAL_SD_MspInit    sdio_sdcard.o
    0x080044f8   0x080044f8   0x000002c0   Code   RO         3813    i.HAL_SD_ReadBlocks  stm32f1xx_hal_sd.o
    0x080047b8   0x080047b8   0x00000254   Code   RO         3818    i.HAL_SD_WriteBlocks  stm32f1xx_hal_sd.o
    0x08004a0c   0x08004a0c   0x00000066   Code   RO         2553    i.HAL_SRAM_Init     stm32f1xx_hal_sram.o
    0x08004a72   0x08004a72   0x00000002   PAD
    0x08004a74   0x08004a74   0x00000090   Code   RO         4766    i.HAL_SRAM_MspInit  lcd.o
    0x08004b04   0x08004b04   0x00000028   Code   RO         1100    i.HAL_SYSTICK_CLKSourceConfig  stm32f1xx_hal_cortex.o
    0x08004b2c   0x08004b2c   0x00000034   Code   RO         1102    i.HAL_SYSTICK_Config  stm32f1xx_hal_cortex.o
    0x08004b60   0x08004b60   0x00000002   Code   RO         3527    i.HAL_TIMEx_BreakCallback  stm32f1xx_hal_tim_ex.o
    0x08004b62   0x08004b62   0x00000002   Code   RO         3528    i.HAL_TIMEx_CommutCallback  stm32f1xx_hal_tim_ex.o
    0x08004b64   0x08004b64   0x00000066   Code   RO         2812    i.HAL_TIM_Base_Init  stm32f1xx_hal_tim.o
    0x08004bca   0x08004bca   0x00000002   Code   RO         2814    i.HAL_TIM_Base_MspInit  stm32f1xx_hal_tim.o
    0x08004bcc   0x08004bcc   0x00000090   Code   RO         2817    i.HAL_TIM_Base_Start_IT  stm32f1xx_hal_tim.o
    0x08004c5c   0x08004c5c   0x00000002   Code   RO         2846    i.HAL_TIM_IC_CaptureCallback  stm32f1xx_hal_tim.o
    0x08004c5e   0x08004c5e   0x00000196   Code   RO         2860    i.HAL_TIM_IRQHandler  stm32f1xx_hal_tim.o
    0x08004df4   0x08004df4   0x00000002   Code   RO         2863    i.HAL_TIM_OC_DelayElapsedCallback  stm32f1xx_hal_tim.o
    0x08004df6   0x08004df6   0x00000002   Code   RO         2890    i.HAL_TIM_PWM_PulseFinishedCallback  stm32f1xx_hal_tim.o
    0x08004df8   0x08004df8   0x00000070   Code   RO         5030    i.HAL_TIM_PeriodElapsedCallback  btim.o
    0x08004e68   0x08004e68   0x00000002   Code   RO         2903    i.HAL_TIM_TriggerCallback  stm32f1xx_hal_tim.o
    0x08004e6a   0x08004e6a   0x00000002   Code   RO         1973    i.HAL_UART_ErrorCallback  stm32f1xx_hal_uart.o
    0x08004e6c   0x08004e6c   0x00000154   Code   RO         1976    i.HAL_UART_IRQHandler  stm32f1xx_hal_uart.o
    0x08004fc0   0x08004fc0   0x00000072   Code   RO         1977    i.HAL_UART_Init     stm32f1xx_hal_uart.o
    0x08005032   0x08005032   0x00000002   PAD
    0x08005034   0x08005034   0x000000b4   Code   RO          811    i.HAL_UART_MspInit  usart.o
    0x080050e8   0x080050e8   0x00000070   Code   RO         1982    i.HAL_UART_Receive_IT  stm32f1xx_hal_uart.o
    0x08005158   0x08005158   0x0000002c   Code   RO          812    i.HAL_UART_RxCpltCallback  usart.o
    0x08005184   0x08005184   0x0000009c   Code   RO         1986    i.HAL_UART_Transmit_DMA  stm32f1xx_hal_uart.o
    0x08005220   0x08005220   0x00000018   Code   RO          813    i.HAL_UART_TxCpltCallback  usart.o
    0x08005238   0x08005238   0x00000002   Code   RO         1989    i.HAL_UART_TxHalfCpltCallback  stm32f1xx_hal_uart.o
    0x0800523a   0x0800523a   0x00000004   Code   RO          330    i.HardFault_Handler  stm32f1xx_it.o
    0x0800523e   0x0800523e   0x00000002   PAD
    0x08005240   0x08005240   0x000000a0   Code   RO         5117    i.Lsens_get_lux     lsens.o
    0x080052e0   0x080052e0   0x0000004c   Code   RO         5118    i.Lsens_get_result  lsens.o
    0x0800532c   0x0800532c   0x000000c8   Code   RO         5120    i.Lsens_init        lsens.o
    0x080053f4   0x080053f4   0x00000004   Code   RO          331    i.MemManage_Handler  stm32f1xx_it.o
    0x080053f8   0x080053f8   0x00000002   Code   RO          332    i.NMI_Handler       stm32f1xx_it.o
    0x080053fa   0x080053fa   0x00000002   PAD
    0x080053fc   0x080053fc   0x00000028   Code   RO         1823    i.RCC_Delay         stm32f1xx_hal_rcc.o
    0x08005424   0x08005424   0x0000003a   Code   RO         4345    i.RTC_EnterInitMode  stm32f1xx_hal_rtc.o
    0x0800545e   0x0800545e   0x0000003a   Code   RO         4346    i.RTC_ExitInitMode  stm32f1xx_hal_rtc.o
    0x08005498   0x08005498   0x00000098   Code   RO         4642    i.RTC_IRQHandler    rtc.o
    0x08005530   0x08005530   0x0000000a   Code   RO          513    i.ReadDateCallback  freertos_app.o
    0x0800553a   0x0800553a   0x0000002c   Code   RO         4049    i.SDIO_ConfigData   stm32f1xx_ll_sdmmc.o
    0x08005566   0x08005566   0x00000008   Code   RO         4050    i.SDIO_GetCommandResponse  stm32f1xx_ll_sdmmc.o
    0x0800556e   0x0800556e   0x0000000a   Code   RO         4053    i.SDIO_GetPowerState  stm32f1xx_ll_sdmmc.o
    0x08005578   0x08005578   0x0000000c   Code   RO         4054    i.SDIO_GetResponse  stm32f1xx_ll_sdmmc.o
    0x08005584   0x08005584   0x00000034   Code   RO         4055    i.SDIO_Init         stm32f1xx_ll_sdmmc.o
    0x080055b8   0x080055b8   0x00000012   Code   RO         4057    i.SDIO_PowerState_ON  stm32f1xx_ll_sdmmc.o
    0x080055ca   0x080055ca   0x00000008   Code   RO         4058    i.SDIO_ReadFIFO     stm32f1xx_ll_sdmmc.o
    0x080055d2   0x080055d2   0x00000028   Code   RO         4059    i.SDIO_SendCommand  stm32f1xx_ll_sdmmc.o
    0x080055fa   0x080055fa   0x0000000c   Code   RO         4061    i.SDIO_WriteFIFO    stm32f1xx_ll_sdmmc.o
    0x08005606   0x08005606   0x00000038   Code   RO         4062    i.SDMMC_CmdAppCommand  stm32f1xx_ll_sdmmc.o
    0x0800563e   0x0800563e   0x00000002   PAD
    0x08005640   0x08005640   0x0000003c   Code   RO         4063    i.SDMMC_CmdAppOperCommand  stm32f1xx_ll_sdmmc.o
    0x0800567c   0x0800567c   0x00000038   Code   RO         4064    i.SDMMC_CmdBlockLength  stm32f1xx_ll_sdmmc.o
    0x080056b4   0x080056b4   0x0000002c   Code   RO         4069    i.SDMMC_CmdGoIdleState  stm32f1xx_ll_sdmmc.o
    0x080056e0   0x080056e0   0x00000034   Code   RO         4071    i.SDMMC_CmdOperCond  stm32f1xx_ll_sdmmc.o
    0x08005714   0x08005714   0x00000038   Code   RO         4072    i.SDMMC_CmdReadMultiBlock  stm32f1xx_ll_sdmmc.o
    0x0800574c   0x0800574c   0x00000038   Code   RO         4073    i.SDMMC_CmdReadSingleBlock  stm32f1xx_ll_sdmmc.o
    0x08005784   0x08005784   0x0000003a   Code   RO         4076    i.SDMMC_CmdSelDesel  stm32f1xx_ll_sdmmc.o
    0x080057be   0x080057be   0x00000032   Code   RO         4077    i.SDMMC_CmdSendCID  stm32f1xx_ll_sdmmc.o
    0x080057f0   0x080057f0   0x00000032   Code   RO         4078    i.SDMMC_CmdSendCSD  stm32f1xx_ll_sdmmc.o
    0x08005822   0x08005822   0x00000038   Code   RO         4080    i.SDMMC_CmdSendStatus  stm32f1xx_ll_sdmmc.o
    0x0800585a   0x0800585a   0x00000038   Code   RO         4081    i.SDMMC_CmdSetRelAdd  stm32f1xx_ll_sdmmc.o
    0x08005892   0x08005892   0x00000002   PAD
    0x08005894   0x08005894   0x0000003c   Code   RO         4083    i.SDMMC_CmdStopTransfer  stm32f1xx_ll_sdmmc.o
    0x080058d0   0x080058d0   0x00000038   Code   RO         4085    i.SDMMC_CmdWriteMultiBlock  stm32f1xx_ll_sdmmc.o
    0x08005908   0x08005908   0x00000038   Code   RO         4086    i.SDMMC_CmdWriteSingleBlock  stm32f1xx_ll_sdmmc.o
    0x08005940   0x08005940   0x00000040   Code   RO         4087    i.SDMMC_GetCmdError  stm32f1xx_ll_sdmmc.o
    0x08005980   0x08005980   0x000001ac   Code   RO         4088    i.SDMMC_GetCmdResp1  stm32f1xx_ll_sdmmc.o
    0x08005b2c   0x08005b2c   0x00000064   Code   RO         4089    i.SDMMC_GetCmdResp2  stm32f1xx_ll_sdmmc.o
    0x08005b90   0x08005b90   0x00000058   Code   RO         4090    i.SDMMC_GetCmdResp3  stm32f1xx_ll_sdmmc.o
    0x08005be8   0x08005be8   0x000000b8   Code   RO         4091    i.SDMMC_GetCmdResp6  stm32f1xx_ll_sdmmc.o
    0x08005ca0   0x08005ca0   0x0000006c   Code   RO         4092    i.SDMMC_GetCmdResp7  stm32f1xx_ll_sdmmc.o
    0x08005d0c   0x08005d0c   0x00000102   Code   RO         3827    i.SD_InitCard       stm32f1xx_hal_sd.o
    0x08005e0e   0x08005e0e   0x00000002   PAD
    0x08005e10   0x08005e10   0x000000cc   Code   RO         3829    i.SD_PowerON        stm32f1xx_hal_sd.o
    0x08005edc   0x08005edc   0x00000030   Code   RO         3832    i.SD_SendStatus     stm32f1xx_hal_sd.o
    0x08005f0c   0x08005f0c   0x00000038   Code   RO         5163    i.Sdio_Init         sdio_sdcard.o
    0x08005f44   0x08005f44   0x00000014   Code   RO          688    i.SysTick_Handler   delay.o
    0x08005f58   0x08005f58   0x00000002   Code   RO          292    i.SystemInit        system_stm32f1xx.o
    0x08005f5a   0x08005f5a   0x00000002   PAD
    0x08005f5c   0x08005f5c   0x00000010   Code   RO         5031    i.TIM6_IRQHandler   btim.o
    0x08005f6c   0x08005f6c   0x0000009c   Code   RO         2905    i.TIM_Base_SetConfig  stm32f1xx_hal_tim.o
    0x08006008   0x08006008   0x00000014   Code   RO         1990    i.UART_DMAAbortOnError  stm32f1xx_hal_uart.o
    0x0800601c   0x0800601c   0x00000050   Code   RO         1991    i.UART_DMAError     stm32f1xx_hal_uart.o
    0x0800606c   0x0800606c   0x00000036   Code   RO         1996    i.UART_DMATransmitCplt  stm32f1xx_hal_uart.o
    0x080060a2   0x080060a2   0x0000000e   Code   RO         1998    i.UART_DMATxHalfCplt  stm32f1xx_hal_uart.o
    0x080060b0   0x080060b0   0x00000020   Code   RO         2000    i.UART_EndRxTransfer  stm32f1xx_hal_uart.o
    0x080060d0   0x080060d0   0x00000020   Code   RO         2001    i.UART_EndTransmit_IT  stm32f1xx_hal_uart.o
    0x080060f0   0x080060f0   0x00000014   Code   RO         2002    i.UART_EndTxTransfer  stm32f1xx_hal_uart.o
    0x08006104   0x08006104   0x000000a0   Code   RO         2003    i.UART_Receive_IT   stm32f1xx_hal_uart.o
    0x080061a4   0x080061a4   0x000000fc   Code   RO         2004    i.UART_SetConfig    stm32f1xx_hal_uart.o
    0x080062a0   0x080062a0   0x00000060   Code   RO         2005    i.UART_Transmit_IT  stm32f1xx_hal_uart.o
    0x08006300   0x08006300   0x00000010   Code   RO          814    i.USART1_IRQHandler  usart.o
    0x08006310   0x08006310   0x00000004   Code   RO          333    i.UsageFault_Handler  stm32f1xx_it.o
    0x08006314   0x08006314   0x00000028   Code   RO         7767    i.__ARM_fpclassify  m_ws.l(fpclassify.o)
    0x0800633c   0x0800633c   0x00000010   Code   RO         1104    i.__NVIC_GetPriorityGrouping  stm32f1xx_hal_cortex.o
    0x0800634c   0x0800634c   0x00000028   Code   RO         1105    i.__NVIC_SetPriority  stm32f1xx_hal_cortex.o
    0x08006374   0x08006374   0x000000aa   Code   RO         7769    i.__kernel_poly     m_ws.l(poly.o)
    0x0800641e   0x0800641e   0x00000002   PAD
    0x08006420   0x08006420   0x00000010   Code   RO         7753    i.__mathlib_dbl_divzero  m_ws.l(dunder.o)
    0x08006430   0x08006430   0x00000004   Code   RO         7755    i.__mathlib_dbl_infnan2  m_ws.l(dunder.o)
    0x08006434   0x08006434   0x0000000c   Code   RO         7756    i.__mathlib_dbl_invalid  m_ws.l(dunder.o)
    0x08006440   0x08006440   0x0000000e   Code   RO         7757    i.__mathlib_dbl_overflow  m_ws.l(dunder.o)
    0x0800644e   0x0800644e   0x00000002   PAD
    0x08006450   0x08006450   0x00000010   Code   RO         7759    i.__mathlib_dbl_underflow  m_ws.l(dunder.o)
    0x08006460   0x08006460   0x0000000e   Code   RO         7549    i._is_digit         c_w.l(__printf_wp.o)
    0x0800646e   0x0800646e   0x00000004   Code   RO          816    i._sys_exit         usart.o
    0x08006472   0x08006472   0x00000002   PAD
    0x08006474   0x08006474   0x00000058   Code   RO         4602    i.beep_init         beep.o
    0x080064cc   0x080064cc   0x00000014   Code   RO         4603    i.beep_off          beep.o
    0x080064e0   0x080064e0   0x00000014   Code   RO         4604    i.beep_on           beep.o
    0x080064f4   0x080064f4   0x00000060   Code   RO         5032    i.btim_timx_int_init  btim.o
    0x08006554   0x08006554   0x000000e0   Code   RO         5413    i.check_fs          ff.o
    0x08006634   0x08006634   0x0000001a   Code   RO         5414    i.clst2sect         ff.o
    0x0800664e   0x0800664e   0x00000124   Code   RO         5415    i.create_chain      ff.o
    0x08006772   0x08006772   0x00000002   PAD
    0x08006774   0x08006774   0x0000010c   Code   RO         5416    i.create_name       ff.o
    0x08006880   0x08006880   0x0000006c   Code   RO         7384    i.date_read_run     date_read_app.o
    0x080068ec   0x080068ec   0x00000034   Code   RO         5417    i.dbc_1st           ff.o
    0x08006920   0x08006920   0x00000048   Code   RO         5418    i.dbc_2nd           ff.o
    0x08006968   0x08006968   0x0000004c   Code   RO         7214    i.debug_run         debug_app.o
    0x080069b4   0x080069b4   0x00000010   Code   RO          514    i.debug_task        freertos_app.o
    0x080069c4   0x080069c4   0x00000050   Code   RO          689    i.delay_init        delay.o
    0x08006a14   0x08006a14   0x00000018   Code   RO          690    i.delay_ms          delay.o
    0x08006a2c   0x08006a2c   0x00000048   Code   RO          691    i.delay_us          delay.o
    0x08006a74   0x08006a74   0x00000060   Code   RO         5419    i.dir_alloc         ff.o
    0x08006ad4   0x08006ad4   0x0000005e   Code   RO         5420    i.dir_clear         ff.o
    0x08006b32   0x08006b32   0x0000006c   Code   RO         5421    i.dir_find          ff.o
    0x08006b9e   0x08006b9e   0x000000ca   Code   RO         5422    i.dir_next          ff.o
    0x08006c68   0x08006c68   0x00000042   Code   RO         5424    i.dir_register      ff.o
    0x08006caa   0x08006caa   0x0000009a   Code   RO         5426    i.dir_sdi           ff.o
    0x08006d44   0x08006d44   0x00000028   Code   RO         5353    i.disk_initialize   diskio.o
    0x08006d6c   0x08006d6c   0x000000b4   Code   RO         5354    i.disk_ioctl        diskio.o
    0x08006e20   0x08006e20   0x0000005a   Code   RO         5355    i.disk_read         diskio.o
    0x08006e7a   0x08006e7a   0x00000006   Code   RO         5356    i.disk_status       diskio.o
    0x08006e80   0x08006e80   0x00000062   Code   RO         5357    i.disk_write        diskio.o
    0x08006ee2   0x08006ee2   0x00000002   PAD
    0x08006ee4   0x08006ee4   0x0000009c   Code   RO         5073    i.dma_init          dma.o
    0x08006f80   0x08006f80   0x00000040   Code   RO         5703    i.exfuns_init       exfuns.o
    0x08006fc0   0x08006fc0   0x00000022   Code   RO         5427    i.f_close           ff.o
    0x08006fe2   0x08006fe2   0x00000184   Code   RO         5430    i.f_lseek           ff.o
    0x08007166   0x08007166   0x00000002   PAD
    0x08007168   0x08007168   0x00000060   Code   RO         5432    i.f_mount           ff.o
    0x080071c8   0x080071c8   0x000001ee   Code   RO         5433    i.f_open            ff.o
    0x080073b6   0x080073b6   0x000001a4   Code   RO         5435    i.f_read            ff.o
    0x0800755a   0x0800755a   0x000000a2   Code   RO         5439    i.f_sync            ff.o
    0x080075fc   0x080075fc   0x000001de   Code   RO         5442    i.f_write           ff.o
    0x080077da   0x080077da   0x00000078   Code   RO         5443    i.find_volume       ff.o
    0x08007852   0x08007852   0x0000009e   Code   RO         5444    i.follow_path       ff.o
    0x080078f0   0x080078f0   0x0000001c   Code   RO          817    i.fputc             usart.o
    0x0800790c   0x0800790c   0x00000030   Code   RO          515    i.freertos_app      freertos_app.o
    0x0800793c   0x0800793c   0x000000e0   Code   RO         5445    i.get_fat           ff.o
    0x08007a1c   0x08007a1c   0x00000004   Code   RO         5358    i.get_fattime       diskio.o
    0x08007a20   0x08007a20   0x00000052   Code   RO         5447    i.get_ldnumber      ff.o
    0x08007a72   0x08007a72   0x00000002   PAD
    0x08007a74   0x08007a74   0x00000018   Code   RO         5165    i.get_sd_card_state  sdio_sdcard.o
    0x08007a8c   0x08007a8c   0x00000160   Code   RO         7332    i.gui_run           gui_app.o
    0x08007bec   0x08007bec   0x0000000e   Code   RO          516    i.gui_task          freertos_app.o
    0x08007bfa   0x08007bfa   0x00000002   PAD
    0x08007bfc   0x08007bfc   0x000000b8   Code   RO         4999    i.key_init          key.o
    0x08007cb4   0x08007cb4   0x00000024   Code   RO         7357    i.key_run           key_app.o
    0x08007cd8   0x08007cd8   0x000000a0   Code   RO         5000    i.key_scan          key.o
    0x08007d78   0x08007d78   0x00000010   Code   RO          517    i.key_task          freertos_app.o
    0x08007d88   0x08007d88   0x00000034   Code   RO         4767    i.lcd_clear         lcd.o
    0x08007dbc   0x08007dbc   0x000000f8   Code   RO         4769    i.lcd_display_dir   lcd.o
    0x08007eb4   0x08007eb4   0x00000020   Code   RO         4775    i.lcd_draw_point    lcd.o
    0x08007ed4   0x08007ed4   0x0000022c   Code   RO         4777    i.lcd_ex_ili9341_reginit  lcd.o
    0x08008100   0x08008100   0x00000ef2   Code   RO         4778    i.lcd_ex_nt35310_reginit  lcd.o
    0x08008ff2   0x08008ff2   0x000001c6   Code   RO         4780    i.lcd_ex_st7796_reginit  lcd.o
    0x080091b8   0x080091b8   0x00000054   Code   RO         4781    i.lcd_fill          lcd.o
    0x0800920c   0x0800920c   0x000003bc   Code   RO         4783    i.lcd_init          lcd.o
    0x080095c8   0x080095c8   0x0000000c   Code   RO         4784    i.lcd_opt_delay     lcd.o
    0x080095d4   0x080095d4   0x00000018   Code   RO         4786    i.lcd_rd_data       lcd.o
    0x080095ec   0x080095ec   0x0000023c   Code   RO         4788    i.lcd_scan_dir      lcd.o
    0x08009828   0x08009828   0x00000120   Code   RO         4789    i.lcd_set_cursor    lcd.o
    0x08009948   0x08009948   0x0000012c   Code   RO         4791    i.lcd_show_char     lcd.o
    0x08009a74   0x08009a74   0x0000006a   Code   RO         4793    i.lcd_show_string   lcd.o
    0x08009ade   0x08009ade   0x00000002   PAD
    0x08009ae0   0x08009ae0   0x00000018   Code   RO         4796    i.lcd_wr_data       lcd.o
    0x08009af8   0x08009af8   0x00000018   Code   RO         4797    i.lcd_wr_regno      lcd.o
    0x08009b10   0x08009b10   0x00000014   Code   RO         4798    i.lcd_write_ram_prepare  lcd.o
    0x08009b24   0x08009b24   0x00000010   Code   RO         4799    i.lcd_write_reg     lcd.o
    0x08009b34   0x08009b34   0x0000000c   Code   RO         5448    i.ld_16             ff.o
    0x08009b40   0x08009b40   0x00000018   Code   RO         5449    i.ld_32             ff.o
    0x08009b58   0x08009b58   0x00000026   Code   RO         5450    i.ld_clust          ff.o
    0x08009b7e   0x08009b7e   0x00000002   PAD
    0x08009b80   0x08009b80   0x00000018   Code   RO         7146    i.led_get_status    led_app.o
    0x08009b98   0x08009b98   0x00000088   Code   RO         4730    i.led_init          led.o
    0x08009c20   0x08009c20   0x00000034   Code   RO         4731    i.led_off           led.o
    0x08009c54   0x08009c54   0x00000034   Code   RO         4732    i.led_on            led.o
    0x08009c88   0x08009c88   0x00000038   Code   RO         7147    i.led_run           led_app.o
    0x08009cc0   0x08009cc0   0x0000000e   Code   RO          518    i.led_task          freertos_app.o
    0x08009cce   0x08009cce   0x00000002   PAD
    0x08009cd0   0x08009cd0   0x00000044   Code   RO         7148    i.led_toggle        led_app.o
    0x08009d14   0x08009d14   0x00000058   Code   RO          519    i.lsens_cmd_task    freertos_app.o
    0x08009d6c   0x08009d6c   0x00000074   Code   RO         7249    i.lsens_run         lsens_app.o
    0x08009de0   0x08009de0   0x00000040   Code   RO         7250    i.lsens_set_state   lsens_app.o
    0x08009e20   0x08009e20   0x0000005c   Code   RO           13    i.main              main.o
    0x08009e7c   0x08009e7c   0x000002a4   Code   RO         5451    i.mount_volume      ff.o
    0x0800a120   0x0800a120   0x00000034   Code   RO         5452    i.move_window       ff.o
    0x0800a154   0x0800a154   0x00000030   Code   RO         5277    i.my_mem_init       malloc.o
    0x0800a184   0x0800a184   0x000000a8   Code   RO         5278    i.my_mem_malloc     malloc.o
    0x0800a22c   0x0800a22c   0x00000040   Code   RO         5279    i.my_mem_perused    malloc.o
    0x0800a26c   0x0800a26c   0x00000014   Code   RO         5280    i.my_mem_set        malloc.o
    0x0800a280   0x0800a280   0x00000050   Code   RO          818    i.my_printf         usart.o
    0x0800a2d0   0x0800a2d0   0x00000028   Code   RO         5282    i.mymalloc          malloc.o
    0x0800a2f8   0x0800a2f8   0x00000002   Code   RO         7183    i.pc_cmd_return     pc_cmd_app.o
    0x0800a2fa   0x0800a2fa   0x00000042   Code   RO         7184    i.pc_cmd_run        pc_cmd_app.o
    0x0800a33c   0x0800a33c   0x00000010   Code   RO          520    i.pc_cmd_task       freertos_app.o
    0x0800a34c   0x0800a34c   0x000009d8   Code   RO         7643    i.pow               m_ws.l(pow.o)
    0x0800ad24   0x0800ad24   0x000000cc   Code   RO         6391    i.prvAddCurrentTaskToDelayedList  tasks.o
    0x0800adf0   0x0800adf0   0x000000ec   Code   RO         6392    i.prvAddNewTaskToReadyList  tasks.o
    0x0800aedc   0x0800aedc   0x00000064   Code   RO         6816    i.prvCheckForValidListAndQueue  timers.o
    0x0800af40   0x0800af40   0x00000048   Code   RO         6393    i.prvCheckTasksWaitingTermination  tasks.o
    0x0800af88   0x0800af88   0x0000002a   Code   RO         5964    i.prvCopyDataFromQueue  queue.o
    0x0800afb2   0x0800afb2   0x0000007e   Code   RO         5965    i.prvCopyDataToQueue  queue.o
    0x0800b030   0x0800b030   0x00000012   Code   RO         6394    i.prvDeleteTCB      tasks.o
    0x0800b042   0x0800b042   0x00000002   PAD
    0x0800b044   0x0800b044   0x00000028   Code   RO         6817    i.prvGetNextExpireTime  timers.o
    0x0800b06c   0x0800b06c   0x0000007c   Code   RO         6990    i.prvHeapInit       heap_4.o
    0x0800b0e8   0x0800b0e8   0x00000028   Code   RO         6395    i.prvIdleTask       tasks.o
    0x0800b110   0x0800b110   0x0000002e   Code   RO         5968    i.prvInitialiseNewQueue  queue.o
    0x0800b13e   0x0800b13e   0x00000002   PAD
    0x0800b140   0x0800b140   0x00000104   Code   RO         6396    i.prvInitialiseNewTask  tasks.o
    0x0800b244   0x0800b244   0x00000084   Code   RO         6818    i.prvInitialiseNewTimer  timers.o
    0x0800b2c8   0x0800b2c8   0x00000068   Code   RO         6397    i.prvInitialiseTaskLists  tasks.o
    0x0800b330   0x0800b330   0x00000068   Code   RO         6991    i.prvInsertBlockIntoFreeList  heap_4.o
    0x0800b398   0x0800b398   0x00000058   Code   RO         6819    i.prvInsertTimerInActiveList  timers.o
    0x0800b3f0   0x0800b3f0   0x0000001a   Code   RO         5969    i.prvIsQueueEmpty   queue.o
    0x0800b40a   0x0800b40a   0x0000001e   Code   RO         5970    i.prvIsQueueFull    queue.o
    0x0800b428   0x0800b428   0x000000c4   Code   RO         5971    i.prvNotifyQueueSetContainer  queue.o
    0x0800b4ec   0x0800b4ec   0x00000044   Code   RO         6820    i.prvProcessExpiredTimer  timers.o
    0x0800b530   0x0800b530   0x0000016c   Code   RO         6821    i.prvProcessReceivedCommands  timers.o
    0x0800b69c   0x0800b69c   0x00000074   Code   RO         6822    i.prvProcessTimerOrBlockTask  timers.o
    0x0800b710   0x0800b710   0x00000028   Code   RO         6823    i.prvReloadTimer    timers.o
    0x0800b738   0x0800b738   0x00000030   Code   RO         6399    i.prvResetNextTaskUnblockTime  tasks.o
    0x0800b768   0x0800b768   0x0000002c   Code   RO         6824    i.prvSampleTimeNow  timers.o
    0x0800b794   0x0800b794   0x00000044   Code   RO         6825    i.prvSwitchTimerLists  timers.o
    0x0800b7d8   0x0800b7d8   0x0000007c   Code   RO         7058    i.prvTaskExitError  port.o
    0x0800b854   0x0800b854   0x0000001a   Code   RO         6826    i.prvTimerTask      timers.o
    0x0800b86e   0x0800b86e   0x00000090   Code   RO         5972    i.prvUnlockQueue    queue.o
    0x0800b8fe   0x0800b8fe   0x00000138   Code   RO         5453    i.put_fat           ff.o
    0x0800ba36   0x0800ba36   0x00000002   PAD
    0x0800ba38   0x0800ba38   0x00000194   Code   RO         6992    i.pvPortMalloc      heap_4.o
    0x0800bbcc   0x0800bbcc   0x00000024   Code   RO         7059    i.pxPortInitialiseStack  port.o
    0x0800bbf0   0x0800bbf0   0x00000030   Code   RO         7478    i.radar_app_run     radar_app_1.o
    0x0800bc20   0x0800bc20   0x0000000e   Code   RO          521    i.radar_app_task    freertos_app.o
    0x0800bc2e   0x0800bc2e   0x00000002   PAD
    0x0800bc30   0x0800bc30   0x00000080   Code   RO         7479    i.radar_distance_update  radar_app_1.o
    0x0800bcb0   0x0800bcb0   0x00000070   Code   RO         7480    i.radar_distance_waring  radar_app_1.o
    0x0800bd20   0x0800bd20   0x0000007c   Code   RO         5239    i.radar_init        radar.o
    0x0800bd9c   0x0800bd9c   0x00000014   Code   RO         5240    i.radar_off         radar.o
    0x0800bdb0   0x0800bdb0   0x00000014   Code   RO         5241    i.radar_on          radar.o
    0x0800bdc4   0x0800bdc4   0x0000009a   Code   RO         5454    i.remove_chain      ff.o
    0x0800be5e   0x0800be5e   0x00000002   PAD
    0x0800be60   0x0800be60   0x00000014   Code   RO          819    i.return_usart_receive_callback  usart.o
    0x0800be74   0x0800be74   0x000000ac   Code   RO         4643    i.rtc_date2sec      rtc.o
    0x0800bf20   0x0800bf20   0x00000124   Code   RO         4644    i.rtc_get_time      rtc.o
    0x0800c044   0x0800c044   0x00000050   Code   RO         4645    i.rtc_get_week      rtc.o
    0x0800c094   0x0800c094   0x000000bc   Code   RO         4646    i.rtc_init          rtc.o
    0x0800c150   0x0800c150   0x00000032   Code   RO         4647    i.rtc_is_leap_year  rtc.o
    0x0800c182   0x0800c182   0x00000002   PAD
    0x0800c184   0x0800c184   0x00000018   Code   RO         4648    i.rtc_read_bkr      rtc.o
    0x0800c19c   0x0800c19c   0x000000a8   Code   RO         4650    i.rtc_set_time      rtc.o
    0x0800c244   0x0800c244   0x0000001c   Code   RO         4651    i.rtc_write_bkr     rtc.o
    0x0800c260   0x0800c260   0x00000044   Code   RO         7283    i.run_log_run       run_log_app.o
    0x0800c2a4   0x0800c2a4   0x00000010   Code   RO          522    i.run_log_task      freertos_app.o
    0x0800c2b4   0x0800c2b4   0x0000007c   Code   RO         7285    i.scan_sd_card      run_log_app.o
    0x0800c330   0x0800c330   0x00000038   Code   RO         5166    i.sd_init           sdio_sdcard.o
    0x0800c368   0x0800c368   0x00000054   Code   RO         5167    i.sd_read_disk      sdio_sdcard.o
    0x0800c3bc   0x0800c3bc   0x00000058   Code   RO         5168    i.sd_write_disk     sdio_sdcard.o
    0x0800c414   0x0800c414   0x0000004c   Code   RO         7773    i.sqrt              m_ws.l(sqrt.o)
    0x0800c460   0x0800c460   0x0000000c   Code   RO         5455    i.st_16             ff.o
    0x0800c46c   0x0800c46c   0x00000018   Code   RO         5456    i.st_32             ff.o
    0x0800c484   0x0800c484   0x00000024   Code   RO         5457    i.st_clust          ff.o
    0x0800c4a8   0x0800c4a8   0x000001e0   Code   RO          523    i.start_task        freertos_app.o
    0x0800c688   0x0800c688   0x00000090   Code   RO         5458    i.sync_fs           ff.o
    0x0800c718   0x0800c718   0x0000004a   Code   RO         5459    i.sync_window       ff.o
    0x0800c762   0x0800c762   0x00000056   Code   RO          744    i.sys_stm32_clock_init  sys.o
    0x0800c7b8   0x0800c7b8   0x0000001c   Code   RO          820    i.usart_check_sum   usart.o
    0x0800c7d4   0x0800c7d4   0x00000038   Code   RO          821    i.usart_init        usart.o
    0x0800c80c   0x0800c80c   0x0000008c   Code   RO          822    i.usart_receive_complete  usart.o
    0x0800c898   0x0800c898   0x00000028   Code   RO         5915    i.uxListRemove      list.o
    0x0800c8c0   0x0800c8c0   0x0000005c   Code   RO         5977    i.uxQueueSpacesAvailable  queue.o
    0x0800c91c   0x0800c91c   0x0000001a   Code   RO         5916    i.vListInitialise   list.o
    0x0800c936   0x0800c936   0x00000006   Code   RO         5917    i.vListInitialiseItem  list.o
    0x0800c93c   0x0800c93c   0x00000034   Code   RO         5918    i.vListInsert       list.o
    0x0800c970   0x0800c970   0x00000018   Code   RO         5919    i.vListInsertEnd    list.o
    0x0800c988   0x0800c988   0x00000094   Code   RO         7061    i.vPortEnterCritical  port.o
    0x0800ca1c   0x0800ca1c   0x0000007c   Code   RO         7062    i.vPortExitCritical  port.o
    0x0800ca98   0x0800ca98   0x000000d8   Code   RO         6993    i.vPortFree         heap_4.o
    0x0800cb70   0x0800cb70   0x0000002c   Code   RO         7063    i.vPortSetupTimerInterrupt  port.o
    0x0800cb9c   0x0800cb9c   0x000000ac   Code   RO         7064    i.vPortValidateInterruptPriority  port.o
    0x0800cc48   0x0800cc48   0x0000008c   Code   RO         5978    i.vQueueAddToRegistry  queue.o
    0x0800ccd4   0x0800ccd4   0x0000004a   Code   RO         5982    i.vQueueWaitForMessageRestricted  queue.o
    0x0800cd1e   0x0800cd1e   0x00000002   PAD
    0x0800cd20   0x0800cd20   0x00000084   Code   RO         6414    i.vTaskDelay        tasks.o
    0x0800cda4   0x0800cda4   0x00000124   Code   RO         6415    i.vTaskDelete       tasks.o
    0x0800cec8   0x0800cec8   0x00000018   Code   RO         6419    i.vTaskInternalSetTimeOutState  tasks.o
    0x0800cee0   0x0800cee0   0x0000000c   Code   RO         6421    i.vTaskMissedYield  tasks.o
    0x0800ceec   0x0800ceec   0x00000064   Code   RO         6422    i.vTaskPlaceOnEventList  tasks.o
    0x0800cf50   0x0800cf50   0x0000008c   Code   RO         6423    i.vTaskPlaceOnEventListRestricted  tasks.o
    0x0800cfdc   0x0800cfdc   0x000000c4   Code   RO         6431    i.vTaskStartScheduler  tasks.o
    0x0800d0a0   0x0800d0a0   0x00000010   Code   RO         6433    i.vTaskSuspendAll   tasks.o
    0x0800d0b0   0x0800d0b0   0x000000b8   Code   RO         6434    i.vTaskSwitchContext  tasks.o
    0x0800d168   0x0800d168   0x0000003c   Code   RO         5460    i.validate          ff.o
    0x0800d1a4   0x0800d1a4   0x0000000e   Code   RO         7421    i.waring_sound_high  waring_sound_app.o
    0x0800d1b2   0x0800d1b2   0x00000018   Code   RO         7422    i.waring_sound_medium  waring_sound_app.o
    0x0800d1ca   0x0800d1ca   0x00000018   Code   RO         7423    i.waring_sound_normal  waring_sound_app.o
    0x0800d1e2   0x0800d1e2   0x00000008   Code   RO         7424    i.waring_sound_off  waring_sound_app.o
    0x0800d1ea   0x0800d1ea   0x00000008   Code   RO         7425    i.waring_sound_on   waring_sound_app.o
    0x0800d1f2   0x0800d1f2   0x00000002   PAD
    0x0800d1f4   0x0800d1f4   0x0000003c   Code   RO         7426    i.waring_sound_run  waring_sound_app.o
    0x0800d230   0x0800d230   0x0000000e   Code   RO          524    i.waring_sound_task  freertos_app.o
    0x0800d23e   0x0800d23e   0x00000002   PAD
    0x0800d240   0x0800d240   0x0000014c   Code   RO         7065    i.xPortStartScheduler  port.o
    0x0800d38c   0x0800d38c   0x00000034   Code   RO         7066    i.xPortSysTickHandler  port.o
    0x0800d3c0   0x0800d3c0   0x00000090   Code   RO         5987    i.xQueueGenericCreate  queue.o
    0x0800d450   0x0800d450   0x000000fc   Code   RO         5988    i.xQueueGenericReset  queue.o
    0x0800d54c   0x0800d54c   0x000001e4   Code   RO         5989    i.xQueueGenericSend  queue.o
    0x0800d730   0x0800d730   0x00000144   Code   RO         5990    i.xQueueGenericSendFromISR  queue.o
    0x0800d874   0x0800d874   0x00000180   Code   RO         5997    i.xQueueReceive     queue.o
    0x0800d9f4   0x0800d9f4   0x000000cc   Code   RO         6437    i.xTaskCheckForTimeOut  tasks.o
    0x0800dac0   0x0800dac0   0x00000060   Code   RO         6438    i.xTaskCreate       tasks.o
    0x0800db20   0x0800db20   0x00000020   Code   RO         6447    i.xTaskGetSchedulerState  tasks.o
    0x0800db40   0x0800db40   0x0000000c   Code   RO         6448    i.xTaskGetTickCount  tasks.o
    0x0800db4c   0x0800db4c   0x000001e8   Code   RO         6450    i.xTaskIncrementTick  tasks.o
    0x0800dd34   0x0800dd34   0x00000110   Code   RO         6451    i.xTaskPriorityDisinherit  tasks.o
    0x0800de44   0x0800de44   0x0000014c   Code   RO         6453    i.xTaskRemoveFromEventList  tasks.o
    0x0800df90   0x0800df90   0x000001a0   Code   RO         6454    i.xTaskResumeAll    tasks.o
    0x0800e130   0x0800e130   0x00000036   Code   RO         6833    i.xTimerCreate      timers.o
    0x0800e166   0x0800e166   0x00000002   PAD
    0x0800e168   0x0800e168   0x00000080   Code   RO         6834    i.xTimerCreateTimerTask  timers.o
    0x0800e1e8   0x0800e1e8   0x000000b0   Code   RO         6835    i.xTimerGenericCommand  timers.o
    0x0800e298   0x0800e298   0x0000002c   Code   RO         7850    locale$$code        c_w.l(lc_numeric_c.o)
    0x0800e2c4   0x0800e2c4   0x0000002c   Code   RO         7933    locale$$code        c_w.l(lc_ctype_c.o)
    0x0800e2f0   0x0800e2f0   0x00000062   Code   RO         7592    x$fpl$d2f           fz_ws.l(d2f.o)
    0x0800e352   0x0800e352   0x00000002   PAD
    0x0800e354   0x0800e354   0x00000150   Code   RO         7594    x$fpl$dadd          fz_ws.l(daddsub_clz.o)
    0x0800e4a4   0x0800e4a4   0x00000010   Code   RO         7852    x$fpl$dcheck1       fz_ws.l(dcheck1.o)
    0x0800e4b4   0x0800e4b4   0x00000018   Code   RO         7924    x$fpl$dcmpinf       fz_ws.l(dcmpi.o)
    0x0800e4cc   0x0800e4cc   0x000002b0   Code   RO         7601    x$fpl$ddiv          fz_ws.l(ddiv.o)
    0x0800e77c   0x0800e77c   0x0000002e   Code   RO         7609    x$fpl$dflt          fz_ws.l(dflt_clz.o)
    0x0800e7aa   0x0800e7aa   0x00000026   Code   RO         7608    x$fpl$dfltu         fz_ws.l(dflt_clz.o)
    0x0800e7d0   0x0800e7d0   0x00000078   Code   RO         7854    x$fpl$dleqf         fz_ws.l(dleqf.o)
    0x0800e848   0x0800e848   0x00000154   Code   RO         7614    x$fpl$dmul          fz_ws.l(dmul.o)
    0x0800e99c   0x0800e99c   0x0000009c   Code   RO         7732    x$fpl$dnaninf       fz_ws.l(dnaninf.o)
    0x0800ea38   0x0800ea38   0x0000000c   Code   RO         7734    x$fpl$dretinf       fz_ws.l(dretinf.o)
    0x0800ea44   0x0800ea44   0x0000006c   Code   RO         7736    x$fpl$drleqf        fz_ws.l(drleqf.o)
    0x0800eab0   0x0800eab0   0x00000016   Code   RO         7595    x$fpl$drsb          fz_ws.l(daddsub_clz.o)
    0x0800eac6   0x0800eac6   0x00000002   PAD
    0x0800eac8   0x0800eac8   0x000001cc   Code   RO         7856    x$fpl$dsqrt         fz_ws.l(dsqrt_noumaal.o)
    0x0800ec94   0x0800ec94   0x000001d4   Code   RO         7596    x$fpl$dsub          fz_ws.l(daddsub_clz.o)
    0x0800ee68   0x0800ee68   0x00000056   Code   RO         7616    x$fpl$f2d           fz_ws.l(f2d.o)
    0x0800eebe   0x0800eebe   0x00000002   PAD
    0x0800eec0   0x0800eec0   0x000000c4   Code   RO         7618    x$fpl$fadd          fz_ws.l(faddsub_clz.o)
    0x0800ef84   0x0800ef84   0x00000018   Code   RO         7738    x$fpl$fcmpinf       fz_ws.l(fcmpi.o)
    0x0800ef9c   0x0800ef9c   0x00000184   Code   RO         7625    x$fpl$fdiv          fz_ws.l(fdiv.o)
    0x0800f120   0x0800f120   0x00000068   Code   RO         7628    x$fpl$feqf          fz_ws.l(feqf.o)
    0x0800f188   0x0800f188   0x00000026   Code   RO         7630    x$fpl$ffltu         fz_ws.l(fflt_clz.o)
    0x0800f1ae   0x0800f1ae   0x00000002   PAD
    0x0800f1b0   0x0800f1b0   0x00000068   Code   RO         7636    x$fpl$fleqf         fz_ws.l(fleqf.o)
    0x0800f218   0x0800f218   0x00000102   Code   RO         7638    x$fpl$fmul          fz_ws.l(fmul.o)
    0x0800f31a   0x0800f31a   0x0000008c   Code   RO         7740    x$fpl$fnaninf       fz_ws.l(fnaninf.o)
    0x0800f3a6   0x0800f3a6   0x0000000a   Code   RO         7742    x$fpl$fretinf       fz_ws.l(fretinf.o)
    0x0800f3b0   0x0800f3b0   0x000000ea   Code   RO         7620    x$fpl$fsub          fz_ws.l(faddsub_clz.o)
    0x0800f49a   0x0800f49a   0x00000004   Code   RO         7640    x$fpl$printf1       fz_ws.l(printf1.o)
    0x0800f49e   0x0800f49e   0x00000004   Code   RO         7744    x$fpl$printf2       fz_ws.l(printf2.o)
    0x0800f4a2   0x0800f4a2   0x00000064   Code   RO         7926    x$fpl$retnan        fz_ws.l(retnan.o)
    0x0800f506   0x0800f506   0x0000005c   Code   RO         7750    x$fpl$scalbn        fz_ws.l(scalbn.o)
    0x0800f562   0x0800f562   0x00000030   Code   RO         7943    x$fpl$trapveneer    fz_ws.l(trapv.o)
    0x0800f592   0x0800f592   0x00000000   Code   RO         7752    x$fpl$usenofp       fz_ws.l(usenofp.o)
    0x0800f592   0x0800f592   0x00000018   Data   RO          293    .constdata          system_stm32f1xx.o
    0x0800f5aa   0x0800f5aa   0x000017c0   Data   RO         4801    .constdata          lcd.o
    0x08010d6a   0x08010d6a   0x00000002   PAD
    0x08010d6c   0x08010d6c   0x0000000c   Data   RO         5285    .constdata          malloc.o
    0x08010d78   0x08010d78   0x0000000a   Data   RO         5461    .constdata          ff.o
    0x08010d82   0x08010d82   0x00000011   Data   RO         7557    .constdata          c_w.l(__printf_flags_ss_wp.o)
    0x08010d93   0x08010d93   0x00000005   PAD
    0x08010d98   0x08010d98   0x00000088   Data   RO         7644    .constdata          m_ws.l(pow.o)
    0x08010e20   0x08010e20   0x00000008   Data   RO         7682    .constdata          c_w.l(_printf_wctomb.o)
    0x08010e28   0x08010e28   0x00000028   Data   RO         7711    .constdata          c_w.l(_printf_hex_int_ll_ptr.o)
    0x08010e50   0x08010e50   0x00000008   Data   RO         7771    .constdata          m_ws.l(qnan.o)
    0x08010e58   0x08010e58   0x00000026   Data   RO         7810    .constdata          c_w.l(_printf_fp_hex.o)
    0x08010e7e   0x08010e7e   0x00000002   PAD
    0x08010e80   0x08010e80   0x00000094   Data   RO         7819    .constdata          c_w.l(bigflt0.o)
    0x08010f14   0x08010f14   0x000000a1   Data   RO         5170    .conststring        sdio_sdcard.o
    0x08010fb5   0x08010fb5   0x00000003   PAD
    0x08010fb8   0x08010fb8   0x00000020   Data   RO         8008    Region$$Table       anon$$obj.o
    0x08010fd8   0x08010fd8   0x0000001c   Data   RO         7849    locale$$data        c_w.l(lc_numeric_c.o)
    0x08010ff4   0x08010ff4   0x00000110   Data   RO         7932    locale$$data        c_w.l(lc_ctype_c.o)


    Execution Region RW_IRAM1 (Exec base: 0x20000000, Load base: 0x08011104, Size: 0x0000c710, Max: 0x00010000, ABSOLUTE)

    Exec Addr    Load Addr    Size         Type   Attr      Idx    E Section Name        Object

    0x20000000   0x08011104   0x00000004   Data   RW          294    .data               system_stm32f1xx.o
    0x20000004   0x08011108   0x00000030   Data   RW          525    .data               freertos_app.o
    0x20000034   0x08011138   0x00000002   Data   RW          692    .data               delay.o
    0x20000036   0x0801113a   0x00000002   PAD
    0x20000038   0x0801113c   0x00000008   Data   RW          824    .data               usart.o
    0x20000040   0x08011144   0x00000009   Data   RW          940    .data               stm32f1xx_hal.o
    0x20000049   0x0801114d   0x00000001   PAD
    0x2000004a   0x0801114e   0x00000002   Data   RW         4653    .data               rtc.o
    0x2000004c   0x08011150   0x00000008   Data   RW         4802    .data               lcd.o
    0x20000054   0x08011158   0x00000001   Data   RW         5001    .data               key.o
    0x20000055   0x08011159   0x00000001   Data   RW         5034    .data               btim.o
    0x20000056   0x0801115a   0x00000002   PAD
    0x20000058   0x0801115c   0x00000014   Data   RW         5286    .data               malloc.o
    0x2000006c   0x08011170   0x00000006   Data   RW         5462    .data               ff.o
    0x20000072   0x08011176   0x00000002   PAD
    0x20000074   0x08011178   0x00000004   Data   RW         5706    .data               exfuns.o
    0x20000078   0x0801117c   0x00000040   Data   RW         6457    .data               tasks.o
    0x200000b8   0x080111bc   0x00000014   Data   RW         6843    .data               timers.o
    0x200000cc   0x080111d0   0x00000020   Data   RW         6999    .data               heap_4.o
    0x200000ec   0x080111f0   0x0000000c   Data   RW         7067    .data               port.o
    0x200000f8   0x080111fc   0x00000001   Data   RW         7149    .data               led_app.o
    0x200000f9   0x080111fd   0x00000003   PAD
    0x200000fc   0x08011200   0x0000000c   Data   RW         7215    .data               debug_app.o
    0x20000108   0x0801120c   0x00000008   Data   RW         7286    .data               run_log_app.o
    0x20000110   0x08011214   0x00000001   Data   RW         7358    .data               key_app.o
    0x20000111   0x08011215   0x00000001   Data   RW         7386    .data               date_read_app.o
    0x20000112   0x08011216   0x00000001   Data   RW         7427    .data               waring_sound_app.o
    0x20000113   0x08011217   0x00000001   PAD
    0x20000114   0x08011218   0x0000000a   Data   RW         7481    .data               radar_app_1.o
    0x2000011e   0x08011222   0x00000002   PAD
    0x20000120        -       0x00000506   Zero   RW          823    .bss                usart.o
    0x20000626   0x08011222   0x00000002   PAD
    0x20000628        -       0x0000001e   Zero   RW         4652    .bss                rtc.o
    0x20000646   0x08011222   0x00000002   PAD
    0x20000648        -       0x00000056   Zero   RW         4800    .bss                lcd.o
    0x2000069e   0x08011222   0x00000002   PAD
    0x200006a0        -       0x00000048   Zero   RW         5033    .bss                btim.o
    0x200006e8        -       0x00000088   Zero   RW         5075    .bss                dma.o
    0x20000770        -       0x00000030   Zero   RW         5121    .bss                lsens.o
    0x200007a0        -       0x000000a4   Zero   RW         5169    .bss                sdio_sdcard.o
    0x20000844   0x08011222   0x0000003c   PAD
    0x20000880        -       0x00006600   Zero   RW         5284    .bss                malloc.o
    0x20006e80        -       0x00000040   Zero   RW         6004    .bss                queue.o
    0x20006ec0        -       0x000001a4   Zero   RW         6456    .bss                tasks.o
    0x20007064        -       0x00000028   Zero   RW         6842    .bss                timers.o
    0x2000708c        -       0x00005000   Zero   RW         6998    .bss                heap_4.o
    0x2000c08c   0x08011222   0x00000004   PAD
    0x2000c090        -       0x00000010   Zero   RW         7251    .bss                lsens_app.o
    0x2000c0a0        -       0x0000000a   Zero   RW         7385    .bss                date_read_app.o
    0x2000c0aa   0x08011222   0x00000002   PAD
    0x2000c0ac        -       0x00000060   Zero   RW         7861    .bss                c_w.l(libspace.o)
    0x2000c10c   0x08011222   0x00000004   PAD
    0x2000c110        -       0x00000200   Zero   RW            2    HEAP                startup_stm32f103xe.o
    0x2000c310        -       0x00000400   Zero   RW            1    STACK               startup_stm32f103xe.o


==============================================================================

Image component sizes


      Code (inc. data)   RO Data    RW Data    ZI Data      Debug   Object Name

       128         20          0          0          0       1713   beep.o
       224         40          0          1         72       2364   btim.o
       108         44          0          1         10       1222   date_read_app.o
        76         18          0         12          0       1272   debug_app.o
       196         10          0          2          0       2369   delay.o
       418          4          0          0          0       7808   diskio.o
       188         30          0          0        136       2205   dma.o
         0          0          0          0          0      12132   event_groups.o
        64          4          0          4          0       1501   exfuns.o
      5928         84         10          6          0      43663   ff.o
       746        280          0         48          0      31521   freertos_app.o
       352         74          0          0          0        642   gui_app.o
       848        218          0         32      20480       4039   heap_4.o
       344         24          0          1          0       1614   key.o
        36          6          0          1          0        666   key_app.o
      7738        158       6080          8         86      19029   lcd.o
       240         32          0          0          0       1882   led.o
       148         20          0          1          0       2107   led_app.o
       148          0          0          0          0       3206   list.o
       436         48          0          0         48       2512   lsens.o
       180         26          0          0         16       1258   lsens_app.o
        92          4          0          0          0     556371   main.o
       340         36         12         20      26112       4570   malloc.o
        68          0          0          0          0       1529   pc_cmd_app.o
      1182        440          0         12          0      10245   port.o
      2504        442          0          0         64      16235   queue.o
       164         18          0          0          0       1784   radar.o
       288         58          0         10          0       2000   radar_app_1.o
      1306        118          0          2         30       7654   rtc.o
       656        380          0          8          0       2713   run_log_app.o
       632         46        161          0        164       4743   sdio_sdcard.o
        64         26        304          0       1536        920   startup_stm32f103xe.o
       194         36          0          9          0       6891   stm32f1xx_hal.o
      1664         64          0          0          0       7473   stm32f1xx_hal_adc.o
       260          4          0          0          0       1438   stm32f1xx_hal_adc_ex.o
       344         22          0          0          0      29945   stm32f1xx_hal_cortex.o
      1684         28          0          0          0       4582   stm32f1xx_hal_dma.o
       880         40          0          0          0       3912   stm32f1xx_hal_gpio.o
        12          4          0          0          0        503   stm32f1xx_hal_pwr.o
      1784        110          0          0          0       5952   stm32f1xx_hal_rcc.o
       612         46          0          0          0       2401   stm32f1xx_hal_rcc_ex.o
       388          6          0          0          0       3248   stm32f1xx_hal_rtc.o
        48         10          0          0          0       1747   stm32f1xx_hal_rtc_ex.o
      2494         26          0          0          0       9003   stm32f1xx_hal_sd.o
       102          0          0          0          0       1184   stm32f1xx_hal_sram.o
       818         44          0          0          0       6066   stm32f1xx_hal_tim.o
         4          0          0          0          0       1493   stm32f1xx_hal_tim_ex.o
      1486         24          0          0          0      10679   stm32f1xx_hal_uart.o
        20          0          0          0          0       2509   stm32f1xx_it.o
       254         10          0          0          0       3791   stm32f1xx_ll_fsmc.o
      1998         46          0          0          0      21600   stm32f1xx_ll_sdmmc.o
        86          0          0          0          0        703   sys.o
         2          0         24          4          0       1303   system_stm32f1xx.o
      3930       1024          0         64        420      32842   tasks.o
      1444        326          0         20         40      13402   timers.o
       620         90          0          8       1286       8980   usart.o
       138         10          0          1          0       3285   waring_sound_app.o

    ----------------------------------------------------------------------
     47172       4678       6628        288      50572     938421   Object Totals
         0          0         32          0          0          0   (incl. Generated)
        64          0          5         13         72          0   (incl. Padding)

    ----------------------------------------------------------------------

      Code (inc. data)   RO Data    RW Data    ZI Data      Debug   Library Member Name

        24          4          0          0          0         84   __2printf.o
        44          6          0          0          0         84   __2sprintf.o
         8          0          0          0          0         68   __main.o
       392          4         17          0          0         92   __printf_flags_ss_wp.o
        14          0          0          0          0         68   __printf_wp.o
         0          0          0          0          0          0   __rtentry.o
        12          0          0          0          0          0   __rtentry2.o
         6          0          0          0          0          0   __rtentry4.o
        52          8          0          0          0          0   __scatter.o
        26          0          0          0          0          0   __scatter_copy.o
        28          0          0          0          0          0   __scatter_zi.o
         6          0          0          0          0          0   _printf_a.o
         6          0          0          0          0          0   _printf_c.o
        44          0          0          0          0        108   _printf_char.o
        48          6          0          0          0         96   _printf_char_common.o
        36          4          0          0          0         80   _printf_char_file.o
        40          0          0          0          0         68   _printf_charcount.o
         6          0          0          0          0          0   _printf_d.o
       120         16          0          0          0         92   _printf_dec.o
         6          0          0          0          0          0   _printf_e.o
         6          0          0          0          0          0   _printf_f.o
      1054          0          0          0          0        216   _printf_fp_dec.o
       764          8         38          0          0        100   _printf_fp_hex.o
       128         16          0          0          0         84   _printf_fp_infnan.o
         6          0          0          0          0          0   _printf_g.o
       148          4         40          0          0        160   _printf_hex_int_ll_ptr.o
         6          0          0          0          0          0   _printf_i.o
       178          0          0          0          0         88   _printf_intcommon.o
        10          0          0          0          0          0   _printf_l.o
         6          0          0          0          0          0   _printf_lc.o
        10          0          0          0          0          0   _printf_ll.o
         6          0          0          0          0          0   _printf_lld.o
         6          0          0          0          0          0   _printf_lli.o
         6          0          0          0          0          0   _printf_llo.o
         6          0          0          0          0          0   _printf_llu.o
         6          0          0          0          0          0   _printf_llx.o
       124         16          0          0          0         92   _printf_longlong_dec.o
         6          0          0          0          0          0   _printf_ls.o
         6          0          0          0          0          0   _printf_n.o
         6          0          0          0          0          0   _printf_o.o
       112         10          0          0          0        124   _printf_oct_int_ll.o
         6          0          0          0          0          0   _printf_p.o
        78          0          0          0          0        108   _printf_pad.o
         0          0          0          0          0          0   _printf_percent.o
         4          0          0          0          0          0   _printf_percent_end.o
         6          0          0          0          0          0   _printf_s.o
        82          0          0          0          0         80   _printf_str.o
        36          0          0          0          0         84   _printf_truncate.o
         6          0          0          0          0          0   _printf_u.o
        44          0          0          0          0        108   _printf_wchar.o
       188          6          8          0          0         92   _printf_wctomb.o
         6          0          0          0          0          0   _printf_x.o
        22          0          0          0          0        100   _rserrno.o
        16          0          0          0          0         68   _snputc.o
        10          0          0          0          0         68   _sputc.o
        64          0          0          0          0         92   _wcrtomb.o
        16          0          0          0          0         68   aeabi_memset.o
       228          4        148          0          0         96   bigflt0.o
      1936        128          0          0          0        672   btod.o
        18          0          0          0          0         80   exit.o
         8          0          0          0          0         68   ferror.o
         6          0          0          0          0        152   heapauxi.o
        44         10        272          0          0         76   lc_ctype_c.o
        44         10         28          0          0         76   lc_numeric_c.o
         2          0          0          0          0          0   libinit.o
        30          0          0          0          0          0   libinit2.o
         2          0          0          0          0          0   libshutdown.o
         2          0          0          0          0          0   libshutdown2.o
         8          4          0          0         96         68   libspace.o
        72          0          0          0          0         76   llsdiv.o
       138          0          0          0          0         80   lludiv10.o
       238          0          0          0          0        100   lludivv7m.o
        88          0          0          0          0         76   memcmp.o
        16          4          0          0          0         76   rt_ctype_table.o
         8          4          0          0          0         68   rt_errno_addr_intlibspace.o
         8          4          0          0          0         68   rt_locale_intlibspace.o
        68          0          0          0          0         68   rt_memclr.o
        78          0          0          0          0         80   rt_memclr_w.o
       138          0          0          0          0         68   rt_memcpy_v6.o
       100          0          0          0          0         80   rt_memcpy_w.o
         2          0          0          0          0          0   rtexit.o
        10          0          0          0          0          0   rtexit2.o
        20          0          0          0          0         68   strchr.o
       128          0          0          0          0         68   strcmpv7m.o
        62          0          0          0          0         76   strlen.o
        74          0          0          0          0         80   sys_stackheap_outer.o
         2          0          0          0          0         68   use_no_semi.o
         2          0          0          0          0         68   use_no_semi_2.o
        52          4          0          0          0         80   vsnprintf.o
        98          4          0          0          0         92   d2f.o
       826         16          0          0          0        348   daddsub_clz.o
        16          4          0          0          0         68   dcheck1.o
        24          0          0          0          0         68   dcmpi.o
       688        140          0          0          0        208   ddiv.o
        84          0          0          0          0        136   dflt_clz.o
       120          4          0          0          0         92   dleqf.o
       340         12          0          0          0        104   dmul.o
       156          4          0          0          0         92   dnaninf.o
        12          0          0          0          0         68   dretinf.o
       108          0          0          0          0         80   drleqf.o
       460         56          0          0          0        120   dsqrt_noumaal.o
        86          4          0          0          0         84   f2d.o
       430          8          0          0          0        168   faddsub_clz.o
        24          0          0          0          0         68   fcmpi.o
       388         76          0          0          0         96   fdiv.o
       104          4          0          0          0         84   feqf.o
        38          0          0          0          0         68   fflt_clz.o
       104          4          0          0          0         84   fleqf.o
       258          4          0          0          0         84   fmul.o
       140          4          0          0          0         84   fnaninf.o
        10          0          0          0          0         68   fretinf.o
         4          0          0          0          0         68   printf1.o
         4          0          0          0          0         68   printf2.o
       100          0          0          0          0         68   retnan.o
        92          0          0          0          0         68   scalbn.o
        48          0          0          0          0         68   trapv.o
         0          0          0          0          0          0   usenofp.o
        62         10          0          0          0        340   dunder.o
        40          0          0          0          0         68   fpclassify.o
       170          0          0          0          0         96   poly.o
      2520        190        136          0          0        324   pow.o
         0          0          8          0          0          0   qnan.o
        76          0          0          0          0         84   sqrt.o

    ----------------------------------------------------------------------
     15390        824        702          0        100       8824   Library Totals
        26          0          7          0          4          0   (incl. Padding)

    ----------------------------------------------------------------------

      Code (inc. data)   RO Data    RW Data    ZI Data      Debug   Library Name

      7734        280        551          0         96       5208   c_w.l
      4762        344          0          0          0       2704   fz_ws.l
      2868        200        144          0          0        912   m_ws.l

    ----------------------------------------------------------------------
     15390        824        702          0        100       8824   Library Totals

    ----------------------------------------------------------------------

==============================================================================


      Code (inc. data)   RO Data    RW Data    ZI Data      Debug   

     62562       5502       7330        288      50672     924205   Grand Totals
     62562       5502       7330        288      50672     924205   ELF Image Totals
     62562       5502       7330        288          0          0   ROM Totals

==============================================================================

    Total RO  Size (Code + RO Data)                69892 (  68.25kB)
    Total RW  Size (RW Data + ZI Data)             50960 (  49.77kB)
    Total ROM Size (Code + RO Data + RW Data)      70180 (  68.54kB)

==============================================================================

