<html>
<body>
<pre>
<h1>µVision Build Log</h1>
<h2>Tool Versions:</h2>
IDE-Version: ¦ÌVision V5.37.0.0
Copyright (C) 2022 ARM Ltd and ARM Germany GmbH. All rights reserved.
License Information: 111111 18895391769@163.com, 111111, LIC=Q7GU5-GVV4P-VJ26J-UC5PI-ZMP3H-XN980
 
Tool Versions:
Toolchain:       MDK-ARM Professional  Version: 5.37.0.0
Toolchain Path:  D:\KEIL5\ARM\ARM_Compiler_5.06u7\Bin
C Compiler:      Armcc.exe V5.06 update 7 (build 960)
Assembler:       Armasm.exe V5.06 update 7 (build 960)
Linker/Locator:  ArmLink.exe V5.06 update 7 (build 960)
Library Manager: ArmAr.exe V5.06 update 7 (build 960)
Hex Converter:   FromElf.exe V5.06 update 7 (build 960)
CPU DLL:         SARMCM3.DLL V5.37.0.0
Dialog DLL:      DCM.DLL V1.17.5.0
Target DLL:      Segger\JL2CM3.dll V2.99.42.0
Dialog DLL:      TCM.DLL V1.56.1.0
 
<h2>Project:</h2>
E:\STM32F103_Creat\stm32f103\Projects\MDK-ARM\stm32F103.uvprojx
Project File Date:  05/17/2026

<h2>Output:</h2>
*** Using Compiler 'V5.06 update 7 (build 960)', folder: 'D:\KEIL5\ARM\ARM_Compiler_5.06u7\Bin'
Build target 'FreeRTOS'
Note: source file '..\..\Middlewares\FreeRTOS_App\radar_app.c' - object file renamed from '.\output\radar_app.o' to '.\output\radar_app_1.o'.
compiling radar_app.c...
..\..\Middlewares\FreeRTOS_App\radar_app.c(15): warning:  #177-D: variable "radar_timer_count_OLD"  was declared but never referenced
  static uint16_t radar_timer_count_OLD = 0; /* ä¸Šä¸€æ¬¡é›·è¾¾å®šæ—¶å™¨è®¡æ•°å˜é‡çš„å€¼ï¼Œç”¨äºè®¡ç®—è·ç¦»å˜åŒ– */
..\..\Middlewares\FreeRTOS_App\radar_app.c: 1 warning, 0 errors
linking...
Program Size: Code=62562 RO-data=7330 RW-data=288 ZI-data=50672  
FromELF: creating hex file...
After Build - User command #1: E:\STM32F103_Creat\stm32f103\keil5_disp_size_bar.exe
ram:
  RW_IRAM1 :0x20000000
   64.00 KB :|¡ö¡ö¡ö¡ö¡ö¡ö¡ö¡ö¡ö¡ö¡ö¡ö¡ö¡ö¡ö_____|   77.76 % (   49.77 KB /    64.00 KB) [14576 B]
flash:
  ER_IROM1 :0x8000000
  512.00 KB :|¡ö¡ö__________________|   13.33 % (   68.25 KB /   512.00 KB) [454396 B]
".\output\atk_f103.axf" - 0 Error(s), 1 Warning(s).

<h2>Software Packages used:</h2>

Package Vendor: Keil
                https://www.keil.com/pack/Keil.STM32F1xx_DFP.2.4.1.pack
                Keil.STM32F1xx_DFP.2.4.1
                STMicroelectronics STM32F1 Series Device Support, Drivers and Examples

<h2>Collection of Component include folders:</h2>
  D:/KEIL5/Keil/STM32F1xx_DFP/2.4.1/Device/Include

<h2>Collection of Component Files used:</h2>
Build Time Elapsed:  00:00:01
</pre>
</body>
</html>
